<*GNU-Linker-generated-mapfile*>
generated for SCALEXIO platform
collect2 version 13.3.0
C:/Program Files/Common Files/dSPACE/CFD Compiler 24.1/target/x86_64-linux-gnu/bin/../lib/gcc/x86_64-linux-gnu/13.3.0/../../../../x86_64-linux-gnu/bin/ld.exe -plugin C:/Program Files/Common Files/dSPACE/CFD Compiler 24.1/target/x86_64-linux-gnu/bin/../libexec/gcc/x86_64-linux-gnu/13.3.0/liblto_plugin.dll -plugin-opt=C:/Program Files/Common Files/dSPACE/CFD Compiler 24.1/target/x86_64-linux-gnu/bin/../libexec/gcc/x86_64-linux-gnu/13.3.0/lto-wrapper.exe -plugin-opt=-fresolution=C:\Users\INCA\AppData\Local\Temp\cc8xBIbc.res -plugin-opt=-pass-through=-lgcc_s -plugin-opt=-pass-through=-lgcc -plugin-opt=-pass-through=-lc -plugin-opt=-pass-through=-lgcc_s -plugin-opt=-pass-through=-lgcc --sysroot=C:/Program Files/Common Files/dSPACE/CFD Compiler 24.1/target/x86_64-linux-gnu/bin/../../x86_64-linux-gnu --build-id --eh-frame-hdr -m elf_x86_64 -dynamic-linker /lib64/ld-linux-x86-64.so.2 -o C:/svn/branch/DELTA_branch/04_HiL_Development/dSPACE/ConfigurationDesk/2024b/1/Build/STLA_MECHANICAL/Compile/results/STLA_MECHANICAL.lkversion C:/Program Files/Common Files/dSPACE/CFD Compiler 24.1/target/x86_64-linux-gnu/bin/../../x86_64-linux-gnu/lib/crt1.o C:/Program Files/Common Files/dSPACE/CFD Compiler 24.1/target/x86_64-linux-gnu/bin/../../x86_64-linux-gnu/lib/crti.o C:/Program Files/Common Files/dSPACE/CFD Compiler 24.1/target/x86_64-linux-gnu/bin/../lib/gcc/x86_64-linux-gnu/13.3.0/crtbegin.o -LC:/Program Files/Common Files/dSPACE/CFD Compiler 24.1/target/x86_64-linux-gnu/bin/../lib/gcc/x86_64-linux-gnu/13.3.0 -LC:/Program Files/Common Files/dSPACE/CFD Compiler 24.1/target/x86_64-linux-gnu/bin/../lib/gcc -LC:/Program Files/Common Files/dSPACE/CFD Compiler 24.1/target/x86_64-linux-gnu/bin/../../x86_64-linux-gnu/lib/../lib64 -LC:/Program Files/Common Files/dSPACE/CFD Compiler 24.1/target/x86_64-linux-gnu/bin/../lib/gcc/x86_64-linux-gnu/13.3.0/../../../../x86_64-linux-gnu/lib -LC:/Program Files/Common Files/dSPACE/CFD Compiler 24.1/target/x86_64-linux-gnu/bin/../../x86_64-linux-gnu/lib -v --unresolved-symbols=ignore-all -lstdc++ -lm -lgcc_s -lgcc -lc -lgcc_s -lgcc C:/Program Files/Common Files/dSPACE/CFD Compiler 24.1/target/x86_64-linux-gnu/bin/../lib/gcc/x86_64-linux-gnu/13.3.0/crtend.o C:/Program Files/Common Files/dSPACE/CFD Compiler 24.1/target/x86_64-linux-gnu/bin/../../x86_64-linux-gnu/lib/crtn.o
GNU ld (GNU Binutils) 2.41
Archive member included to satisfy reference by file (symbol)

lib/STLA_MECHANICAL/libSTLA_MECHANICAL.a(STLA_MECHANICAL_dsrtmdlfcn.c.o)
                              CMakeFiles/STLA_MECHANICAL_2.dir/90b215248e0553bdb4ab1af7a16cd971/2024b/1/Build/STLA_MECHANICAL/SysIntCode/dssimengine_accesspoint.cpp.o (STLA_MECHANICAL_DSRTInitMdl)
lib/STLA_MECHANICAL/libSTLA_MECHANICAL.a(STLA_MECHANICAL_dsrttf.c.o)
                              CMakeFiles/STLA_MECHANICAL_2.dir/90b215248e0553bdb4ab1af7a16cd971/2024b/1/Build/STLA_MECHANICAL/SysIntCode/rtosal_task.cpp.o (STLA_MECHANICAL_DSRTMdlOutputs0)
lib/STLA_MECHANICAL/libSTLA_MECHANICAL.a(STLA_MECHANICAL.c.o)
                              lib/STLA_MECHANICAL/libSTLA_MECHANICAL.a(STLA_MECHANICAL_dsrttf.c.o) (STLA_MECHANICAL_output)
lib/STLA_MECHANICAL/libSTLA_MECHANICAL.a(STLA_MECHANICAL_data.c.o)
                              lib/STLA_MECHANICAL/libSTLA_MECHANICAL.a(STLA_MECHANICAL.c.o) (STLA_MECHANICAL_P)
lib/STLA_MECHANICAL/libSTLA_MECHANICAL.a(STLA_MECHANICAL_dsrtvdf.c.o)
                              lib/STLA_MECHANICAL/libSTLA_MECHANICAL.a(STLA_MECHANICAL.c.o) (STLA_MECHANICAL_rti_init_trc_pointers)
lib/STLA_MECHANICAL/libSTLA_MECHANICAL.a(rt_nonfinite.c.o)
                              lib/STLA_MECHANICAL/libSTLA_MECHANICAL.a(STLA_MECHANICAL.c.o) (rt_InitInfAndNaN)
lib/STLA_MECHANICAL/libSTLA_MECHANICAL.a(STLA_MECHANICAL_efe66881_1_gateway.c.o)
                              lib/STLA_MECHANICAL/libSTLA_MECHANICAL.a(STLA_MECHANICAL.c.o) (STLA_MECHANICAL_efe66881_1_gateway)
lib/STLA_MECHANICAL/libSTLA_MECHANICAL.a(rtGetInf.c.o)
                              lib/STLA_MECHANICAL/libSTLA_MECHANICAL.a(rt_nonfinite.c.o) (rtGetInf)
lib/STLA_MECHANICAL/libSTLA_MECHANICAL.a(rtGetNaN.c.o)
                              lib/STLA_MECHANICAL/libSTLA_MECHANICAL.a(rt_nonfinite.c.o) (rtGetNaN)
lib/STLA_MECHANICAL/libSTLA_MECHANICAL.a(STLA_MECHANICAL_efe66881_49.c.o)
                              lib/STLA_MECHANICAL/libSTLA_MECHANICAL.a(STLA_MECHANICAL_efe66881_1_gateway.c.o) (STLA_MECHANICAL_efe66881_49_dae)
lib/STLA_MECHANICAL/libSTLA_MECHANICAL.a(rt_backsubrr_dbl.c.o)
                              lib/STLA_MECHANICAL/libSTLA_MECHANICAL.a(STLA_MECHANICAL_efe66881_49.c.o) (rt_BackwardSubstitutionRR_Dbl)
lib/STLA_MECHANICAL/libSTLA_MECHANICAL.a(rt_forwardsubrr_dbl.c.o)
                              lib/STLA_MECHANICAL/libSTLA_MECHANICAL.a(STLA_MECHANICAL_efe66881_49.c.o) (rt_ForwardSubstitutionRR_Dbl)
lib/STLA_MECHANICAL/libSTLA_MECHANICAL.a(rt_lu_real.c.o)
[...]
Memory Configuration

Name             Origin             Length             Attributes
*default*        0x0000000000000000 0xffffffffffffffff

Linker script and memory map

LOAD C:/Program Files/Common Files/dSPACE/CFD Compiler 24.1/target/x86_64-linux-gnu/bin/../../x86_64-linux-gnu/lib/Scrt1.o
LOAD C:/Program Files/Common Files/dSPACE/CFD Compiler 24.1/target/x86_64-linux-gnu/bin/../../x86_64-linux-gnu/lib/crti.o
LOAD C:/Program Files/Common Files/dSPACE/CFD Compiler 24.1/target/x86_64-linux-gnu/bin/../lib/gcc/x86_64-linux-gnu/13.3.0/crtbeginS.o
                0x0000000000000000                _DSPACE_START = 0x0
LOAD CMakeFiles/STLA_MECHANICAL_2.dir/90b215248e0553bdb4ab1af7a16cd971/2024b/1/Build/STLA_MECHANICAL/SysIntCode/mdladapter_mdlfunctions.cpp.o
LOAD CMakeFiles/STLA_MECHANICAL_2.dir/90b215248e0553bdb4ab1af7a16cd971/2024b/1/Build/STLA_MECHANICAL/SysIntCode/mdlCode_ap.cpp.o
LOAD CMakeFiles/STLA_MECHANICAL_2.dir/90b215248e0553bdb4ab1af7a16cd971/2024b/1/Build/STLA_MECHANICAL/SysIntCode/data_in_ap.cpp.o
LOAD CMakeFiles/STLA_MECHANICAL_2.dir/90b215248e0553bdb4ab1af7a16cd971/2024b/1/Build/STLA_MECHANICAL/SysIntCode/data_out_ap.cpp.o
LOAD CMakeFiles/STLA_MECHANICAL_2.dir/90b215248e0553bdb4ab1af7a16cd971/2024b/1/Build/STLA_MECHANICAL/SysIntCode/fm_entry_ap.cpp.o
LOAD CMakeFiles/STLA_MECHANICAL_2.dir/90b215248e0553bdb4ab1af7a16cd971/2024b/1/Build/STLA_MECHANICAL/SysIntCode/fm_exit_ap.cpp.o
LOAD CMakeFiles/STLA_MECHANICAL_2.dir/90b215248e0553bdb4ab1af7a16cd971/2024b/1/Build/STLA_MECHANICAL/SysIntCode/dssimengine_accesspoint.cpp.o
LOAD CMakeFiles/STLA_MECHANICAL_2.dir/1c53de163945a8c93cc9337303f08a11/ConfigurationDesk/EmbeddedSW/Src/dssimengine_api.cpp.o
LOAD CMakeFiles/STLA_MECHANICAL_2.dir/1c53de163945a8c93cc9337303f08a11/ConfigurationDesk/EmbeddedSW/Src/dssimengine_main.cpp.o
LOAD CMakeFiles/STLA_MECHANICAL_2.dir/90b215248e0553bdb4ab1af7a16cd971/2024b/1/Build/STLA_MECHANICAL/SysIntCode/rtosal_task.cpp.o
LOAD CMakeFiles/STLA_MECHANICAL_2.dir/90b215248e0553bdb4ab1af7a16cd971/2024b/1/Build/STLA_MECHANICAL/SysIntCode/rtosal_taskap.cpp.o
LOAD CMakeFiles/STLA_MECHANICAL_2.dir/90b215248e0553bdb4ab1af7a16cd971/2024b/1/Build/STLA_MECHANICAL/SysIntCode/rtosal_simengineap.cpp.o
LOAD CMakeFiles/STLA_MECHANICAL_2.dir/90b215248e0553bdb4ab1af7a16cd971/2024b/1/Build/STLA_MECHANICAL/SysIntCode/IOCode_Data.cpp.o
LOAD CMakeFiles/STLA_MECHANICAL_2.dir/f4ac23405aaf0341be2c38df241db31e/STLA_MECHANICAL/SysIntCode/dssimengine_accesspoint_Power_Switch.cpp.o
LOAD CMakeFiles/STLA_MECHANICAL_2.dir/90b215248e0553bdb4ab1af7a16cd971/2024b/1/Build/STLA_MECHANICAL/SysIntCode/IOCode_TestAutomation_0.cpp.o
LOAD CMakeFiles/STLA_MECHANICAL_2.dir/90b215248e0553bdb4ab1af7a16cd971/2024b/1/Build/STLA_MECHANICAL/SysIntCode/mdlcfg_interapplcom.cpp.o
LOAD CMakeFiles/STLA_MECHANICAL_2.dir/1c53de163945a8c93cc9337303f08a11/ConfigurationDesk/EmbeddedSW/Src/rtosal_interapplcom.cpp.o
LOAD CMakeFiles/STLA_MECHANICAL_2.dir/C_/svn/branch/DELTA_branch/04_HiL_Development/Simulation/BusCode/eT_CRC_Handling.c.o
LOAD CMakeFiles/STLA_MECHANICAL_2.dir/C_/svn/branch/DELTA_branch/04_HiL_Development/Simulation/BusCode/DsBusCustomCode.c.o
LOAD CMakeFiles/STLA_MECHANICAL_2.dir/C_/svn/branch/DELTA_branch/04_HiL_Development/Simulation/BusCode/DsBusCustomCode_PduUserCode.c.o
LOAD CMakeFiles/STLA_MECHANICAL_2.dir/C_/svn/branch/DELTA_branch/04_HiL_Development/Simulation/BusCode/eT_CRC_Handling_forManipulation.c.o
START GROUP
LOAD C:/Program Files/dSPACE ConfigurationDesk 2024-B (25.1)/SCALEXIO/lib64/libdspowerswitchdrv.so
LOAD C:/Program Files/dSPACE ConfigurationDesk 2024-B (25.1)/SCALEXIO/lib64/libdsmpcommdrv.so
LOAD C:/Program Files/dSPACE ConfigurationDesk 2024-B (25.1)/SCALEXIO/lib64/libdscandrv.so
LOAD C:/Program Files/dSPACE ConfigurationDesk 2024-B (25.1)/SCALEXIO/lib64/libdslindrv.so
LOAD C:/Program Files/dSPACE ConfigurationDesk 2024-B (25.1)/SCALEXIO/lib64/libdsethernetinterfacemanagementdrv.so
END GROUP
LOAD C:/Program Files/dSPACE ConfigurationDesk 2024-B (25.1)/SCALEXIO/lib64/libDsRtLib.so
START GROUP
LOAD lib/STLA_MECHANICAL/libSTLA_MECHANICAL.a
LOAD lib/ssc_sli/libssc_sli.a
LOAD lib/ssc_core/libssc_core.a
LOAD lib/pm_st/libpm_st.a
LOAD lib/mc/libmc.a
LOAD lib/ex/libex.a
LOAD lib/pm/libpm.a
END GROUP
LOAD C:/Program Files/Common Files/dSPACE/CFD Compiler 24.1/target/x86_64-linux-gnu/bin/../../x86_64-linux-gnu/lib/../lib64/libstdc++.so
LOAD C:/Program Files/Common Files/dSPACE/CFD Compiler 24.1/target/x86_64-linux-gnu/lib/libm.so
START GROUP
LOAD C:/Program Files/Common Files/dSPACE/CFD Compiler 24.1/target/x86_64-linux-gnu/lib\libm.so.6
LOAD C:/Program Files/Common Files/dSPACE/CFD Compiler 24.1/target/x86_64-linux-gnu/lib\libmvec.so.1
END GROUP
LOAD C:/Program Files/Common Files/dSPACE/CFD Compiler 24.1/target/x86_64-linux-gnu/bin/../../x86_64-linux-gnu/lib/../lib64/libgcc_s.so
START GROUP
LOAD C:/Program Files/Common Files/dSPACE/CFD Compiler 24.1/target/x86_64-linux-gnu/bin/../../x86_64-linux-gnu/lib/../lib64\libgcc_s.so.1
LOAD C:/Program Files/Common Files/dSPACE/CFD Compiler 24.1/target/x86_64-linux-gnu/bin/../lib/gcc/x86_64-linux-gnu/13.3.0\libgcc.a
END GROUP
LOAD C:/Program Files/Common Files/dSPACE/CFD Compiler 24.1/target/x86_64-linux-gnu/bin/../lib/gcc/x86_64-linux-gnu/13.3.0\libgcc.a
LOAD C:/Program Files/Common Files/dSPACE/CFD Compiler 24.1/target/x86_64-linux-gnu/lib/libc.so
START GROUP
LOAD C:/Program Files/Common Files/dSPACE/CFD Compiler 24.1/target/x86_64-linux-gnu/lib\libc.so.6
LOAD C:/Program Files/Common Files/dSPACE/CFD Compiler 24.1/target/x86_64-linux-gnu/lib\libc_nonshared.a
LOAD C:/Program Files/Common Files/dSPACE/CFD Compiler 24.1/target/x86_64-linux-gnu/lib\ld-linux-x86-64.so.2
END GROUP
LOAD C:/Program Files/Common Files/dSPACE/CFD Compiler 24.1/target/x86_64-linux-gnu/bin/../../x86_64-linux-gnu/lib/../lib64/libgcc_s.so
START GROUP
LOAD C:/Program Files/Common Files/dSPACE/CFD Compiler 24.1/target/x86_64-linux-gnu/bin/../../x86_64-linux-gnu/lib/../lib64\libgcc_s.so.1
LOAD C:/Program Files/Common Files/dSPACE/CFD Compiler 24.1/target/x86_64-linux-gnu/bin/../lib/gcc/x86_64-linux-gnu/13.3.0\libgcc.a
END GROUP
LOAD C:/Program Files/Common Files/dSPACE/CFD Compiler 24.1/target/x86_64-linux-gnu/bin/../lib/gcc/x86_64-linux-gnu/13.3.0\libgcc.a
LOAD C:/Program Files/Common Files/dSPACE/CFD Compiler 24.1/target/x86_64-linux-gnu/bin/../lib/gcc/x86_64-linux-gnu/13.3.0/crtendS.o
LOAD C:/Program Files/Common Files/dSPACE/CFD Compiler 24.1/target/x86_64-linux-gnu/bin/../../x86_64-linux-gnu/lib/crtn.o
                [!provide]                        PROVIDE (__executable_start = SEGMENT_START ("text-segment", 0x0))
                0x0000000000000318                . = (SEGMENT_START ("text-segment", 0x0) + SIZEOF_HEADERS)

.interp         0x0000000000000318       0x1c
 *(.interp)
 .interp        0x0000000000000318       0x1c C:/Program Files/Common Files/dSPACE/CFD Compiler 24.1/target/x86_64-linux-gnu/bin/../../x86_64-linux-gnu/lib/Scrt1.o

.note.gnu.property
                0x0000000000000338       0x20
 .note.gnu.property
                0x0000000000000338       0x20 C:/Program Files/Common Files/dSPACE/CFD Compiler 24.1/target/x86_64-linux-gnu/bin/../../x86_64-linux-gnu/lib/Scrt1.o

.note.gnu.build-id
                0x0000000000000358       0x24
 *(.note.gnu.build-id)
 .note.gnu.build-id
                0x0000000000000358       0x24 C:/Program Files/Common Files/dSPACE/CFD Compiler 24.1/target/x86_64-linux-gnu/bin/../../x86_64-linux-gnu/lib/Scrt1.o

.note.ABI-tag   0x000000000000037c       0x20
 .note.ABI-tag  0x000000000000037c       0x20 C:/Program Files/Common Files/dSPACE/CFD Compiler 24.1/target/x86_64-linux-gnu/bin/../../x86_64-linux-gnu/lib/Scrt1.o

.hash           0x00000000000003a0      0x290
 *(.hash)
 .hash          0x00000000000003a0      0x290 C:/Program Files/Common Files/dSPACE/CFD Compiler 24.1/target/x86_64-linux-gnu/bin/../../x86_64-linux-gnu/lib/Scrt1.o

.gnu.hash       0x0000000000000630       0x24
 *(.gnu.hash)
 .gnu.hash      0x0000000000000630       0x24 C:/Program Files/Common Files/dSPACE/CFD Compiler 24.1/target/x86_64-linux-gnu/bin/../../x86_64-linux-gnu/lib/Scrt1.o

.dynsym         0x0000000000000658      0x8e8
 *(.dynsym)
 .dynsym        0x0000000000000658      0x8e8 C:/Program Files/Common Files/dSPACE/CFD Compiler 24.1/target/x86_64-linux-gnu/bin/../../x86_64-linux-gnu/lib/Scrt1.o

.dynstr         0x0000000000000f40      0xc14
 *(.dynstr)
 .dynstr        0x0000000000000f40      0xc14 C:/Program Files/Common Files/dSPACE/CFD Compiler 24.1/target/x86_64-linux-gnu/bin/../../x86_64-linux-gnu/lib/Scrt1.o

.gnu.version    0x0000000000001b54       0xbe
 *(.gnu.version)
 .gnu.version   0x0000000000001b54       0xbe C:/Program Files/Common Files/dSPACE/CFD Compiler 24.1/target/x86_64-linux-gnu/bin/../../x86_64-linux-gnu/lib/Scrt1.o

.gnu.version_d  0x0000000000001c18        0x0
 *(.gnu.version_d)
 .gnu.version_d
                0x0000000000001c18        0x0 C:/Program Files/Common Files/dSPACE/CFD Compiler 24.1/target/x86_64-linux-gnu/bin/../../x86_64-linux-gnu/lib/Scrt1.o

.gnu.version_r  0x0000000000001c18       0xc0
 *(.gnu.version_r)
 .gnu.version_r
                0x0000000000001c18       0xc0 C:/Program Files/Common Files/dSPACE/CFD Compiler 24.1/target/x86_64-linux-gnu/bin/../../x86_64-linux-gnu/lib/Scrt1.o

.rela.dyn       0x0000000000001cd8    0x55020
 *(.rela.init)
 *(.rela.text .rela.text.* .rela.gnu.linkonce.t.*)
 *(.rela.fini)
 *(.rela.rodata .rela.rodata.* .rela.gnu.linkonce.r.*)
 *(.rela.data .rela.data.* .rela.gnu.linkonce.d.*)
 .rela.data.rel.ro
                0x0000000000001cd8      0x120 C:/Program Files/Common Files/dSPACE/CFD Compiler 24.1/target/x86_64-linux-gnu/bin/../../x86_64-linux-gnu/lib/Scrt1.o
 .rela.data.rel.local
                0x0000000000001df8    0x53b50 C:/Program Files/Common Files/dSPACE/CFD Compiler 24.1/target/x86_64-linux-gnu/bin/../../x86_64-linux-gnu/lib/Scrt1.o
 .rela.data.rel.ro._ZTI18DsCApplicationMain
                0x0000000000055948       0x48 C:/Program Files/Common Files/dSPACE/CFD Compiler 24.1/target/x86_64-linux-gnu/bin/../../x86_64-linux-gnu/lib/Scrt1.o
 .rela.data.rel.ro._ZTV18DsCApplicationMain
                0x0000000000055990       0xd8 C:/Program Files/Common Files/dSPACE/CFD Compiler 24.1/target/x86_64-linux-gnu/bin/../../x86_64-linux-gnu/lib/Scrt1.o
 .rela.data.rel
                0x0000000000055a68      0x168 C:/Program Files/Common Files/dSPACE/CFD Compiler 24.1/target/x86_64-linux-gnu/bin/../../x86_64-linux-gnu/lib/Scrt1.o
 .rela.data.rel.local.DW.ref.__gxx_personality_v0
                0x0000000000055bd0       0x18 C:/Program Files/Common Files/dSPACE/CFD Compiler 24.1/target/x86_64-linux-gnu/bin/../../x86_64-linux-gnu/lib/Scrt1.o
 .rela.data.rel.ro._ZTI24DsCRtosAlPeriodic_Task_1
                0x0000000000055be8       0x48 C:/Program Files/Common Files/dSPACE/CFD Compiler 24.1/target/x86_64-linux-gnu/bin/../../x86_64-linux-gnu/lib/Scrt1.o
 .rela.data.rel.ro._ZTV24DsCRtosAlPeriodic_Task_1
                0x0000000000055c30       0x78 C:/Program Files/Common Files/dSPACE/CFD Compiler 24.1/target/x86_64-linux-gnu/bin/../../x86_64-linux-gnu/lib/Scrt1.o
 .rela.data.rel.ro.local
                0x0000000000055ca8       0x18 C:/Program Files/Common Files/dSPACE/CFD Compiler 24.1/target/x86_64-linux-gnu/bin/../../x86_64-linux-gnu/lib/Scrt1.o
 *(.rela.tdata .rela.tdata.* .rela.gnu.linkonce.td.*)
 *(.rela.tbss .rela.tbss.* .rela.gnu.linkonce.tb.*)
 *(.rela.ctors)
 *(.rela.dtors)
 *(.rela.got)
 .rela.got      0x0000000000055cc0      0xfa8 C:/Program Files/Common Files/dSPACE/CFD Compiler 24.1/target/x86_64-linux-gnu/bin/../../x86_64-linux-gnu/lib/Scrt1.o
 *(.rela.bss .rela.bss.* .rela.gnu.linkonce.b.*)
 .rela.bss      0x0000000000056c68        0x0 C:/Program Files/Common Files/dSPACE/CFD Compiler 24.1/target/x86_64-linux-gnu/bin/../../x86_64-linux-gnu/lib/Scrt1.o
 *(.rela.ldata .rela.ldata.* .rela.gnu.linkonce.l.*)
 *(.rela.lbss .rela.lbss.* .rela.gnu.linkonce.lb.*)
 *(.rela.lrodata .rela.lrodata.* .rela.gnu.linkonce.lr.*)
 *(.rela.ifunc)
 .rela.ifunc    0x0000000000056c68        0x0 C:/Program Files/Common Files/dSPACE/CFD Compiler 24.1/target/x86_64-linux-gnu/bin/../../x86_64-linux-gnu/lib/Scrt1.o
 .rela.fini_array
                0x0000000000056c68       0x18 C:/Program Files/Common Files/dSPACE/CFD Compiler 24.1/target/x86_64-linux-gnu/bin/../../x86_64-linux-gnu/lib/Scrt1.o
 .rela.init_array
                0x0000000000056c80       0x78 C:/Program Files/Common Files/dSPACE/CFD Compiler 24.1/target/x86_64-linux-gnu/bin/../../x86_64-linux-gnu/lib/Scrt1.o
 .rela.eh_frame
                0x0000000000056cf8        0x0 C:/Program Files/Common Files/dSPACE/CFD Compiler 24.1/target/x86_64-linux-gnu/bin/../../x86_64-linux-gnu/lib/Scrt1.o

.rela.plt       0x0000000000056cf8        0x0
 *(.rela.plt)
 .rela.plt      0x0000000000056cf8        0x0 C:/Program Files/Common Files/dSPACE/CFD Compiler 24.1/target/x86_64-linux-gnu/bin/../../x86_64-linux-gnu/lib/Scrt1.o
 *(.rela.iplt)

.relr.dyn
 *(.relr.dyn)
                0x0000000000057000                . = ALIGN (CONSTANT (MAXPAGESIZE))

.init           0x0000000000057000       0x1b
 *(SORT_NONE(.init))
 .init          0x0000000000057000       0x16 C:/Program Files/Common Files/dSPACE/CFD Compiler 24.1/target/x86_64-linux-gnu/bin/../../x86_64-linux-gnu/lib/crti.o
                0x0000000000057000                _init
 .init          0x0000000000057016        0x5 C:/Program Files/Common Files/dSPACE/CFD Compiler 24.1/target/x86_64-linux-gnu/bin/../../x86_64-linux-gnu/lib/crtn.o

.plt            0x0000000000057020       0x10
 *(.plt)
 .plt           0x0000000000057020       0x10 C:/Program Files/Common Files/dSPACE/CFD Compiler 24.1/target/x86_64-linux-gnu/bin/../../x86_64-linux-gnu/lib/Scrt1.o
 *(.iplt)

.plt.got        0x0000000000057030        0x8
 *(.plt.got)
 .plt.got       0x0000000000057030        0x8 C:/Program Files/Common Files/dSPACE/CFD Compiler 24.1/target/x86_64-linux-gnu/bin/../../x86_64-linux-gnu/lib/Scrt1.o
                0x0000000000057030                __cxa_finalize@@GLIBC_2.2.5

.plt.sec
 *(.plt.sec)

.text           0x0000000000057040    0xf4cb8
 *(.text.unlikely .text.*_unlikely .text.unlikely.*)
 .text.unlikely
                0x0000000000057040       0x1a CMakeFiles/STLA_MECHANICAL_2.dir/1c53de163945a8c93cc9337303f08a11/ConfigurationDesk/EmbeddedSW/Src/dssimengine_main.cpp.o
 .text.unlikely
                0x000000000005705a       0x1a CMakeFiles/STLA_MECHANICAL_2.dir/90b215248e0553bdb4ab1af7a16cd971/2024b/1/Build/STLA_MECHANICAL/SysIntCode/rtosal_task.cpp.o
 .text.unlikely
                0x0000000000057074       0x34 CMakeFiles/STLA_MECHANICAL_2.dir/1c53de163945a8c93cc9337303f08a11/ConfigurationDesk/EmbeddedSW/Src/rtosal_interapplcom.cpp.o
 .text.unlikely
                0x00000000000570a8        0xa lib/ssc_sli/libssc_sli.a(ssc_sli_5a0cb974.c.o)
 .text.unlikely
                0x00000000000570b2       0xa4 lib/ssc_core/libssc_core.a(ssc_core_67d1f118.c.o)
 *(.text.exit .text.exit.*)
 *(.text.startup .text.startup.*)
 *fill*         0x0000000000057156        0xa 
 .text.startup  0x0000000000057160       0x29 CMakeFiles/STLA_MECHANICAL_2.dir/1c53de163945a8c93cc9337303f08a11/ConfigurationDesk/EmbeddedSW/Src/dssimengine_main.cpp.o
                0x0000000000057160                __registerApplDsCApplicationMain()
 *fill*         0x0000000000057189        0x7 
 .text.startup  0x0000000000057190       0x12 CMakeFiles/STLA_MECHANICAL_2.dir/90b215248e0553bdb4ab1af7a16cd971/2024b/1/Build/STLA_MECHANICAL/SysIntCode/rtosal_simengineap.cpp.o
                0x0000000000057190                __registerRTTMPConfig()
 *fill*         0x00000000000571a2        0xe 
 .text.startup  0x00000000000571b0       0x14 CMakeFiles/STLA_MECHANICAL_2.dir/90b215248e0553bdb4ab1af7a16cd971/2024b/1/Build/STLA_MECHANICAL/SysIntCode/IOCode_Data.cpp.o
                0x00000000000571b0                __registerResourceg_ResourceMap()
 *(.text.hot .text.hot.*)
 *(SORT_BY_NAME(.text.sorted.*))
 *(.text .stub .text.* .gnu.linkonce.t.*)
 *fill*         0x00000000000571c4        0xc 
 .text          0x00000000000571d0       0x26 C:/Program Files/Common Files/dSPACE/CFD Compiler 24.1/target/x86_64-linux-gnu/bin/../../x86_64-linux-gnu/lib/Scrt1.o
                0x00000000000571d0                _start
 .text          0x00000000000571f6        0x0 C:/Program Files/Common Files/dSPACE/CFD Compiler 24.1/target/x86_64-linux-gnu/bin/../../x86_64-linux-gnu/lib/crti.o
 *fill*         0x00000000000571f6        0xa 
 .text          0x0000000000057200       0xb9 C:/Program Files/Common Files/dSPACE/CFD Compiler 24.1/target/x86_64-linux-gnu/bin/../lib/gcc/x86_64-linux-gnu/13.3.0/crtbeginS.o
 *fill*         0x00000000000572b9        0x7 
 .text          0x00000000000572c0       0x48 CMakeFiles/STLA_MECHANICAL_2.dir/90b215248e0553bdb4ab1af7a16cd971/2024b/1/Build/STLA_MECHANICAL/SysIntCode/mdladapter_mdlfunctions.cpp.o
                0x00000000000572c0                STLA_MECHANICAL_APTerminateSimulation
                0x00000000000572d0                STLA_MECHANICAL_APLastApplStateStopped
                0x00000000000572f0                STLA_MECHANICAL_APStopSimulation
                0x0000000000057300                STLA_MECHANICAL_APPrintMessage
 .text          0x0000000000057308        0x0 CMakeFiles/STLA_MECHANICAL_2.dir/90b215248e0553bdb4ab1af7a16cd971/2024b/1/Build/STLA_MECHANICAL/SysIntCode/mdlCode_ap.cpp.o
 *fill*         0x0000000000057308        0x8 
 .text          0x0000000000057310      0x621 CMakeFiles/STLA_MECHANICAL_2.dir/90b215248e0553bdb4ab1af7a16cd971/2024b/1/Build/STLA_MECHANICAL/SysIntCode/data_in_ap.cpp.o
                0x0000000000057310                ap_read_STLA_MECHANICAL_DataInport1_P1_S1
                0x0000000000057350                ap_read_STLA_MECHANICAL_DataInport1_P2_S1
                0x00000000000573a0                ap_read_STLA_MECHANICAL_DataInport1_P3_S1
                0x00000000000573f0                ap_read_STLA_MECHANICAL_DataInport1_P4_S1
                0x0000000000057440                ap_read_STLA_MECHANICAL_DataInport1_P5_S1
                0x0000000000057490                ap_read_STLA_MECHANICAL_DataInport1_P6_S1
                0x00000000000574e0                ap_read_STLA_MECHANICAL_DataInport1_P7_S1
                0x0000000000057530                ap_read_STLA_MECHANICAL_DataInport1_P8_S1
                0x0000000000057580                ap_read_STLA_MECHANICAL_DataInport1_P9_S1
                0x00000000000575d0                ap_read_STLA_MECHANICAL_DataInport1_P10_S1
                0x0000000000057620                ap_read_STLA_MECHANICAL_DataInport1_P11_S1
                0x0000000000057670                ap_read_STLA_MECHANICAL_DataInport1_P12_S1
                0x00000000000576c0                ap_read_STLA_MECHANICAL_DataInport1_P13_S1
                0x0000000000057710                ap_read_STLA_MECHANICAL_DataInport1_P14_S1
                0x0000000000057760                ap_read_STLA_MECHANICAL_DataInport1_P15_S1
                0x00000000000577b0                ap_read_STLA_MECHANICAL_DataInport1_P16_S1
                0x0000000000057800                ap_read_STLA_MECHANICAL_DataInport1_P17_S1
                0x0000000000057850                ap_read_STLA_MECHANICAL_DataInport1_P18_S1
                0x00000000000578a0                ap_read_STLA_MECHANICAL_DataInport1_P19_S1
                0x00000000000578f0                ap_read_STLA_MECHANICAL_DataInport1_P20_S1
 *fill*         0x0000000000057931        0xf 
 .text          0x0000000000057940      0xe7f CMakeFiles/STLA_MECHANICAL_2.dir/90b215248e0553bdb4ab1af7a16cd971/2024b/1/Build/STLA_MECHANICAL/SysIntCode/data_out_ap.cpp.o
                0x0000000000057940                ap_write_STLA_MECHANICAL_DataOutport1_P1_S1
                0x0000000000057980                ap_write_STLA_MECHANICAL_DataOutport1_P2_S1
                0x00000000000579c0                ap_write_STLA_MECHANICAL_DataOutport1_P3_S1
                0x0000000000057a00                ap_write_STLA_MECHANICAL_DataOutport1_P4_S1
                0x0000000000057a40                ap_write_STLA_MECHANICAL_DataOutport1_P5_S1
                0x0000000000057a80                ap_write_STLA_MECHANICAL_DataOutport1_P6_S1
                0x0000000000057ac0                ap_write_STLA_MECHANICAL_DataOutport1_P7_S1
                0x0000000000057b00                ap_write_STLA_MECHANICAL_DataOutport1_P8_S1
                0x0000000000057b40                ap_write_STLA_MECHANICAL_DataOutport1_P9_S1
                0x0000000000057b80                ap_write_STLA_MECHANICAL_DataOutport1_P10_S1
                0x0000000000057bc0                ap_write_STLA_MECHANICAL_DataOutport1_P11_S1
                0x0000000000057c00                ap_write_STLA_MECHANICAL_DataOutport1_P12_S1
                0x0000000000057c40                ap_write_STLA_MECHANICAL_DataOutport1_P13_S1
                0x0000000000057c80                ap_write_STLA_MECHANICAL_DataOutport1_P14_S1
                0x0000000000057cc0                ap_write_STLA_MECHANICAL_DataOutport1_P15_S1
                0x0000000000057d00                ap_write_STLA_MECHANICAL_DataOutport1_P16_S1
                0x0000000000057d40                ap_write_STLA_MECHANICAL_DataOutport1_P17_S1
                0x0000000000057d80                ap_write_STLA_MECHANICAL_DataOutport1_P18_S1
                0x0000000000057dc0                ap_write_STLA_MECHANICAL_DataOutport1_P19_S1
                0x0000000000057e00                ap_write_STLA_MECHANICAL_DataOutport1_P20_S1
                0x0000000000057e40                ap_write_STLA_MECHANICAL_DataOutport1_P21_S1
                0x0000000000057e80                ap_write_STLA_MECHANICAL_DataOutport1_P22_S1
                0x0000000000057ec0                ap_write_STLA_MECHANICAL_DataOutport1_P23_S1
                0x0000000000057f00                ap_write_STLA_MECHANICAL_DataOutport1_P24_S1
                0x0000000000057f40                ap_write_STLA_MECHANICAL_DataOutport1_P25_S1
                0x0000000000057f80                ap_write_STLA_MECHANICAL_DataOutport1_P26_S1
                0x0000000000057fc0                ap_write_STLA_MECHANICAL_DataOutport1_P27_S1
                0x0000000000058000                ap_write_STLA_MECHANICAL_DataOutport1_P28_S1
                0x0000000000058040                ap_write_STLA_MECHANICAL_DataOutport1_P29_S1
                0x0000000000058080                ap_write_STLA_MECHANICAL_DataOutport1_P30_S1
                0x00000000000580c0                ap_write_STLA_MECHANICAL_DataOutport1_P31_S1
                0x0000000000058100                ap_write_STLA_MECHANICAL_DataOutport1_P32_S1
                0x0000000000058140                ap_write_STLA_MECHANICAL_DataOutport1_P33_S1
                0x0000000000058180                ap_write_STLA_MECHANICAL_DataOutport1_P34_S1
                0x00000000000581c0                ap_write_STLA_MECHANICAL_DataOutport1_P35_S1
                0x0000000000058200                ap_write_STLA_MECHANICAL_DataOutport1_P36_S1
                0x0000000000058240                ap_write_STLA_MECHANICAL_DataOutport1_P37_S1
                0x0000000000058280                ap_write_STLA_MECHANICAL_DataOutport1_P38_S1
                0x00000000000582c0                ap_write_STLA_MECHANICAL_DataOutport1_P39_S1
                0x0000000000058300                ap_write_STLA_MECHANICAL_DataOutport1_P40_S1
                0x0000000000058340                ap_write_STLA_MECHANICAL_DataOutport1_P41_S1
                0x0000000000058380                ap_write_STLA_MECHANICAL_DataOutport1_P42_S1
                0x00000000000583c0                ap_write_STLA_MECHANICAL_DataOutport1_P43_S1
                0x0000000000058400                ap_write_STLA_MECHANICAL_DataOutport1_P44_S1
                0x0000000000058440                ap_write_STLA_MECHANICAL_DataOutport1_P45_S1
                0x0000000000058480                ap_write_STLA_MECHANICAL_DataOutport1_P46_S1
                0x00000000000584c0                ap_write_STLA_MECHANICAL_DataOutport1_P47_S1
                0x0000000000058500                ap_write_STLA_MECHANICAL_DataOutport1_P48_S1
                0x0000000000058540                ap_write_STLA_MECHANICAL_DataOutport1_P49_S1
                0x0000000000058580                ap_write_STLA_MECHANICAL_DataOutport1_P50_S1
                0x00000000000585c0                ap_write_STLA_MECHANICAL_DataOutport1_P51_S1
                0x0000000000058600                ap_write_STLA_MECHANICAL_DataOutport1_P52_S1
                0x0000000000058640                ap_write_STLA_MECHANICAL_DataOutport1_P53_S1
                0x0000000000058680                ap_write_STLA_MECHANICAL_DataOutport1_P54_S1
                0x00000000000586c0                ap_write_STLA_MECHANICAL_DataOutport1_P55_S1
                0x0000000000058700                ap_write_STLA_MECHANICAL_DataOutport1_P56_S1
                0x0000000000058740                ap_write_STLA_MECHANICAL_DataOutport1_P57_S1
                0x0000000000058780                ap_write_STLA_MECHANICAL_DataOutport1_P58_S1
 *fill*         0x00000000000587bf        0x1 
 .text          0x00000000000587c0       0x38 CMakeFiles/STLA_MECHANICAL_2.dir/90b215248e0553bdb4ab1af7a16cd971/2024b/1/Build/STLA_MECHANICAL/SysIntCode/fm_entry_ap.cpp.o
                0x00000000000587c0                ap_entry_STLA_MECHANICAL_SIDRoot_TID0
 *fill*         0x00000000000587f8        0x8 
 .text          0x0000000000058800       0x10 CMakeFiles/STLA_MECHANICAL_2.dir/90b215248e0553bdb4ab1af7a16cd971/2024b/1/Build/STLA_MECHANICAL/SysIntCode/fm_exit_ap.cpp.o
                0x0000000000058800                ap_exit_STLA_MECHANICAL_SIDRoot_TID0
 .text          0x0000000000058810      0x787 CMakeFiles/STLA_MECHANICAL_2.dir/90b215248e0553bdb4ab1af7a16cd971/2024b/1/Build/STLA_MECHANICAL/SysIntCode/dssimengine_accesspoint.cpp.o
                0x0000000000058810                ApSimEngineOnInitMdl
                0x0000000000058830                ApSimEngineOnStartMdl
                0x0000000000058850                ApSimEngineOnStopMdl
                0x0000000000058870                ApSimEngineOnTerminateMdl
                0x0000000000058880                ApSimEngineOnUnloadMdl
                0x0000000000058890                ApSimEngineOnInitImc
                0x00000000000589c0                ApSimEngineOnStartImc
                0x00000000000589d0                ApSimEngineOnStopImc
                0x00000000000589e0                ApSimEngineOnTerminateImc
                0x00000000000589f0                ApSimEngineOnUnloadImc
                0x0000000000058a00                ApSimEngineOnInitIoPreRtosInit
                0x0000000000058aa0                ApSimEngineOnInitHwDiagnostics
                0x0000000000058c30                ApSimEngineOnStopIo
                0x0000000000058c50                ApSimEngineOnTerminateIo
                0x0000000000058c60                ApSimEngineOnUnloadIo
                0x0000000000058c70                ApSimEngineOnInitRtos
                0x0000000000058cc0                ApSimEngineOnStartRtos
                0x0000000000058ce0                ApSimEngineOnStopRtos
                0x0000000000058cf0                ApSimEngineOnStop
                0x0000000000058d40                ApSimEngineOnTerminateRtos
                0x0000000000058d50                ApSimEngineOnTerminate
                0x0000000000058da0                ApSimEngineOnUnloadRtos
                0x0000000000058db0                ApSimEngineOnUnload
                0x0000000000058e00                ApSimEngineIdle
                0x0000000000058e10                ApSimEngineRunTimeInit(DsCErrorListPool&, int)
                0x0000000000058e40                ApSimEngineOnInitIoPostRtosInit
                0x0000000000058e70                ApSimEngineOnInit
                0x0000000000058f00                ApSimEngineOnStartIo
                0x0000000000058f50                ApSimEngineOnStart
 *fill*         0x0000000000058f97        0x9 
 .text          0x0000000000058fa0       0x57 CMakeFiles/STLA_MECHANICAL_2.dir/1c53de163945a8c93cc9337303f08a11/ConfigurationDesk/EmbeddedSW/Src/dssimengine_api.cpp.o
                0x0000000000058fa0                SimEngineLastApplStateGet()
                0x0000000000058fb0                SimEngineApplGet()
                0x0000000000058fc0                SimEngineApplStop()
                0x0000000000058fe0                SimEngineApplTerminate()
 *fill*         0x0000000000058ff7        0x9 
 .text          0x0000000000059000      0x185 CMakeFiles/STLA_MECHANICAL_2.dir/1c53de163945a8c93cc9337303f08a11/ConfigurationDesk/EmbeddedSW/Src/dssimengine_main.cpp.o
                0x0000000000059000                destroyApplication
                0x0000000000059020                getApplicationErrorList
                0x0000000000059030                DsCApplicationMain::~DsCApplicationMain()
                0x0000000000059030                DsCApplicationMain::~DsCApplicationMain()
                0x0000000000059060                DsCApplicationMain::~DsCApplicationMain()
                0x0000000000059080                DsCApplicationMain::onInit(DsCErrorListPool&)
                0x00000000000590a0                DsCApplicationMain::onStart(DsCErrorListPool&)
                0x00000000000590c0                DsCApplicationMain::onStop(DsCErrorListPool&)
                0x00000000000590e0                DsCApplicationMain::onTerminate(DsCErrorListPool&)
                0x0000000000059100                DsCApplicationMain::onUnload(DsCErrorListPool&)
                0x0000000000059110                DsCApplicationMain::onIdle(DsCErrorListPool&)
                0x0000000000059120                DsCApplicationMain::DsCApplicationMain(DsCErrorListPool&)
                0x0000000000059120                DsCApplicationMain::DsCApplicationMain(DsCErrorListPool&)
                0x0000000000059150                createApplication
 *fill*         0x0000000000059185        0xb 
 .text          0x0000000000059190      0x365 CMakeFiles/STLA_MECHANICAL_2.dir/90b215248e0553bdb4ab1af7a16cd971/2024b/1/Build/STLA_MECHANICAL/SysIntCode/rtosal_task.cpp.o
                0x0000000000059190                DsCRtosAlPeriodic_Task_1::~DsCRtosAlPeriodic_Task_1()
                0x0000000000059190                DsCRtosAlPeriodic_Task_1::~DsCRtosAlPeriodic_Task_1()
                0x00000000000591b0                DsCRtosAlPeriodic_Task_1::~DsCRtosAlPeriodic_Task_1()
                0x00000000000591d0                DsCRtosAlPeriodic_Task_1::onRun(DsCErrorListPool&)
                0x0000000000059220                DsCRtosAlPeriodic_Task_1::DsCRtosAlPeriodic_Task_1(DsCErrorListPool&, DsCApplication*, char const*, unsigned int, unsigned int, unsigned int, unsigned int, unsigned int, unsigned int, unsigned int, DsCTask*, unsigned int)
                0x0000000000059220                DsCRtosAlPeriodic_Task_1::DsCRtosAlPeriodic_Task_1(DsCErrorListPool&, DsCApplication*, char const*, unsigned int, unsigned int, unsigned int, unsigned int, unsigned int, unsigned int, unsigned int, DsCTask*, unsigned int)
                0x0000000000059270                DsCRtosAlPeriodic_Task_1::create(DsCErrorListPool&, DsCApplication*, char const*, unsigned int, unsigned int, unsigned int, unsigned int, unsigned int, unsigned int, unsigned int, DsCTask*, unsigned int)
                0x0000000000059320                RtosAlDefaultDeadlineViolationHandler(DsCErrorListPool&, DsCTask*)
                0x00000000000593e0                RtosAlProfilerSourcesInitialization()
                0x00000000000593f0                RtosAlHandleOverruns(DsCTask*, int)
                0x00000000000594e0                DsCRtosAlPeriodic_Task_1::onOverrun(DsCErrorListPool&)
 *fill*         0x00000000000594f5        0xb 
 .text          0x0000000000059500       0x8f CMakeFiles/STLA_MECHANICAL_2.dir/90b215248e0553bdb4ab1af7a16cd971/2024b/1/Build/STLA_MECHANICAL/SysIntCode/rtosal_taskap.cpp.o
                0x0000000000059500                RtosAlTask_02_TaskEntry
                0x0000000000059520                RtosAlTask_02_TaskExit
 *fill*         0x000000000005958f        0x1 
 .text          0x0000000000059590      0x271 CMakeFiles/STLA_MECHANICAL_2.dir/90b215248e0553bdb4ab1af7a16cd971/2024b/1/Build/STLA_MECHANICAL/SysIntCode/rtosal_simengineap.cpp.o
                0x0000000000059590                RtosAlOnInit(DsCErrorListPool&)
                0x0000000000059680                RtosAlOnStart(DsCErrorListPool&)
 *fill*         0x0000000000059801        0xf 
 .text          0x0000000000059810       0x30 CMakeFiles/STLA_MECHANICAL_2.dir/90b215248e0553bdb4ab1af7a16cd971/2024b/1/Build/STLA_MECHANICAL/SysIntCode/IOCode_Data.cpp.o
                0x0000000000059810                ap_entry_RuntimeTunableParams()
                0x0000000000059830                ap_exit_RuntimeTunableParams()
 .text          0x0000000000059840      0x122 CMakeFiles/STLA_MECHANICAL_2.dir/f4ac23405aaf0341be2c38df241db31e/STLA_MECHANICAL/SysIntCode/dssimengine_accesspoint_Power_Switch.cpp.o
                0x0000000000059840                ApSimEngineRunTimeInit_ctlcBODY_0_Power_Switch_2(DsCErrorListPool&)
                0x0000000000059860                ApSimEngineOnStartIo_ctlcBODY_0_Power_Switch_2(DsCErrorListPool&)
                0x0000000000059880                ApSimEngineOnStopIo_ctlcBODY_0_Power_Switch_2(DsCErrorListPool&)
                0x00000000000598a0                ApSimEngineOnInitIoPreRtosInit_ctlcBODY_2_Power_Switch_2(DsCErrorListPool&, DsCApplication*)
                0x00000000000598c0                ApSimEngineOnInitIoPostRtosInit_ctlcBODY_0_Power_Switch_2(DsCErrorListPool&)
 *fill*         0x0000000000059962        0xe 
 .text          0x0000000000059970       0x4c CMakeFiles/STLA_MECHANICAL_2.dir/90b215248e0553bdb4ab1af7a16cd971/2024b/1/Build/STLA_MECHANICAL/SysIntCode/IOCode_TestAutomation_0.cpp.o
                0x0000000000059970                ap_entry_IOCode_TestAutomation_0()
 .text          0x00000000000599bc        0x0 CMakeFiles/STLA_MECHANICAL_2.dir/90b215248e0553bdb4ab1af7a16cd971/2024b/1/Build/STLA_MECHANICAL/SysIntCode/mdlcfg_interapplcom.cpp.o
 *fill*         0x00000000000599bc        0x4 
 .text          0x00000000000599c0      0x2ee CMakeFiles/STLA_MECHANICAL_2.dir/1c53de163945a8c93cc9337303f08a11/ConfigurationDesk/EmbeddedSW/Src/rtosal_interapplcom.cpp.o
                0x00000000000599c0                DsCSendBuffer::DsCSendBuffer(DsCMpSender*, unsigned int, unsigned int)
                0x00000000000599c0                DsCSendBuffer::DsCSendBuffer(DsCMpSender*, unsigned int, unsigned int)
                0x00000000000599d0                DsCSendBuffer::CreateSendBuffer(DsCErrorListPool&, unsigned int, unsigned int, unsigned int, char const*, unsigned int)
                0x0000000000059a40                DsCSendBuffer::Reset()
                0x0000000000059a50                DsCSendBuffer::SendIfBufferFilled()
                0x0000000000059a70                DsCCommunicationBundle::OnReadAccess()
                0x0000000000059b90                DsCCommunicationBundle::Reset()
                0x0000000000059ba0                DsCCommunicationBundle::DsCCommunicationBundle(DsCCommunicationBundle::Protocol, unsigned int)
                0x0000000000059ba0                DsCCommunicationBundle::DsCCommunicationBundle(DsCCommunicationBundle::Protocol, unsigned int)
                0x0000000000059c20                DsCCommunicationBundle::CreateCommunicationBundle(DsCCommunicationBundle::Protocol, unsigned int)
                0x0000000000059c60                DsCCommunicationBundle::CreateReceiveBuffer(DsCErrorListPool&, unsigned int, unsigned int, unsigned int, char const*, unsigned int)
 *fill*         0x0000000000059cae        0x2 
 .text          0x0000000000059cb0      0x497 CMakeFiles/STLA_MECHANICAL_2.dir/C_/svn/branch/DELTA_branch/04_HiL_Development/Simulation/BusCode/eT_CRC_Handling.c.o
                0x0000000000059cb0                Stellantis_TwoStep_CRC
                0x0000000000059d10                eT_ChecksumCalc
                0x0000000000059d90                eT_ChecksumCheck
                0x0000000000059dd0                DsBusCustomCode_onApplicationInit_eT_CRC_Handling
                0x0000000000059de0                DsBusCustomCode_onPduFeatureExecution_eT_CRC_Handling
 *fill*         0x000000000005a147        0x9 
 .text          0x000000000005a150     0x2ed9 CMakeFiles/STLA_MECHANICAL_2.dir/C_/svn/branch/DELTA_branch/04_HiL_Development/Simulation/BusCode/DsBusCustomCode.c.o
                0x000000000005a150                PrintVersion
                0x000000000005a1b0                DsBusCustomCode_getName
                0x000000000005a280                DsBusCustomCode_setName
                0x000000000005a3d0                DsBusCustomCode_getDescriptor
                0x000000000005a4a0                DsBusCustomCode_setDescriptor
                0x000000000005a5f0                DsBusCustomCode_getHandleType
                0x000000000005a6c0                DsBusCustomCode_setHandleType
                0x000000000005a730                DsBusCustomCode_getHandleLength
                0x000000000005a800                DsBusCustomCode_setHandleLength
                0x000000000005a870                DsBusCustomCode_getHandleVersion
                0x000000000005a940                DsBusCustomCode_setHandleVersion
                0x000000000005a9b0                DsBusCustomCodePduFeature_generateHandle
                0x000000000005ab40                DsBusCustomCodePduFeature_getIsPduFeatureHandle
                0x000000000005ac00                DsBusCustomCodePduFeature_getIsPduHandle
                0x000000000005acc0                DsBusCustomCodePduFeature_getPdu
                0x000000000005ada0                DsBusCustomCodePduFeature_setPdu
                0x000000000005ae20                DsBusCustomCodePduFeature_getEcu
                0x000000000005af00                DsBusCustomCodePduFeature_setEcu
                0x000000000005af80                DsBusCustomCodePduFeature_getCommunicationCluster
                0x000000000005b060                DsBusCustomCodePduFeature_setCommunicationCluster
                0x000000000005b0e0                DsBusCustomCodePduFeature_getFeatureDataPtr
                0x000000000005b1c0                DsBusCustomCodePduFeature_setFeatureDataPtr
                0x000000000005b240                DsBusCustomCodeEcu_generateHandle
                0x000000000005b3d0                DsBusCustomCodeCommunicationCluster_generateHandle
                0x000000000005b560                DsBusCustomCodePdu_generateHandle
                0x000000000005b6f0                DsBusCustomCodePdu_getSduLength
                0x000000000005b7d0                DsBusCustomCodePdu_setSduLength
                0x000000000005b850                DsBusCustomCodePdu_getSduDataPtr
                0x000000000005b930                DsBusCustomCodePdu_setSduDataPtr
                0x000000000005ba00                DsBusCustomCodePdu_getIsTx
                0x000000000005bae0                DsBusCustomCodePdu_setIsTx
                0x000000000005bb60                DsBusCustomCodePdu_setPduType
                0x000000000005bbe0                DsBusCustomCodePdu_getPduType
                0x000000000005bcc0                DsBusCustomCodePdu_setPduSubType
                0x000000000005bd40                DsBusCustomCodePdu_getPduSubType
                0x000000000005be20                DsBusCustomCodePdu_setPduRoles
                0x000000000005bea0                DsBusCustomCodePdu_getPduRoles
                0x000000000005bf80                DsBusCustomCodePdu_setCanFrameTriggering
                0x000000000005c010                DsBusCustomCodePdu_getCanFrameTriggering
                0x000000000005c100                DsBusCustomCodePdu_setLinFrameTriggering
                0x000000000005c180                DsBusCustomCodePdu_getLinFrameTriggering
                0x000000000005c260                DsBusCustomCodePdu_setCanChannelName
                0x000000000005c3e0                DsBusCustomCodePdu_getCanChannelName
                0x000000000005c4d0                DsBusCustomCodeSignal_generateHandle
                0x000000000005c660                DsBusCustomCodeSignal_setStartBitPosition
                0x000000000005c6e0                DsBusCustomCodeSignal_getStartBitPosition
                0x000000000005c7c0                DsBusCustomCodeSignal_setLength
                0x000000000005c840                DsBusCustomCodeSignal_getLength
                0x000000000005c920                DsBusCustomCodeSignal_setEndianness
                0x000000000005c9a0                DsBusCustomCodeSignal_getEndianness
                0x000000000005ca80                DsBusCustomCodeSignal_setSignalRole
                0x000000000005cb00                DsBusCustomCodeSignal_getSignalRole
                0x000000000005cbe0                DsBusCustomCodeUserPort_generateHandle
                0x000000000005cd70                DsBusCustomCodeUserPort_setPortData
                0x000000000005cdf0                DsBusCustomCodeUserPort_getPortData
                0x000000000005ced0                DsBusCustomCodeUserPort_setDirection
                0x000000000005cf50                DsBusCustomCodeUserPort_getDirection
 *fill*         0x000000000005d029        0x7 
 .text          0x000000000005d030      0xa9e CMakeFiles/STLA_MECHANICAL_2.dir/C_/svn/branch/DELTA_branch/04_HiL_Development/Simulation/BusCode/DsBusCustomCode_PduUserCode.c.o
                0x000000000005d030                DsBusCustomCodeUserCodePduFeature_generateHandle
                0x000000000005d1d0                DsBusCustomCodeUserCodePduFeature_getResult
                0x000000000005d2b0                DsBusCustomCodeUserCodePduFeature_setResult
                0x000000000005d330                DsBusCustomCodeUserCodePduFeature_setUserSignals
                0x000000000005d400                DsBusCustomCodeUserCodePduFeature_getUserSignals
                0x000000000005d4f0                DsBusCustomCodeUserCodePduFeature_setNumberOfUserSignals
                0x000000000005d570                DsBusCustomCodeUserCodePduFeature_getNumberOfUserSignals
                0x000000000005d650                DsBusCustomCodeUserCodePduFeature_setUserPorts
                0x000000000005d730                DsBusCustomCodeUserCodePduFeature_getUserPorts
                0x000000000005d820                DsBusCustomCodeUserCodePduFeature_setNumberOfUserPorts
                0x000000000005d8a0                DsBusCustomCodeUserCodePduFeature_getNumberOfUserPorts
                0x000000000005d980                DsBusCustomCodeUserCodePduFeature_setRuntimeCanFrameTriggering
                0x000000000005da20                DsBusCustomCodeUserCodePduFeature_getRuntimeCanFrameTriggering
 *fill*         0x000000000005dace        0x2 
 .text          0x000000000005dad0      0x429 CMakeFiles/STLA_MECHANICAL_2.dir/C_/svn/branch/DELTA_branch/04_HiL_Development/Simulation/BusCode/eT_CRC_Handling_forManipulation.c.o
                0x000000000005dad0                Stellantis_TwoStep_CRC2
                0x000000000005db30                eT_ChecksumCalc2
                0x000000000005dbb0                eT_ChecksumCheck2
                0x000000000005dbf0                DsBusCustomCode_onApplicationInit_eT_CRC_Handling_forManipulation
                0x000000000005dc00                DsBusCustomCode_onPduFeatureExecution_eT_CRC_Handling_forManipulation
 *fill*         0x000000000005def9        0x7 
 .text          0x000000000005df00      0x12a lib/STLA_MECHANICAL/libSTLA_MECHANICAL.a(STLA_MECHANICAL_dsrtmdlfcn.c.o)
                0x000000000005df00                STLA_MECHANICAL_DSRTCheckForErrorStatus
                0x000000000005df50                STLA_MECHANICAL_DSRTInitMdl
                0x000000000005df80                STLA_MECHANICAL_DSRTStartMdl
                0x000000000005dfb0                STLA_MECHANICAL_DSRTStopMdl
                0x000000000005dfd0                STLA_MECHANICAL_DSRTCheckForSimulationStopCondition
 *fill*         0x000000000005e02a        0x6 
 .text          0x000000000005e030       0x16 lib/STLA_MECHANICAL/libSTLA_MECHANICAL.a(STLA_MECHANICAL_dsrttf.c.o)
                0x000000000005e030                STLA_MECHANICAL_DSRTMdlOutputs0
                0x000000000005e040                STLA_MECHANICAL_DSRTMdlUpdate0
 *fill*         0x000000000005e046        0xa 
 .text          0x000000000005e050     0x40b8 lib/STLA_MECHANICAL/libSTLA_MECHANICAL.a(STLA_MECHANICAL.c.o)
                0x000000000005e5c0                look1_pbinlcapw
                0x000000000005e680                look2_pbinlcapw
                0x000000000005e830                STLA_MECHANICAL_output
                0x0000000000061680                STLA_MECHANICAL_update
                0x0000000000061b00                STLA_MECHANICAL_initialize
                0x0000000000062080                STLA_MECHANICAL_terminate
 .text          0x0000000000062108        0x0 lib/STLA_MECHANICAL/libSTLA_MECHANICAL.a(STLA_MECHANICAL_data.c.o)
 *fill*         0x0000000000062108        0x8 
 .text          0x0000000000062110      0x107 lib/STLA_MECHANICAL/libSTLA_MECHANICAL.a(STLA_MECHANICAL_dsrtvdf.c.o)
                0x0000000000062210                STLA_MECHANICAL_rti_init_trc_pointers
 *fill*         0x0000000000062217        0x9 
 .text          0x0000000000062220      0x11d lib/STLA_MECHANICAL/libSTLA_MECHANICAL.a(rt_nonfinite.c.o)
                0x0000000000062220                rt_InitInfAndNaN
                0x0000000000062290                rtIsInf
                0x00000000000622c0                rtIsInfF
                0x00000000000622f0                rtIsNaN
                0x0000000000062320                rtIsNaNF
 *fill*         0x000000000006233d        0x3 
 .text          0x0000000000062340      0x250 lib/STLA_MECHANICAL/libSTLA_MECHANICAL.a(STLA_MECHANICAL_efe66881_1_gateway.c.o)
                0x0000000000062340                STLA_MECHANICAL_efe66881_1_gateway
 .text          0x0000000000062590       0x39 lib/STLA_MECHANICAL/libSTLA_MECHANICAL.a(rtGetInf.c.o)
                0x0000000000062590                rtGetInf
                0x00000000000625a0                rtGetInfF
                0x00000000000625b0                rtGetMinusInf
                0x00000000000625c0                rtGetMinusInfF
 *fill*         0x00000000000625c9        0x7 
 .text          0x00000000000625d0       0x19 lib/STLA_MECHANICAL/libSTLA_MECHANICAL.a(rtGetNaN.c.o)
                0x00000000000625d0                rtGetNaN
                0x00000000000625e0                rtGetNaNF
 *fill*         0x00000000000625e9        0x7 
 .text          0x00000000000625f0      0x62e lib/STLA_MECHANICAL/libSTLA_MECHANICAL.a(STLA_MECHANICAL_efe66881_49.c.o)
                0x0000000000062a80                STLA_MECHANICAL_efe66881_49_dae
 *fill*         0x0000000000062c1e        0x2 
 .text          0x0000000000062c20      0x21a lib/STLA_MECHANICAL/libSTLA_MECHANICAL.a(rt_backsubrr_dbl.c.o)
                0x0000000000062c20                rt_BackwardSubstitutionRR_Dbl
 *fill*         0x0000000000062e3a        0x6 
 .text          0x0000000000062e40      0x1e8 lib/STLA_MECHANICAL/libSTLA_MECHANICAL.a(rt_forwardsubrr_dbl.c.o)
                0x0000000000062e40                rt_ForwardSubstitutionRR_Dbl
 *fill*         0x0000000000063028        0x8 
 .text          0x0000000000063030      0x562 lib/STLA_MECHANICAL/libSTLA_MECHANICAL.a(rt_lu_real.c.o)
                0x0000000000063030                rt_lu_real
 *fill*         0x0000000000063592        0xe 
 .text          0x00000000000635a0     0x6a8b lib/STLA_MECHANICAL/libSTLA_MECHANICAL.a(STLA_MECHANICAL_efe66881_49_ds.c.o)
                0x0000000000067220                STLA_MECHANICAL_efe66881_49_dae_ds
 *fill*         0x000000000006a02b        0x5 
 .text          0x000000000006a030      0x729 lib/STLA_MECHANICAL/libSTLA_MECHANICAL.a(STLA_MECHANICAL_efe66881_49_ds_y.c.o)
                0x000000000006a030                STLA_MECHANICAL_efe66881_49_ds_y
 *fill*         0x000000000006a759        0x7 
 .text          0x000000000006a760      0xf08 lib/STLA_MECHANICAL/libSTLA_MECHANICAL.a(STLA_MECHANICAL_efe66881_49_ds_ic.c.o)
                0x000000000006a760                STLA_MECHANICAL_efe66881_49_ds_ic
 *fill*         0x000000000006b668        0x8 
 .text          0x000000000006b670     0x386a lib/STLA_MECHANICAL/libSTLA_MECHANICAL.a(STLA_MECHANICAL_efe66881_49_ds_f.c.o)
                0x000000000006b670                STLA_MECHANICAL_efe66881_49_ds_f
 *fill*         0x000000000006eeda        0x6 
 .text          0x000000000006eee0      0x470 lib/STLA_MECHANICAL/libSTLA_MECHANICAL.a(STLA_MECHANICAL_efe66881_49_ds_dxy_p.c.o)
                0x000000000006eee0                STLA_MECHANICAL_efe66881_49_ds_dxy_p
 .text          0x000000000006f350       0x2a lib/STLA_MECHANICAL/libSTLA_MECHANICAL.a(STLA_MECHANICAL_efe66881_49_ds_slv.c.o)
                0x000000000006f350                STLA_MECHANICAL_efe66881_49_ds_slv
 *fill*         0x000000000006f37a        0x6 
 .text          0x000000000006f380      0x165 lib/STLA_MECHANICAL/libSTLA_MECHANICAL.a(STLA_MECHANICAL_efe66881_49_ds_tduf_p.c.o)
                0x000000000006f380                STLA_MECHANICAL_efe66881_49_ds_tduf_p
 *fill*         0x000000000006f4e5        0xb 
 .text          0x000000000006f4f0      0x4b6 lib/STLA_MECHANICAL/libSTLA_MECHANICAL.a(STLA_MECHANICAL_efe66881_49_ds_mcon_p.c.o)
                0x000000000006f4f0                STLA_MECHANICAL_efe66881_49_ds_mcon_p
 *fill*         0x000000000006f9a6        0xa 
 .text          0x000000000006f9b0       0x2a lib/STLA_MECHANICAL/libSTLA_MECHANICAL.a(STLA_MECHANICAL_efe66881_49_ds_slf.c.o)
                0x000000000006f9b0                STLA_MECHANICAL_efe66881_49_ds_slf
 *fill*         0x000000000006f9da        0x6 
 .text          0x000000000006f9e0     0x5c43 lib/STLA_MECHANICAL/libSTLA_MECHANICAL.a(STLA_MECHANICAL_efe66881_49_ds_obs_exp.c.o)
                0x000000000006f9e0                STLA_MECHANICAL_efe66881_49_ds_obs_exp
 *fill*         0x0000000000075623        0xd 
 .text          0x0000000000075630     0x39a4 lib/STLA_MECHANICAL/libSTLA_MECHANICAL.a(STLA_MECHANICAL_efe66881_49_ds_mode.c.o)
                0x0000000000075630                STLA_MECHANICAL_efe66881_49_ds_mode
 *fill*         0x0000000000078fd4        0xc 
 .text          0x0000000000078fe0     0x4261 lib/STLA_MECHANICAL/libSTLA_MECHANICAL.a(STLA_MECHANICAL_efe66881_49_ds_zc.c.o)
                0x0000000000078fe0                STLA_MECHANICAL_efe66881_49_ds_zc
 *fill*         0x000000000007d241        0xf 
 .text          0x000000000007d250     0x5b96 lib/STLA_MECHANICAL/libSTLA_MECHANICAL.a(STLA_MECHANICAL_efe66881_49_ds_lock_i.c.o)
                0x000000000007d250                STLA_MECHANICAL_efe66881_49_ds_lock_i
 *fill*         0x0000000000082de6        0xa 
 .text          0x0000000000082df0     0x1ef3 lib/STLA_MECHANICAL/libSTLA_MECHANICAL.a(STLA_MECHANICAL_efe66881_49_ds_update2_i.c.o)
                0x0000000000082df0                STLA_MECHANICAL_efe66881_49_ds_update2_i
 *fill*         0x0000000000084ce3        0xd 
 .text          0x0000000000084cf0      0x434 lib/STLA_MECHANICAL/libSTLA_MECHANICAL.a(STLA_MECHANICAL_efe66881_49_ds_q1_p.c.o)
                0x0000000000084cf0                STLA_MECHANICAL_efe66881_49_ds_q1_p
 *fill*         0x0000000000085124        0xc 
 .text          0x0000000000085130      0x3fd lib/STLA_MECHANICAL/libSTLA_MECHANICAL.a(STLA_MECHANICAL_efe66881_49_ds_duf.c.o)
                0x0000000000085130                STLA_MECHANICAL_efe66881_49_ds_duf
 *fill*         0x000000000008552d        0x3 
 .text          0x0000000000085530      0x139 lib/STLA_MECHANICAL/libSTLA_MECHANICAL.a(STLA_MECHANICAL_efe66881_49_ds_duf_p.c.o)
                0x0000000000085530                STLA_MECHANICAL_efe66881_49_ds_duf_p
 *fill*         0x0000000000085669        0x7 
 .text          0x0000000000085670       0x2a lib/STLA_MECHANICAL/libSTLA_MECHANICAL.a(STLA_MECHANICAL_efe66881_49_ds_lv.c.o)
                0x0000000000085670                STLA_MECHANICAL_efe66881_49_ds_lv
 *fill*         0x000000000008569a        0x6 
 .text          0x00000000000856a0       0x59 lib/STLA_MECHANICAL/libSTLA_MECHANICAL.a(STLA_MECHANICAL_efe66881_49_ds_acon_p.c.o)
                0x00000000000856a0                STLA_MECHANICAL_efe66881_49_ds_acon_p
 *fill*         0x00000000000856f9        0x7 
 .text          0x0000000000085700     0x23b0 lib/STLA_MECHANICAL/libSTLA_MECHANICAL.a(STLA_MECHANICAL_efe66881_49_ds_lock2_i.c.o)
                0x0000000000085700                STLA_MECHANICAL_efe66881_49_ds_lock2_i
 .text          0x0000000000087ab0       0x59 lib/STLA_MECHANICAL/libSTLA_MECHANICAL.a(STLA_MECHANICAL_efe66881_49_ds_qx_p.c.o)
                0x0000000000087ab0                STLA_MECHANICAL_efe66881_49_ds_qx_p
 *fill*         0x0000000000087b09        0x7 
 .text          0x0000000000087b10       0x64 lib/STLA_MECHANICAL/libSTLA_MECHANICAL.a(STLA_MECHANICAL_efe66881_49_ds_apar_p.c.o)
                0x0000000000087b10                STLA_MECHANICAL_efe66881_49_ds_apar_p
 *fill*         0x0000000000087b74        0xc 
 .text          0x0000000000087b80       0x2a lib/STLA_MECHANICAL/libSTLA_MECHANICAL.a(STLA_MECHANICAL_efe66881_49_ds_vpf.c.o)
                0x0000000000087b80                STLA_MECHANICAL_efe66881_49_ds_vpf
 *fill*         0x0000000000087baa        0x6 
 .text          0x0000000000087bb0     0x3799 lib/STLA_MECHANICAL/libSTLA_MECHANICAL.a(STLA_MECHANICAL_efe66881_49_ds_dxf.c.o)
                0x0000000000087bb0                STLA_MECHANICAL_efe66881_49_ds_dxf
 *fill*         0x000000000008b349        0x7 
 .text          0x000000000008b350       0xec lib/STLA_MECHANICAL/libSTLA_MECHANICAL.a(STLA_MECHANICAL_efe66881_49_ds_bcon_p.c.o)
                0x000000000008b350                STLA_MECHANICAL_efe66881_49_ds_bcon_p
 *fill*         0x000000000008b43c        0x4 
 .text          0x000000000008b440      0x470 lib/STLA_MECHANICAL/libSTLA_MECHANICAL.a(STLA_MECHANICAL_efe66881_49_ds_tdxy_p.c.o)
                0x000000000008b440                STLA_MECHANICAL_efe66881_49_ds_tdxy_p
 .text          0x000000000008b8b0     0x8f43 lib/STLA_MECHANICAL/libSTLA_MECHANICAL.a(STLA_MECHANICAL_efe66881_49_ds_obs_act.c.o)
                0x000000000008b8b0                STLA_MECHANICAL_efe66881_49_ds_obs_act
 *fill*         0x00000000000947f3        0xd 
 .text          0x0000000000094800      0x3fb lib/STLA_MECHANICAL/libSTLA_MECHANICAL.a(STLA_MECHANICAL_efe66881_49_ds_dxy.c.o)
                0x0000000000094800                STLA_MECHANICAL_efe66881_49_ds_dxy
 *fill*         0x0000000000094bfb        0x5 
 .text          0x0000000000094c00       0x2a lib/STLA_MECHANICAL/libSTLA_MECHANICAL.a(STLA_MECHANICAL_efe66881_49_ds_dnf_v_x.c.o)
                0x0000000000094c00                STLA_MECHANICAL_efe66881_49_ds_dnf_v_x
 *fill*         0x0000000000094c2a        0x6 
 .text          0x0000000000094c30       0x59 lib/STLA_MECHANICAL/libSTLA_MECHANICAL.a(STLA_MECHANICAL_efe66881_49_ds_tdxf_p.c.o)
                0x0000000000094c30                STLA_MECHANICAL_efe66881_49_ds_tdxf_p
 *fill*         0x0000000000094c89        0x7 
 .text          0x0000000000094c90     0x83ac lib/STLA_MECHANICAL/libSTLA_MECHANICAL.a(STLA_MECHANICAL_efe66881_49_ds_log.c.o)
                0x0000000000094c90                STLA_MECHANICAL_efe66881_49_ds_log
 *fill*         0x000000000009d03c        0x4 
 .text          0x000000000009d040     0x5e0a lib/STLA_MECHANICAL/libSTLA_MECHANICAL.a(STLA_MECHANICAL_efe66881_49_ds_update_i.c.o)
                0x000000000009d040                STLA_MECHANICAL_efe66881_49_ds_update_i
 *fill*         0x00000000000a2e4a        0x6 
 .text          0x00000000000a2e50      0x7d2 lib/STLA_MECHANICAL/libSTLA_MECHANICAL.a(STLA_MECHANICAL_efe66881_49_ds_assert.c.o)
                0x00000000000a2e50                STLA_MECHANICAL_efe66881_49_ds_assert
 *fill*         0x00000000000a3622        0xe 
 .text          0x00000000000a3630     0x8f43 lib/STLA_MECHANICAL/libSTLA_MECHANICAL.a(STLA_MECHANICAL_efe66881_49_ds_obs_all.c.o)
                0x00000000000a3630                STLA_MECHANICAL_efe66881_49_ds_obs_all
 *fill*         0x00000000000ac573        0xd 
 .text          0x00000000000ac580       0x2a lib/STLA_MECHANICAL/libSTLA_MECHANICAL.a(STLA_MECHANICAL_efe66881_49_ds_obs_il.c.o)
                0x00000000000ac580                STLA_MECHANICAL_efe66881_49_ds_obs_il
 *fill*         0x00000000000ac5aa        0x6 
 .text          0x00000000000ac5b0       0x2a lib/STLA_MECHANICAL/libSTLA_MECHANICAL.a(STLA_MECHANICAL_efe66881_49_ds_slf0.c.o)
                0x00000000000ac5b0                STLA_MECHANICAL_efe66881_49_ds_slf0
 *fill*         0x00000000000ac5da        0x6 
 .text          0x00000000000ac5e0      0x243 lib/STLA_MECHANICAL/libSTLA_MECHANICAL.a(STLA_MECHANICAL_efe66881_49_ds_dpdxf_p.c.o)
                0x00000000000ac5e0                STLA_MECHANICAL_efe66881_49_ds_dpdxf_p
 *fill*         0x00000000000ac823        0xd 
 .text          0x00000000000ac830      0x2cd lib/STLA_MECHANICAL/libSTLA_MECHANICAL.a(STLA_MECHANICAL_efe66881_49_ds_vmm.c.o)
                0x00000000000ac830                STLA_MECHANICAL_efe66881_49_ds_vmm
 *fill*         0x00000000000acafd        0x3 
 .text          0x00000000000acb00      0x243 lib/STLA_MECHANICAL/libSTLA_MECHANICAL.a(STLA_MECHANICAL_efe66881_49_ds_dpm_p.c.o)
                0x00000000000acb00                STLA_MECHANICAL_efe66881_49_ds_dpm_p
 *fill*         0x00000000000acd43        0xd 
 .text          0x00000000000acd50       0x2a lib/STLA_MECHANICAL/libSTLA_MECHANICAL.a(STLA_MECHANICAL_efe66881_49_ds_vmf.c.o)
                0x00000000000acd50                STLA_MECHANICAL_efe66881_49_ds_vmf
 *fill*         0x00000000000acd7a        0x6 
 .text          0x00000000000acd80       0x59 lib/STLA_MECHANICAL/libSTLA_MECHANICAL.a(STLA_MECHANICAL_efe66881_49_ds_dxf_p.c.o)
                0x00000000000acd80                STLA_MECHANICAL_efe66881_49_ds_dxf_p
 *fill*         0x00000000000acdd9        0x7 
 .text          0x00000000000acde0     0x349e lib/STLA_MECHANICAL/libSTLA_MECHANICAL.a(STLA_MECHANICAL_efe66881_49_ds_cache_i.c.o)
                0x00000000000acde0                STLA_MECHANICAL_efe66881_49_ds_cache_i
 *fill*         0x00000000000b027e        0x2 
 .text          0x00000000000b0280      0x4b7 lib/STLA_MECHANICAL/libSTLA_MECHANICAL.a(STLA_MECHANICAL_efe66881_49_ds_mcon.c.o)
                0x00000000000b0280                STLA_MECHANICAL_efe66881_49_ds_mcon
 *fill*         0x00000000000b0737        0x9 
 .text          0x00000000000b0740     0x1050 lib/STLA_MECHANICAL/libSTLA_MECHANICAL.a(STLA_MECHANICAL_efe66881_49_ds_acon.c.o)
                0x00000000000b0740                STLA_MECHANICAL_efe66881_49_ds_acon
 .text          0x00000000000b1790       0xdd lib/STLA_MECHANICAL/libSTLA_MECHANICAL.a(STLA_MECHANICAL_efe66881_49_ds_dnf_p.c.o)
                0x00000000000b1790                STLA_MECHANICAL_efe66881_49_ds_dnf_p
 *fill*         0x00000000000b186d        0x3 
 .text          0x00000000000b1870      0x139 lib/STLA_MECHANICAL/libSTLA_MECHANICAL.a(STLA_MECHANICAL_efe66881_49_ds_qu_p.c.o)
                0x00000000000b1870                STLA_MECHANICAL_efe66881_49_ds_qu_p
 *fill*         0x00000000000b19a9        0x7 
 .text          0x00000000000b19b0      0x494 lib/STLA_MECHANICAL/libSTLA_MECHANICAL.a(STLA_MECHANICAL_efe66881_49_ds_q1.c.o)
                0x00000000000b19b0                STLA_MECHANICAL_efe66881_49_ds_q1
 *fill*         0x00000000000b1e44        0xc 
 .text          0x00000000000b1e50       0x2d lib/STLA_MECHANICAL/libSTLA_MECHANICAL.a(STLA_MECHANICAL_efe66881_49_ds_qx.c.o)
                0x00000000000b1e50                STLA_MECHANICAL_efe66881_49_ds_qx
 *fill*         0x00000000000b1e7d        0x3 
 .text          0x00000000000b1e80       0x41 lib/ssc_sli/libssc_sli.a(ssc_sli_0bd269e6.c.o)
                0x00000000000b1e80                nesl_get_registry
                0x00000000000b1eb0                nesl_destroy_current_registry
 *fill*         0x00000000000b1ec1        0xf 
 .text          0x00000000000b1ed0      0x266 lib/ssc_sli/libssc_sli.a(ssc_sli_136f97a1.c.o)
                0x00000000000b1ed0                getThisThreadId_ssc
                0x00000000000b1ee0                lock_mutex_ssc
                0x00000000000b1ef0                init_mutex_ssc
                0x00000000000b1f10                release_mutex_ssc
                0x00000000000b1f20                ssc_sli_k_5p8pHWSjWb_iOOSEkufw
                0x00000000000b2010                ssc_sli_kle0eLdw_TGgZu77e0_6tV
                0x00000000000b20a0                ssc_sli__oqiE2jZFb_FiPOagctIlv
 *fill*         0x00000000000b2136        0xa 
 .text          0x00000000000b2140      0x6e0 lib/ssc_sli/libssc_sli.a(ssc_sli_5a0cb974.c.o)
                0x00000000000b2710                ssc_sli_VOD4P8jtF44thLsgj24JOv
 .text          0x00000000000b2820      0x4b6 lib/ssc_sli/libssc_sli.a(ssc_sli_c7dda239.c.o)
                0x00000000000b2820                ssc_sli__E2En5C38sKkf10q87f_6r
                0x00000000000b2860                ssc_sli_kL99_5cHLmxghas7N3r9Zv
                0x00000000000b2930                ssc_sli_VkYX_SGbjaxLeP83OsvPK1
                0x00000000000b2970                ssc_sli_kjCUzvEgS0K3YXfe42vpbV
                0x00000000000b2a20                ssc_sli_VIyatHrN8MOXeqptrGLy92
                0x00000000000b2b50                ssc_sli_V969V5M3fo4Uh9_u0PlPM9
 *fill*         0x00000000000b2cd6        0xa 
 .text          0x00000000000b2ce0      0x14c lib/ssc_sli/libssc_sli.a(ssc_sli_fbdf29da.c.o)
                0x00000000000b2ce0                nesl_register_simulator_group
 *fill*         0x00000000000b2e2c        0x4 
 .text          0x00000000000b2e30      0xb0d lib/ssc_sli/libssc_sli.a(ssc_sli_fa0ce53e.c.o)
                0x00000000000b3110                ssc_sli_VMtsxRK8QQGzeaS8_i7_Nq
 *fill*         0x00000000000b393d        0x3 
 .text          0x00000000000b3940      0x258 lib/ssc_sli/libssc_sli.a(ssc_sli_2f6ea1cd.c.o)
                0x00000000000b3b10                ssc_sli_ksx_vVQlURCxgyq9CGxLSe
 *fill*         0x00000000000b3b98        0x8 
 .text          0x00000000000b3ba0      0x1c8 lib/ssc_sli/libssc_sli.a(ssc_sli_37d957ac.c.o)
                0x00000000000b3ce0                ssc_sli_kqK_QjLGmjt6jyGm_zug9J
 *fill*         0x00000000000b3d68        0x8 
 .text          0x00000000000b3d70      0x348 lib/ssc_sli/libssc_sli.a(ssc_sli_40d56d93.c.o)
                0x00000000000b4030                ssc_sli_VbGmXcLzFp_8j5IUl1j7sx
 *fill*         0x00000000000b40b8        0x8 
 .text          0x00000000000b40c0       0x2c lib/ssc_sli/libssc_sli.a(ssc_sli_550a4805.c.o)
                0x00000000000b40c0                ssc_sli_V6QU32Z5_64tjTA6O2RiDT
                0x00000000000b40d0                ssc_sli_FTk7qTmkjRx1ePKdYP81b4
 *fill*         0x00000000000b40ec        0x4 
 .text          0x00000000000b40f0     0x320c lib/ssc_sli/libssc_sli.a(ssc_sli_89d0f30a.c.o)
                0x00000000000b63d0                ssc_sli_VfN07FgiRZSefik_DO2taq
 *fill*         0x00000000000b72fc        0x4 
 .text          0x00000000000b7300      0x501 lib/ssc_sli/libssc_sli.a(ssc_sli_8a64c4e2.c.o)
                0x00000000000b76c0                ssc_sli_VLk_8sLlnOx6beoC4sUB5z
 *fill*         0x00000000000b7801        0xf 
 .text          0x00000000000b7810      0x1dd lib/ssc_sli/libssc_sli.a(ssc_sli_9c030181.c.o)
                0x00000000000b7890                ssc_sli_k0ufrNdpAv41iyy4nYVayZ
 *fill*         0x00000000000b79ed        0x3 
 .text          0x00000000000b79f0       0x49 lib/ssc_sli/libssc_sli.a(ssc_sli_dcd66f69.c.o)
                0x00000000000b79f0                ssc_sli_FlwH1Uk68l8__XcGRKVOFU
 *fill*         0x00000000000b7a39        0x7 
 .text          0x00000000000b7a40      0x6aa lib/ssc_sli/libssc_sli.a(ssc_sli_eb0a5702.c.o)
                0x00000000000b7ad0                ssc_sli_FNDGGyD__pW8V5oYvyTcOx
                0x00000000000b8080                ssc_sli_VFAgv3LNzaduZiDczO6Fl6
 *fill*         0x00000000000b80ea        0x6 
 .text          0x00000000000b80f0      0x1e1 lib/ssc_sli/libssc_sli.a(ssc_sli_0763c151.c.o)
                0x00000000000b8210                ssc_sli_Vj3WLN6cOGh7aDcjcwnqvS
 *fill*         0x00000000000b82d1        0xf 
 .text          0x00000000000b82e0      0x3b3 lib/ssc_sli/libssc_sli.a(ssc_sli_360cfd63.c.o)
                0x00000000000b85b0                ssc_sli_V_ZazD6PD6S3eXGAVfn0LE
 *fill*         0x00000000000b8693        0xd 
 .text          0x00000000000b86a0       0xcc lib/ssc_sli/libssc_sli.a(ssc_sli_43618287.c.o)
                0x00000000000b86f0                ssc_sli_V_9j7Lut06dxZm55hFsXWk
 *fill*         0x00000000000b876c        0x4 
 .text          0x00000000000b8770      0x73c lib/ssc_sli/libssc_sli.a(ssc_sli_466b08dd.c.o)
                0x00000000000b8b00                ssc_sli_kgxYKhAdyq8AV5c_ySS8K7
 *fill*         0x00000000000b8eac        0x4 
 .text          0x00000000000b8eb0     0x1000 lib/ssc_sli/libssc_sli.a(ssc_sli_4e028390.c.o)
                0x00000000000b9730                ssc_sli_VjrjilZerd44WLk4aYrZll
 .text          0x00000000000b9eb0        0x0 lib/ssc_sli/libssc_sli.a(ssc_sli_62d81790.c.o)
 .text          0x00000000000b9eb0      0x3be lib/ssc_sli/libssc_sli.a(ssc_sli_77063d8b.c.o)
                0x00000000000b9fd0                ssc_sli__I47h7dpaOKCa5KlAivmZL
 *fill*         0x00000000000ba26e        0x2 
 .text          0x00000000000ba270      0x217 lib/ssc_sli/libssc_sli.a(ssc_sli_7a618260.c.o)
                0x00000000000ba3e0                ssc_sli_VL26zC6phGO8eyuinCtp38
 *fill*         0x00000000000ba487        0x9 
 .text          0x00000000000ba490      0x50e lib/ssc_core/libssc_core.a(ssc_core_05058dd9.c.o)
                0x00000000000ba490                ne_dae_create
 *fill*         0x00000000000ba99e        0x2 
 .text          0x00000000000ba9a0    0x1627c lib/ssc_core/libssc_core.a(ssc_core_0d65be6c.c.o)
                0x00000000000cc620                ssc_core_VWfw9pm8n70_c97VpxRhyL
 *fill*         0x00000000000d0c1c        0x4 
 .text          0x00000000000d0c20       0x6c lib/ssc_core/libssc_core.a(ssc_core_1c6b0332.c.o)
                0x00000000000d0c20                ssc_core__y4PZz_v010p_LLg_ppbfr
                0x00000000000d0c30                ssc_core_kf8j_reOQEt6gTdSMEIO5Z
                0x00000000000d0c50                ssc_core_kremR9T_jipqWDqgtIuNDy
                0x00000000000d0c70                ssc_core_FikO_mwNtt0BdDdA1bwWew
 *fill*         0x00000000000d0c8c        0x4 
 .text          0x00000000000d0c90      0x231 lib/ssc_core/libssc_core.a(ssc_core_360a4baf.c.o)
                0x00000000000d0d40                ssc_core_VaIQ_0a09n_VcykrBMAnpS
 *fill*         0x00000000000d0ec1        0xf 
 .text          0x00000000000d0ed0     0x7108 lib/ssc_core/libssc_core.a(ssc_core_67d1f118.c.o)
                0x00000000000d5a80                ssc_core_FiVefK4Ah8xIf5SBkwksfk
                0x00000000000d5d90                ssc_core_FR9xUJcchzWyhDqhoVxXz2
                0x00000000000d5f00                ssc_core_VJCDxn4BxMOof9B4Ll35Zj
                0x00000000000d63c0                ssc_core__P_rM0ulMG8XbPKNonJs0y
 *fill*         0x00000000000d7fd8        0x8 
 .text          0x00000000000d7fe0      0x786 lib/ssc_core/libssc_core.a(ssc_core_6b6b89d2.c.o)
                0x00000000000d7fe0                ssc_core_ku2FnNFJy1h3jmBtK_CfnV
                0x00000000000d8170                ssc_core_k5MVDilddMpajHCehubi9V
                0x00000000000d85e0                ssc_core_kYqVhcykCGGF_LRwZXHXFZ
                0x00000000000d8680                ssc_core_FTGMlux5hAO_guCCEzGooq
                0x00000000000d8720                ssc_core__QVne8tEfIh1fuOapXWt7B
 *fill*         0x00000000000d8766        0xa 
 .text          0x00000000000d8770      0x2f8 lib/ssc_core/libssc_core.a(ssc_core_6dd833f3.c.o)
                0x00000000000d8770                ssc_core__HHDrnkB2mCQc1uq6IyzeN
 *fill*         0x00000000000d8a68        0x8 
 .text          0x00000000000d8a70      0x2b8 lib/ssc_core/libssc_core.a(ssc_core_770cead7.c.o)
                0x00000000000d8bd0                ssc_core_V2b5WBjkcPlsb9dufPuJOH
 *fill*         0x00000000000d8d28        0x8 
 .text          0x00000000000d8d30      0x8ba lib/ssc_core/libssc_core.a(ssc_core_8569edc5.c.o)
                0x00000000000d91d0                ssc_core_V1uuH3XNucp5hqFughwKdS
 *fill*         0x00000000000d95ea        0x6 
 .text          0x00000000000d95f0      0x151 lib/ssc_core/libssc_core.a(ssc_core_89d7fa79.c.o)
                0x00000000000d9660                ssc_core_FGEKvEJWkMxuie_sxrgiRQ
                0x00000000000d9730                ssc_core_Vm1h_PHLtOWEemdmkWLmch
 *fill*         0x00000000000d9741        0xf 
 .text          0x00000000000d9750     0x1112 lib/ssc_core/libssc_core.a(ssc_core_8a6471dc.c.o)
                0x00000000000da220                ssc_core_k_Mu2ti1J_lbVqjx_ZEAYa
                0x00000000000da6b0                ssc_core_FLfse6txoxWqbuW9PiIbN6
 *fill*         0x00000000000da862        0xe 
 .text          0x00000000000da870      0x40a lib/ssc_core/libssc_core.a(ssc_core_8cd9cb37.c.o)
                0x00000000000daaf0                ssc_core_kl6IhAssEQhZemVGxBpTtC
 *fill*         0x00000000000dac7a        0x6 
 .text          0x00000000000dac80      0x9cf lib/ssc_core/libssc_core.a(ssc_core_990fe1a4.c.o)
                0x00000000000db300                ssc_core_V0vsTnD7fy8Xg1959TxYYk
                0x00000000000db380                ssc_core__UVULqfMflWzhm2rUe__v3
                0x00000000000db470                ssc_core_ktzwrMaYFbtIh1bZHyLi0h
                0x00000000000db550                ssc_core_FvcjXZYL2Op_a1Xq56SLdB
 *fill*         0x00000000000db64f        0x1 
 .text          0x00000000000db650     0x115c lib/ssc_core/libssc_core.a(ssc_core_9b607b15.c.o)
                0x00000000000db650                ssc_core__UmNK8YpDR_xiesFN5IQZI
                0x00000000000db860                ssc_core__GKZvVtKVlhwhmxpzysdDZ
 *fill*         0x00000000000dc7ac        0x4 
 .text          0x00000000000dc7b0     0x2ce3 lib/ssc_core/libssc_core.a(ssc_core_9fb0e229.c.o)
                0x00000000000de780                ssc_core_FVn97uIP7dC7iD7VaqfiCk
                0x00000000000de840                ssc_core_kKjxE6V_0U4fY9eWu65ZeA
                0x00000000000df1b0                ssc_core_kVwfzbZPj7Ske9mT6Fjj2j
                0x00000000000df2e0                ssc_core_Fp7TwZh5_lxIcLVTr8TmJP
                0x00000000000df3c0                ssc_core__cj_tXFo07GQf9zGSTmf13
                0x00000000000df460                ssc_core_VYMdx4cOQMWFdm8tAhL3ZU
 *fill*         0x00000000000df493        0xd 
 .text          0x00000000000df4a0       0xb6 lib/ssc_core/libssc_core.a(ssc_core_a4d4c45e.c.o)
                0x00000000000df4a0                ssc_core_FU_ZMK9VNNhtcuXZrIVOUk
 *fill*         0x00000000000df556        0xa 
 .text          0x00000000000df560     0x3220 lib/ssc_core/libssc_core.a(ssc_core_abd5e7b4.c.o)
                0x00000000000e0b60                ssc_core_VmP22smMC4Slgm6aM4EE7q
                0x00000000000e0bb0                ssc_core_FMyN5n4taIGDbaIlL5ofIn
 .text          0x00000000000e2780      0x551 lib/ssc_core/libssc_core.a(ssc_core_acb64294.c.o)
                0x00000000000e2820                ssc_core_V1OFO2M_xcO7iXmNFMRDsy
 *fill*         0x00000000000e2cd1        0xf 
 .text          0x00000000000e2ce0      0x65e lib/ssc_core/libssc_core.a(ssc_core_acb6462e.c.o)
                0x00000000000e3000                ssc_core_VM5e4brKssOwV5slP_J8YE
 *fill*         0x00000000000e333e        0x2 
 .text          0x00000000000e3340       0x98 lib/ssc_core/libssc_core.a(ssc_core_b1038cbb.c.o)
                0x00000000000e3340                ssc_core_VAxr7cMezLGDaTJ2y2kZ1z
                0x00000000000e33a0                ssc_core_F_y0pZI_m8lGbPTMbz7xD4
                0x00000000000e33d0                ssc_core__Y_qcPG91ItWgH_UmvjggM
 *fill*         0x00000000000e33d8        0x8 
 .text          0x00000000000e33e0      0x527 lib/ssc_core/libssc_core.a(ssc_core_b10e34f4.c.o)
                0x00000000000e33e0                ssc_core_VYT0jUdBz7KyiLs7K6uE2Z
                0x00000000000e34e0                ssc_core_FVIPwyR53RhThL2kVwH5RS
                0x00000000000e35e0                ssc_core_VzDaM1oQZ3GCcuyK4IeUVp
                0x00000000000e36e0                ssc_core_kE5qDztqiEStdTGYbShbSp
                0x00000000000e37e0                ssc_core_Vvbh7is3B54qXyQEy_Km25
 *fill*         0x00000000000e3907        0x9 
 .text          0x00000000000e3910     0x7c1d lib/ssc_core/libssc_core.a(ssc_core_b2b3b239.c.o)
                0x00000000000e57f0                ssc_core_Vv6IoG4wb3KHj1qkhbHJ48
                0x00000000000e5c10                ssc_core_FdtvZbjv6blqZ5E3WvoUS0
                0x00000000000e5dc0                ssc_core_FW8gYMYQi9ppZqB8C2YlEo
                0x00000000000e7760                ssc_core_Ft821Cf5AdpAW9CbnuBf9g
                0x00000000000eb340                ssc_core__Sjd9mEPvjKkYaod3af3Oe
 *fill*         0x00000000000eb52d        0x3 
 .text          0x00000000000eb530       0x1d lib/ssc_core/libssc_core.a(ssc_core_b369cd13.c.o)
                0x00000000000eb530                ssc_core__Tt3am6uVLt_jPLjwFr_3t
                0x00000000000eb540                ssc_core_F_oGKTpAIFCoeiocJNRCTp
 *fill*         0x00000000000eb54d        0x3 
 .text          0x00000000000eb550       0xfc lib/ssc_core/libssc_core.a(ssc_core_b402b40d.c.o)
                0x00000000000eb550                ssc_core_FVn7UuN_6ChvZiSXKmuizP
 *fill*         0x00000000000eb64c        0x4 
 .text          0x00000000000eb650      0x980 lib/ssc_core/libssc_core.a(ssc_core_bfdb08db.c.o)
                0x00000000000ebd40                ssc_core_FliThJmRhy4h_avdQcZZZC
 .text          0x00000000000ebfd0      0x22f lib/ssc_core/libssc_core.a(ssc_core_c3003040.c.o)
                0x00000000000ec040                ssc_core_FTU0B2WFN_x7Ymbxm_HgA_
                0x00000000000ec0d0                ssc_core__rkez0J91yKwiT8gkzwRCV
 *fill*         0x00000000000ec1ff        0x1 
 .text          0x00000000000ec200      0x2be lib/ssc_core/libssc_core.a(ssc_core_c5b63cb2.c.o)
                0x00000000000ec200                ssc_core_kvaTUFehmelwWDNafwUyA0
                0x00000000000ec210                ssc_core_VFzWBz_s8FW9_qamuHujnl
                0x00000000000ec280                ssc_core__uWFHemgRS83bDIJli34aR
                0x00000000000ec2a0                ne_free_custom_data
                0x00000000000ec360                ne_measure_packed_custom_data
                0x00000000000ec390                ne_pack_custom_data
                0x00000000000ec410                ne_recreate_custom_data
 *fill*         0x00000000000ec4be        0x2 
 .text          0x00000000000ec4c0      0x611 lib/ssc_core/libssc_core.a(ssc_core_c607b660.c.o)
                0x00000000000ec4c0                ssc_core_VTDAv7VG_RKaXD_3FZywhg
                0x00000000000ec4f0                ssc_core_kfLkrqw8xRxwZDafZ_Ba52
 *fill*         0x00000000000ecad1        0xf 
 .text          0x00000000000ecae0     0x4545 lib/ssc_core/libssc_core.a(ssc_core_c8d83e88.c.o)
                0x00000000000ed4d0                ssc_core__Hca8M_6pzGqgqxXcCss70
                0x00000000000ed550                ssc_core__r7oNultP7pq_5t727BQfz
                0x00000000000ed5a0                ssc_core__uazP1Aue7_Ni9g_7Bl1cG
                0x00000000000ed5b0                ssc_core__gKQyd6U97K_jygViketIj
                0x00000000000ed680                ssc_core_VITeGgiqmQSx_iKq9D86o_
                0x00000000000ed800                ssc_core_kUhVlGadD__saHONzH8r17
                0x00000000000ee260                ssc_core__SYEOOBUEad_aqTqXe_jqj
                0x00000000000ee730                ssc_core__bXzFJ8B0kxuYXSDw6a4fM
                0x00000000000ef7f0                ssc_core__UWxXKnaE1p0bDHQWC6IbC
                0x00000000000ef800                ssc_core_V5kGIE_xXaGxZ5a8QZchZW
                0x00000000000ef810                ssc_core_VNwhgsOnv6lgZXkNpzn_Yb
                0x00000000000ef9d0                ssc_core_kgjvh_vSFG_y_9ViYOH64v
 *fill*         0x00000000000f1025        0xb 
 .text          0x00000000000f1030       0x26 lib/ssc_core/libssc_core.a(ssc_core_cab615c8.c.o)
                0x00000000000f1030                ssc_core_VlRDyoY8Z4C2Vy6qnfIfjk
 *fill*         0x00000000000f1056        0xa 
 .text          0x00000000000f1060      0x251 lib/ssc_core/libssc_core.a(ssc_core_cabdc251.c.o)
                0x00000000000f1180                ssc_core_VdZcAqw42jlxdPkzyGa2r1
 *fill*         0x00000000000f12b1        0xf 
 .text          0x00000000000f12c0      0x618 lib/ssc_core/libssc_core.a(ssc_core_cc0bcab0.c.o)
                0x00000000000f12c0                ssc_core_kkS0ji1K05Gei9zbsJt0XA
                0x00000000000f12d0                ssc_core_FSqcKZXtuM83fm_6s2W7oS
                0x00000000000f12e0                ssc_core__g3R1PKdMnlU_XRHa8pcB9
                0x00000000000f1360                ssc_core_VZRAXi7Wax0fVP6NfO5H8T
                0x00000000000f1640                ssc_core_VuD1jukAQGtjgH4ucghis3
 *fill*         0x00000000000f18d8        0x8 
 .text          0x00000000000f18e0       0x60 lib/ssc_core/libssc_core.a(ssc_core_d06d763c.c.o)
                0x00000000000f18e0                ssc_core_VOHp6j2udlSobecSPBxcpJ
 .text          0x00000000000f1940      0x48f lib/ssc_core/libssc_core.a(ssc_core_d3d34d7c.c.o)
                0x00000000000f1da0                ssc_core_F7zBQipNH88gfa_9A256_e
                0x00000000000f1db0                ssc_core__WuYgVAkb6lGaLEOrHsdum
                0x00000000000f1dc0                ssc_core__LKVUa50d7OBWPOR9PJtdt
 *fill*         0x00000000000f1dcf        0x1 
 .text          0x00000000000f1dd0      0x317 lib/ssc_core/libssc_core.a(ssc_core_d4b9397b.c.o)
                0x00000000000f1e70                ssc_core_k5j2Ojgwjml0Wu_e_Zh07D
 *fill*         0x00000000000f20e7        0x9 
 .text          0x00000000000f20f0      0x213 lib/ssc_core/libssc_core.a(ssc_core_d807fa59.c.o)
                0x00000000000f21c0                ssc_core_VfidJ5BWF0CKb1FDovYj88
 *fill*         0x00000000000f2303        0xd 
 .text          0x00000000000f2310      0x767 lib/ssc_core/libssc_core.a(ssc_core_deb7fd8d.c.o)
                0x00000000000f2370                ssc_core_k7bmMgN_p6Obh1Kezi1bZm
                0x00000000000f25b0                ssc_core_VYmluYcOO3GPe1L1cdJZos
                0x00000000000f25e0                ssc_core_k6fHon3W7Ot7b1S_NKGkis
 *fill*         0x00000000000f2a77        0x9 
 .text          0x00000000000f2a80     0x108f lib/ssc_core/libssc_core.a(ssc_core_e0d0866d.c.o)
                0x00000000000f2ce0                ssc_core_VubRm5TiO60AVPkp2EaISx
                0x00000000000f2e20                ssc_core_kp9BZWKxxd_FXuIgBAX83t
                0x00000000000f3a00                ssc_core_F_KwLJ0mWNOFhTXpD8BCKG
                0x00000000000f3ad0                ssc_core_FOheJRzjon_NXX4B6N64Z0
 *fill*         0x00000000000f3b0f        0x1 
 .text          0x00000000000f3b10      0x177 lib/ssc_core/libssc_core.a(ssc_core_e2b61d72.c.o)
                0x00000000000f3b10                ssc_core_kVtVVTesjnp2amR2deP_Gq
                0x00000000000f3b90                ssc_core_Vhgm3l1UCHt2eHNttQLvKz
                0x00000000000f3bc0                ssc_core_VGyYBAqDeBdAdTbjzxI01j
                0x00000000000f3c10                ssc_core_FFUDv_iC_mOidXfKagvfis
                0x00000000000f3c30                ssc_core_FB4CuBvuTsKPbmuUodEZWF
 .text          0x00000000000f3c87        0x0 lib/ssc_core/libssc_core.a(ssc_core_e400c1c2.c.o)
 *fill*         0x00000000000f3c87        0x9 
 .text          0x00000000000f3c90      0x685 lib/ssc_core/libssc_core.a(ssc_core_edb836de.c.o)
                0x00000000000f4140                ssc_core__iWz_v8nE_W4Zudun77ppE
 .text          0x00000000000f4315        0x0 lib/ssc_core/libssc_core.a(ssc_core_ee000fbe.c.o)
 *fill*         0x00000000000f4315        0xb 
 .text          0x00000000000f4320     0x3337 lib/ssc_core/libssc_core.a(ssc_core_ee01086d.c.o)
                0x00000000000f4470                ssc_core_VHzSP4_d4U_TcHip1kITcJ
                0x00000000000f6790                ssc_core_FaU0ZKepvzxkbamSGDSN4D
 *fill*         0x00000000000f7657        0x9 
 .text          0x00000000000f7660      0x802 lib/ssc_core/libssc_core.a(ssc_core_fa09e9e6.c.o)
                0x00000000000f7b40                ssc_core_F8VuTqeNOLpLcPy9YF1MZ5
 *fill*         0x00000000000f7e62        0xe 
 .text          0x00000000000f7e70      0x420 lib/ssc_core/libssc_core.a(ssc_core_fbd34e62.c.o)
                0x00000000000f7e70                ssc_core_Va_uvDQftGKQj1A43WDgv2
                0x00000000000f7f10                ssc_core_kukXohCvlhO_gTYQlOul_Q
                0x00000000000f7fa0                ssc_core_kG_1_JLFM1d4deHwSyaMrn
                0x00000000000f7fb0                ssc_core_F2fSjTyF0eWCW9M3ix3jRA
                0x00000000000f7fc0                ssc_core__UlTu11DBM4JhiFpc570k7
                0x00000000000f8040                ssc_core_kJ6RVTXxuqWZWmEqYoL4EC
 .text          0x00000000000f8290      0x144 lib/ssc_core/libssc_core.a(ssc_core_01dcc633.c.o)
                0x00000000000f8350                ssc_core_Fs_7euu5_CSzW5_uR7NyK9
 *fill*         0x00000000000f83d4        0xc 
 .text          0x00000000000f83e0      0x64b lib/ssc_core/libssc_core.a(ssc_core_04da2c69.c.o)
                0x00000000000f83e0                ssc_core__F7zhxU8q80dbLmRdKdwP3
                0x00000000000f8430                ssc_core_F12eXGZm_4tJdyB8zGVbsr
                0x00000000000f8480                ssc_core_VtpYfFe0ZHWCcHLOJ4AZIo
                0x00000000000f8a10                ssc_core_kOLC1dKdbQCIjuAC5vhdIH
                0x00000000000f8a20                ssc_core_FqGvlpp2qjCXbqLRy41Kjk
 *fill*         0x00000000000f8a2b        0x5 
 .text          0x00000000000f8a30      0x568 lib/ssc_core/libssc_core.a(ssc_core_0a03aa58.c.o)
                0x00000000000f8d40                ssc_core_FS1Wm6jYz2lNb5pnIYmDdQ
 *fill*         0x00000000000f8f98        0x8 
 .text          0x00000000000f8fa0     0x2157 lib/ssc_core/libssc_core.a(ssc_core_0cb8a17f.c.o)
                0x00000000000fa000                ssc_core__t7qg_WoNydPjqHGgI3jiw
 *fill*         0x00000000000fb0f7        0x9 
 .text          0x00000000000fb100     0x2db4 lib/ssc_core/libssc_core.a(ssc_core_0f019bd9.c.o)
                0x00000000000fbf40                ssc_core_F0f50N2J5gOqXmuC65Gq8j
 *fill*         0x00000000000fdeb4        0xc 
 .text          0x00000000000fdec0       0xbb lib/ssc_core/libssc_core.a(ssc_core_0f0420a6.c.o)
                0x00000000000fdf10                ssc_core__BnL6AKHA_KDhap6bFRZzx
 *fill*         0x00000000000fdf7b        0x5 
 .text          0x00000000000fdf80      0x13c lib/ssc_core/libssc_core.a(ssc_core_0f09282e.c.o)
                0x00000000000fe030                ssc_core_kc2nc9YFv9KZhme4qL1LbT
 *fill*         0x00000000000fe0bc        0x4 
 .text          0x00000000000fe0c0     0x12f5 lib/ssc_core/libssc_core.a(ssc_core_2cd54448.c.o)
                0x00000000000fe150                ssc_core_VcaxyTNxBAhHZuqvm1klB2
 *fill*         0x00000000000ff3b5        0xb 
 .text          0x00000000000ff3c0      0x19b lib/ssc_core/libssc_core.a(ssc_core_3169e4b7.c.o)
                0x00000000000ff4c0                ssc_core_FNXCmS38tFlnW5HGhPIM6s
 *fill*         0x00000000000ff55b        0x5 
 .text          0x00000000000ff560      0x38b lib/ssc_core/libssc_core.a(ssc_core_32d8b307.c.o)
                0x00000000000ff730                ssc_core_VFv9ctmy6xC9Y5nC__XZlU
 *fill*         0x00000000000ff8eb        0x5 
 .text          0x00000000000ff8f0      0x27d lib/ssc_core/libssc_core.a(ssc_core_3306c008.c.o)
                0x00000000000ff910                ssc_core__e2vX6VveZ8nguSK3CF112
                0x00000000000ff970                ssc_core__KNC_gJlIVWVbux93Syqjv
                0x00000000000ffab0                ssc_core_kKrKb8p3UWhh_m7Jb6neSU
 *fill*         0x00000000000ffb6d        0x3 
 .text          0x00000000000ffb70      0x5eb lib/ssc_core/libssc_core.a(ssc_core_37d4ea84.c.o)
                0x00000000000ffd70                ssc_core_FgrY4JaVozd9jaXfdg8fla
 *fill*         0x000000000010015b        0x5 
 .text          0x0000000000100160      0x3c3 lib/ssc_core/libssc_core.a(ssc_core_3e6774ce.c.o)
                0x00000000001001d0                ssc_core__G3Tt03kbO4YbPaydoP_RN
                0x0000000000100260                ssc_core_klwaNmYXwi8HiimkiAhsJL
                0x0000000000100280                ssc_core_VVjckSuDfK87_y_tHSUx5Q
                0x0000000000100330                ssc_core_VPHk_f2_FlhCjeH1hezmR9
                0x00000000001003e0                ssc_core_F__bAfAq3N_Phin5TbwB6c
                0x0000000000100490                ssc_core_kM4Ko4NI5Otg_uLv3kRjaI
                0x00000000001004f0                ssc_core_k3hfQ_szleW7_Hzgl76lL8
                0x0000000000100510                ssc_core_k0uQAqP1kAODdLhRXkKhf8
 *fill*         0x0000000000100523        0xd 
 .text          0x0000000000100530       0x17 lib/ssc_core/libssc_core.a(ssc_core_40db642d.c.o)
                0x0000000000100530                ssc_core_FTzoitpYys8Aca2krGVZIS
                0x0000000000100540                ssc_core_VNQfrZTwQlSWia9xYHLPOQ
 *fill*         0x0000000000100547        0x9 
 .text          0x0000000000100550      0x5c2 lib/ssc_core/libssc_core.a(ssc_core_40dfdbdc.c.o)
                0x0000000000100850                ssc_core_Fcay1DvLcs4Ie1fqOT89ik
 *fill*         0x0000000000100b12        0xe 
 .text          0x0000000000100b20       0x10 lib/ssc_core/libssc_core.a(ssc_core_41017299.c.o)
                0x0000000000100b20                ssc_core_FPFTgfkPbyGBhTdZpIKIIC
 .text          0x0000000000100b30      0x147 lib/ssc_core/libssc_core.a(ssc_core_42b6ffa6.c.o)
                0x0000000000100be0                ssc_core_kdU8BGWmPn0siLDzdzKJNd
 *fill*         0x0000000000100c77        0x9 
 .text          0x0000000000100c80       0xbb lib/ssc_core/libssc_core.a(ssc_core_4666b45b.c.o)
                0x0000000000100cd0                ssc_core_Fml092VdhNSIcaKdB4FldR
 *fill*         0x0000000000100d3b        0x5 
 .text          0x0000000000100d40      0x6a8 lib/ssc_core/libssc_core.a(ssc_core_48b1386a.c.o)
                0x0000000000100f10                ssc_core_V1BGSFvC6stdW1B4dcWNMq
                0x0000000000101030                ssc_core_Vw9H5oKnvmWYguqnSQTPHC
                0x0000000000101150                ssc_core_VWXGGF5GIbdIV1ldrgABeK
                0x00000000001012a0                ssc_core_FVAYuUnUf6O9jPFrXlyEDS
 *fill*         0x00000000001013e8        0x8 
 .text          0x00000000001013f0      0x92a lib/ssc_core/libssc_core.a(ssc_core_4ad9135b.c.o)
                0x0000000000101890                ssc_core__CA3ouHv_4_ZfP2m9euaUC
 *fill*         0x0000000000101d1a        0x6 
 .text          0x0000000000101d20       0xcf lib/ssc_core/libssc_core.a(ssc_core_4db6bd68.c.o)
                0x0000000000101d80                ssc_core_kBca8i4PhxS0j9d1s9qjOH
 *fill*         0x0000000000101def        0x1 
 .text          0x0000000000101df0      0x39c lib/ssc_core/libssc_core.a(ssc_core_4db86fcc.c.o)
                0x0000000000101ff0                ssc_core_F7A2WtAS3c0lhyXqrIPjYX
 *fill*         0x000000000010218c        0x4 
 .text          0x0000000000102190      0x6fb lib/ssc_core/libssc_core.a(ssc_core_4e03e39d.c.o)
                0x00000000001026f0                ssc_core_VCU0jSkPmq0YWT5M2NnOxq
 *fill*         0x000000000010288b        0x5 
 .text          0x0000000000102890     0x6600 lib/ssc_core/libssc_core.a(ssc_core_4e04eecd.c.o)
                0x0000000000105a60                ssc_core__FTmnopmz84O_qx4Vd7w1U
 .text          0x0000000000108e90      0x375 lib/ssc_core/libssc_core.a(ssc_core_54d55ae9.c.o)
                0x0000000000109020                ssc_core_VCAwjquo7vCVdyRTBC0d7e
 *fill*         0x0000000000109205        0xb 
 .text          0x0000000000109210      0xd28 lib/ssc_core/libssc_core.a(ssc_core_5505224d.c.o)
                0x0000000000109500                ssc_core_F6EN_IcvCo4WZHmRzSKtwj
                0x0000000000109520                ssc_core__YXyJp_h7B0Ae9unxuqtb_
                0x0000000000109580                ssc_core_FddXz_KK_t_GYuQuhrlPXy
                0x0000000000109650                ssc_core_k9tR2pzhkdtjciSuBKV3uI
                0x00000000001097a0                ssc_core_VUnXZrlV4v0wcH__X5aQs_
                0x00000000001098f0                ssc_core_Fb6IJU0veKp6WLouW6qNga
                0x0000000000109a20                ssc_core_F9FqpdwvmL_piyCndr3D_0
                0x0000000000109b70                ssc_core__J0_9wDP_klnXeozcJMRa9
                0x0000000000109bd0                ssc_core__9vMFaAnqFKfg1ctZdASai
 *fill*         0x0000000000109f38        0x8 
 .text          0x0000000000109f40      0x1c0 lib/ssc_core/libssc_core.a(ssc_core_550b4c41.c.o)
                0x0000000000109f90                ssc_core_FQ1SDSJdZRhDhTlRTLKOIl
                0x0000000000109fb0                ssc_core_FJkIapcx0glSYH34hN96Nc
                0x000000000010a010                ssc_core__TkWfrFKJC4KciiVrGwgbE
 .text          0x000000000010a100      0x623 lib/ssc_core/libssc_core.a(ssc_core_56b1a2bf.c.o)
                0x000000000010a100                ssc_core__lyQg_BYJYGzXLePw69B14
 *fill*         0x000000000010a723        0xd 
 .text          0x000000000010a730     0x5bb0 lib/ssc_core/libssc_core.a(ssc_core_576cd129.c.o)
                0x000000000010ce90                ssc_core_FOT5YCtje20KeDR8rHsmel
 .text          0x00000000001102e0      0xc53 lib/ssc_core/libssc_core.a(ssc_core_59b034b8.c.o)
                0x0000000000110a40                ssc_core_VqOtNpJOM6_HaTb7CWtcuy
 *fill*         0x0000000000110f33        0xd 
 .text          0x0000000000110f40     0x58ee lib/ssc_core/libssc_core.a(ssc_core_5d6ba758.c.o)
                0x0000000000114980                ssc_core_VUMXf5_u3t__giwGo3JYN_
                0x00000000001149e0                ssc_core_VLsAB9zjMU4dbTLruZbjCE
 *fill*         0x000000000011682e        0x2 
 .text          0x0000000000116830      0x65c lib/ssc_core/libssc_core.a(ssc_core_61629eca.c.o)
                0x0000000000116830                ssc_core_kZEYHYrpTc4wgLcRc14EqO
                0x00000000001168d0                ssc_core__RnoLFxqTG8QfXEowtA6Qp
                0x0000000000116980                ssc_core_Fa0chYBhDJxIe17M7IN2aM
                0x0000000000116a30                ssc_core_FOUg25i4dcxy_9VmyW9Kq5
                0x0000000000116a70                ssc_core_kgJB4xOjNwKfgPnpfPFKha
                0x0000000000116ab0                ssc_core__irO8ZXa8e8ZYL4OfAV2_y
                0x0000000000116af0                ssc_core_kOvos_YnH5dfhLgsDkxTkD
                0x0000000000116b70                ssc_core__xfZz87_uW_IdyGFE8P6lI
                0x0000000000116be0                ssc_core_VVWIJMeUM_pjdTaeXm2JCd
                0x0000000000116cb0                ssc_core_F_SwKOBJ20t_aDtxzgaxGL
                0x0000000000116d70                ssc_core__tRxnE45q2p8WuXITqJAv7
                0x0000000000116dc0                ssc_core_FweIktsohBSygP_GuPNZZA
                0x0000000000116e10                ssc_core_VKuD3ejyLmxDeybdRf7YG2
 *fill*         0x0000000000116e8c        0x4 
 .text          0x0000000000116e90      0x3ee lib/ssc_core/libssc_core.a(ssc_core_6607ea62.c.o)
                0x0000000000116f90                ssc_core_F1Ax4O4Y8f_lemeoaoZ9FJ
 *fill*         0x000000000011727e        0x2 
 .text          0x0000000000117280      0x245 lib/ssc_core/libssc_core.a(ssc_core_68da074b.c.o)
                0x0000000000117280                ssc_core__uc_wLfqFl_1_18Z4QgK3P
 *fill*         0x00000000001174c5        0xb 
 .text          0x00000000001174d0     0x119e lib/ssc_core/libssc_core.a(ssc_core_6b663a17.c.o)
                0x0000000000118160                ssc_core__8QW9Lbsx6tVdHaV5kAjRU
 *fill*         0x000000000011866e        0x2 
 .text          0x0000000000118670      0x4ee lib/ssc_core/libssc_core.a(ssc_core_7209d3a5.c.o)
                0x00000000001189b0                ssc_core_FE7wdy1efzS0e9uJq3QY2K
 *fill*         0x0000000000118b5e        0x2 
 .text          0x0000000000118b60      0xe7a lib/ssc_core/libssc_core.a(ssc_core_73d9c2b7.c.o)
                0x0000000000119270                ssc_core__b0w4m797HC3ePPstWodFb
 *fill*         0x00000000001199da        0x6 
 .text          0x00000000001199e0      0xbed lib/ssc_core/libssc_core.a(ssc_core_7a613edb.c.o)
                0x000000000011a020                ssc_core_VR0IA77ARM4HaiWnaLzQ8_
 *fill*         0x000000000011a5cd        0x3 
 .text          0x000000000011a5d0     0x11dd lib/ssc_core/libssc_core.a(ssc_core_83db8762.c.o)
                0x000000000011a5d0                ssc_core__xmAgLN_P64iWTo_jlHvx8
                0x000000000011af70                ssc_core_FY7iHAUTINS4ZeuNi_s6nQ
 *fill*         0x000000000011b7ad        0x3 
 .text          0x000000000011b7b0      0xad6 lib/ssc_core/libssc_core.a(ssc_core_856738f2.c.o)
                0x000000000011b990                ssc_core_k0_XzZut3LO1XajNKOgRkL
                0x000000000011bfb0                ssc_core_FPAhpCG5oAGyY9UvI2pj7Z
                0x000000000011c000                ssc_core_Fo7nx8_1_dhraPcbbikZXz
                0x000000000011c010                ssc_core__HmbkdbHFVxgfa4IszDKaG
 *fill*         0x000000000011c286        0xa 
 .text          0x000000000011c290       0x18 lib/ssc_core/libssc_core.a(ssc_core_9c016445.c.o)
                0x000000000011c290                ssc_core_V1Agx1QH_R_xXufMaL81uQ
                0x000000000011c2a0                ssc_core_Va_15_K1KVhfVqDEANfuve
 *fill*         0x000000000011c2a8        0x8 
 .text          0x000000000011c2b0      0x357 lib/ssc_core/libssc_core.a(ssc_core_9dd110ad.c.o)
                0x000000000011c380                ssc_core_kIl1pzCMNXd3f9KHCrP8xL
 *fill*         0x000000000011c607        0x9 