<*GNU-Linker-generated-mapfile*> 
generated for DSx86_32 platform 
collect2 version 5.2.0
C:/ProgramData/dSPACE/071346ea-bffa-4465-9551-2e48edf35320/Compiler/QNX650_520/host/win32/x86/usr/bin/i486-pc-nto-qnx6.5.0-ld.exe -plugin c:/programdata/dspace/071346ea-bffa-4465-9551-2e48edf35320/compiler/qnx650_520/host/win32/x86/usr/bin/../lib/gcc/i486-pc-nto-qnx6.5.0/5.2.0/liblto_plugin-0.dll -plugin-opt=c:/programdata/dspace/071346ea-bffa-4465-9551-2e48edf35320/compiler/qnx650_520/host/win32/x86/usr/bin/../lib/gcc/i486-pc-nto-qnx6.5.0/5.2.0/lto-wrapper.exe -plugin-opt=-fresolution=C:\Users\INCA\AppData\Local\Temp\cc8kH39b.res -plugin-opt=-pass-through=-lgcc -plugin-opt=-pass-through=-lc -plugin-opt=-pass-through=-lc -plugin-opt=-pass-through=-lgcc --sysroot=/opt/qnx650/target/qnx6/ --eh-frame-hdr --build-id=md5 -Y P,/opt/qnx650/target/qnx6//lib -Qy -m i386nto --dynamic-linker /usr/lib/ldqnx.so.2 C:\ProgramData\dSPACE\071346ea-bffa-4465-9551-2e48edf35320\Compiler\QNX650_520\target\qnx6/x86/lib/crt1.o C:\ProgramData\dSPACE\071346ea-bffa-4465-9551-2e48edf35320\Compiler\QNX650_520\target\qnx6/x86/lib/crti.o c:/programdata/dspace/071346ea-bffa-4465-9551-2e48edf35320/compiler/qnx650_520/host/win32/x86/usr/bin/../lib/gcc/i486-pc-nto-qnx6.5.0/5.2.0/crtbegin.o -Lc:/programdata/dspace/071346ea-bffa-4465-9551-2e48edf35320/compiler/qnx650_520/host/win32/x86/usr/bin/../lib/gcc/i486-pc-nto-qnx6.5.0/5.2.0 -Lc:/programdata/dspace/071346ea-bffa-4465-9551-2e48edf35320/compiler/qnx650_520/host/win32/x86/usr/bin/../lib/gcc -L C:\ProgramData\dSPACE\071346ea-bffa-4465-9551-2e48edf35320\Compiler\QNX650_520\target\qnx6/x86/lib/gcc/5.2.0 -L C:\ProgramData\dSPACE\071346ea-bffa-4465-9551-2e48edf35320\Compiler\QNX650_520\target\qnx6/x86/lib -L C:\ProgramData\dSPACE\071346ea-bffa-4465-9551-2e48edf35320\Compiler\QNX650_520\target\qnx6/x86/usr/lib -L C:\ProgramData\dSPACE\071346ea-bffa-4465-9551-2e48edf35320\Compiler\QNX650_520\target\qnx6/x86/opt/lib -rpath-link C:\ProgramData\dSPACE\071346ea-bffa-4465-9551-2e48edf35320\Compiler\QNX650_520\target\qnx6/x86/lib/gcc/5.2.0:C:\ProgramData\dSPACE\071346ea-bffa-4465-9551-2e48edf35320\Compiler\QNX650_520\target\qnx6/x86/lib:C:\ProgramData\dSPACE\071346ea-bffa-4465-9551-2e48edf35320\Compiler\QNX650_520\target\qnx6/x86/usr/lib:C:\ProgramData\dSPACE\071346ea-bffa-4465-9551-2e48edf35320\Compiler\QNX650_520\target\qnx6/x86/opt/lib -v --unresolved-symbols=ignore-all -lstdc++ -lm -lgcc -lc -Bstatic -lc -lgcc c:/programdata/dspace/071346ea-bffa-4465-9551-2e48edf35320/compiler/qnx650_520/host/win32/x86/usr/bin/../lib/gcc/i486-pc-nto-qnx6.5.0/5.2.0/crtend.o C:\ProgramData\dSPACE\071346ea-bffa-4465-9551-2e48edf35320\Compiler\QNX650_520\target\qnx6/x86/lib/crtn.o
GNU ld (GNU Binutils) 2.25.1
Archive member included to satisfy reference by file (symbol)

STLA_MECHANICAL_6spd.a(STLA_MECHANICAL_6spd_dsrtmdlfcn.lo86)
                              dssimengine_accesspoint.o86 (STLA_MECHANICAL_6spd_DSRTInitMdl)
STLA_MECHANICAL_6spd.a(STLA_MECHANICAL_6spd_dsrttf.lo86)
                              rtosal_task.o86 (STLA_MECHANICAL_6spd_DSRTMdlOutputs0)
STLA_MECHANICAL_6spd.a(STLA_MECHANICAL_6spd.lo86)
                              STLA_MECHANICAL_6spd.a(STLA_MECHANICAL_6spd_dsrttf.lo86) (STLA_MECHANICAL_6spd_output)
STLA_MECHANICAL_6spd.a(STLA_MECHANICAL_6spd_data.lo86)
                              STLA_MECHANICAL_6spd.a(STLA_MECHANICAL_6spd.lo86) (STLA_MECHANICAL_6spd_P)
STLA_MECHANICAL_6spd.a(STLA_MECHANICAL_6spd_dsrtvdf.lo86)
                              STLA_MECHANICAL_6spd.a(STLA_MECHANICAL_6spd.lo86) (STLA_MECHANICAL_6spd_rti_init_trc_pointers)
Punch_mechanical_B_sample_v3_6_cal_v2_C_rtwlib.lib(Punch_mechanical_B_sample_v3_6_cal_v2_C.lo86)
                              STLA_MECHANICAL_6spd.a(STLA_MECHANICAL_6spd.lo86) (Punch_mechanical_B_sample_v3_6_cal_v2_C_Init)
Punch_mechanical_B_sample_v3_6_cal_v2_C_rtwlib.lib(Punch_mechanical_B_sample_v3_6_cal_v2_C_dsrtvdf.lo86)
                              Punch_mechanical_B_sample_v3_6_cal_v2_C_rtwlib.lib(Punch_mechanical_B_sample_v3_6_cal_v2_C.lo86) (Punch_mechanical_B_sample_v3_6_cal_v2_C_rti_init_trc_pointers)
Punch_mechanical_B_sample_v3_6_cal_v2_C_rtwlib.lib(Punch_mechanical_B_sample_v3_6_cal_v2_C_5d3f6f6f_1_gateway.lo86)
                              Punch_mechanical_B_sample_v3_6_cal_v2_C_rtwlib.lib(Punch_mechanical_B_sample_v3_6_cal_v2_C.lo86) (Punch_mechanical_B_sample_v3_6_cal_v2_C_5d3f6f6f_1_gateway)
Punch_mechanical_B_sample_v3_6_cal_v2_C_rtwlib.lib(Punch_mechanical_B_sample_v3_6_cal_v2_C_5d3f6f6f_1.lo86)
                              Punch_mechanical_B_sample_v3_6_cal_v2_C_rtwlib.lib(Punch_mechanical_B_sample_v3_6_cal_v2_C_5d3f6f6f_1_gateway.lo86) (Punch_mechanical_B_sample_v3_6_cal_v2_C_5d3f6f6f_1_dae)
Punch_mechanical_B_sample_v3_6_cal_v2_C_rtwlib.lib(Punch_mechanical_B_sample_v3_6_cal_v2_C_5d3f6f6f_1_ds.lo86)
[...]
Memory Configuration

Name             Origin             Length             Attributes
*default*        0x0000000000000000 0xffffffffffffffff

Linker script and memory map

LOAD C:\ProgramData\dSPACE\071346ea-bffa-4465-9551-2e48edf35320\Compiler\QNX650_520\target\qnx6/x86/lib/crt1.o
LOAD C:\ProgramData\dSPACE\071346ea-bffa-4465-9551-2e48edf35320\Compiler\QNX650_520\target\qnx6/x86/lib/crti.o
LOAD c:/programdata/dspace/071346ea-bffa-4465-9551-2e48edf35320/compiler/qnx650_520/host/win32/x86/usr/bin/../lib/gcc/i486-pc-nto-qnx6.5.0/5.2.0/crtbegin.o
                0x0000000000000000                _DSPACE_START = 0x0
                0x0000000000000000                _DSPACE_START_ = 0x0
                0x00000000000009ce                DS_TARGET_PLATFORM = 0x9ce
START GROUP
LOAD mdladapter_mdlfunctions.o86
LOAD mdlCode_ap.o86
LOAD dssimengine_accesspoint.o86
LOAD dssimengine_api.o86
LOAD dssimengine_main.o86
LOAD rtosal_task.o86
LOAD rtosal_taskap.o86
LOAD rtosal_simengineap.o86
LOAD IOCode_Data.o86
LOAD mdlcfg_interapplcom.o86
LOAD rtosal_interapplcom.o86
LOAD rtwshared.lib
LOAD ssc_sli_r2017b_dsx86_32_2.a
LOAD ssc_core_r2017b_dsx86_32_2.a
LOAD ne_r2017b_dsx86_32_2.a
LOAD mc_r2017b_dsx86_32_2.a
LOAD ex_r2017b_dsx86_32_2.a
LOAD pm_r2017b_dsx86_32_2.a
LOAD STLA_MECHANICAL_6spd.a
LOAD Punch_mechanical_B_sample_v3_6_cal_v2_C_rtwlib.lib
LOAD C:\Program Files\dSPACE RCPHIL 2018-A\SCALEXIO\Lib/libdsmpcommdrv.so
LOAD C:\Program Files\dSPACE RCPHIL 2018-A\SCALEXIO\Lib/libdscandrv.so
LOAD C:\Program Files\dSPACE RCPHIL 2018-A\SCALEXIO\Lib/libdslindrv.so
END GROUP
LOAD C:\Program Files\dSPACE RCPHIL 2018-A\SCALEXIO\Lib/libDsRtLib.so
LOAD C:\Program Files\dSPACE RCPHIL 2018-A\SCALEXIO\Lib\libm_fastpow.a
LOAD C:\ProgramData\dSPACE\071346ea-bffa-4465-9551-2e48edf35320\Compiler\QNX650_520\target\qnx6/x86/lib/gcc/5.2.0/libstdc++.so
LOAD C:\ProgramData\dSPACE\071346ea-bffa-4465-9551-2e48edf35320\Compiler\QNX650_520\target\qnx6/x86/lib/libm.so
LOAD c:/programdata/dspace/071346ea-bffa-4465-9551-2e48edf35320/compiler/qnx650_520/host/win32/x86/usr/bin/../lib/gcc/i486-pc-nto-qnx6.5.0/5.2.0\libgcc.a
LOAD C:\ProgramData\dSPACE\071346ea-bffa-4465-9551-2e48edf35320\Compiler\QNX650_520\target\qnx6/x86/lib/libc.so
LOAD C:\ProgramData\dSPACE\071346ea-bffa-4465-9551-2e48edf35320\Compiler\QNX650_520\target\qnx6/x86/lib\libc.a
LOAD c:/programdata/dspace/071346ea-bffa-4465-9551-2e48edf35320/compiler/qnx650_520/host/win32/x86/usr/bin/../lib/gcc/i486-pc-nto-qnx6.5.0/5.2.0\libgcc.a
LOAD c:/programdata/dspace/071346ea-bffa-4465-9551-2e48edf35320/compiler/qnx650_520/host/win32/x86/usr/bin/../lib/gcc/i486-pc-nto-qnx6.5.0/5.2.0/crtend.o
LOAD C:\ProgramData\dSPACE\071346ea-bffa-4465-9551-2e48edf35320\Compiler\QNX650_520\target\qnx6/x86/lib/crtn.o
                [!provide]                        PROVIDE (__executable_start, 0x8048000)
                0x0000000008048134                . = (0x8048000 + SIZEOF_HEADERS)

.interp         0x0000000008048134       0x14
 *(.interp)
 .interp        0x0000000008048134       0x14 C:\ProgramData\dSPACE\071346ea-bffa-4465-9551-2e48edf35320\Compiler\QNX650_520\target\qnx6/x86/lib/crt1.o

.note           0x0000000008048148       0x18
 .note          0x0000000008048148       0x18 C:\ProgramData\dSPACE\071346ea-bffa-4465-9551-2e48edf35320\Compiler\QNX650_520\target\qnx6/x86/lib/crtn.o

.note.gnu.build-id
                0x0000000008048160       0x20
 *(.note.gnu.build-id)
 .note.gnu.build-id
                0x0000000008048160       0x20 C:\ProgramData\dSPACE\071346ea-bffa-4465-9551-2e48edf35320\Compiler\QNX650_520\target\qnx6/x86/lib/crt1.o

.hash           0x0000000008048180      0x274
 *(.hash)
 .hash          0x0000000008048180      0x274 C:\ProgramData\dSPACE\071346ea-bffa-4465-9551-2e48edf35320\Compiler\QNX650_520\target\qnx6/x86/lib/crt1.o

.gnu.hash
 *(.gnu.hash)

.dynsym         0x00000000080483f4      0x580
 *(.dynsym)
 .dynsym        0x00000000080483f4      0x580 C:\ProgramData\dSPACE\071346ea-bffa-4465-9551-2e48edf35320\Compiler\QNX650_520\target\qnx6/x86/lib/crt1.o

.dynstr         0x0000000008048974      0x8bb
 *(.dynstr)
 .dynstr        0x0000000008048974      0x8bb C:\ProgramData\dSPACE\071346ea-bffa-4465-9551-2e48edf35320\Compiler\QNX650_520\target\qnx6/x86/lib/crt1.o

.gnu.version    0x0000000008049230        0x0
 *(.gnu.version)
 .gnu.version   0x0000000008049230        0x0 C:\ProgramData\dSPACE\071346ea-bffa-4465-9551-2e48edf35320\Compiler\QNX650_520\target\qnx6/x86/lib/crt1.o

.gnu.version_d  0x0000000008049230        0x0
 *(.gnu.version_d)
 .gnu.version_d
                0x0000000008049230        0x0 C:\ProgramData\dSPACE\071346ea-bffa-4465-9551-2e48edf35320\Compiler\QNX650_520\target\qnx6/x86/lib/crt1.o

.gnu.version_r  0x0000000008049230        0x0
 *(.gnu.version_r)
 .gnu.version_r
                0x0000000008049230        0x0 C:\ProgramData\dSPACE\071346ea-bffa-4465-9551-2e48edf35320\Compiler\QNX650_520\target\qnx6/x86/lib/crt1.o

.rel.dyn        0x0000000008049230       0x50
 *(.rel.init)
 *(.rel.text .rel.text.* .rel.gnu.linkonce.t.*)
 .rel.text      0x0000000008049230        0x0 C:\ProgramData\dSPACE\071346ea-bffa-4465-9551-2e48edf35320\Compiler\QNX650_520\target\qnx6/x86/lib/crt1.o
 .rel.text.startup
                0x0000000008049230        0x0 C:\ProgramData\dSPACE\071346ea-bffa-4465-9551-2e48edf35320\Compiler\QNX650_520\target\qnx6/x86/lib/crt1.o
 *(.rel.fini)
 *(.rel.rodata .rel.rodata.* .rel.gnu.linkonce.r.*)
 .rel.rodata._ZTI18DsCApplicationMain
                0x0000000008049230        0x0 C:\ProgramData\dSPACE\071346ea-bffa-4465-9551-2e48edf35320\Compiler\QNX650_520\target\qnx6/x86/lib/crt1.o
 .rel.rodata._ZTV18DsCApplicationMain
                0x0000000008049230        0x0 C:\ProgramData\dSPACE\071346ea-bffa-4465-9551-2e48edf35320\Compiler\QNX650_520\target\qnx6/x86/lib/crt1.o
 .rel.rodata._ZTI24DsCRtosAlPeriodic_Task_2
                0x0000000008049230        0x0 C:\ProgramData\dSPACE\071346ea-bffa-4465-9551-2e48edf35320\Compiler\QNX650_520\target\qnx6/x86/lib/crt1.o
 .rel.rodata._ZTV24DsCRtosAlPeriodic_Task_2
                0x0000000008049230        0x0 C:\ProgramData\dSPACE\071346ea-bffa-4465-9551-2e48edf35320\Compiler\QNX650_520\target\qnx6/x86/lib/crt1.o
 *(.rel.data.rel.ro .rel.data.rel.ro.* .rel.gnu.linkonce.d.rel.ro.*)
 *(.rel.data .rel.data.* .rel.gnu.linkonce.d.*)
 *(.rel.tdata .rel.tdata.* .rel.gnu.linkonce.td.*)
 *(.rel.tbss .rel.tbss.* .rel.gnu.linkonce.tb.*)
 *(.rel.ctors)
 *(.rel.dtors)
 *(.rel.got)
 .rel.got       0x0000000008049230       0x30 C:\ProgramData\dSPACE\071346ea-bffa-4465-9551-2e48edf35320\Compiler\QNX650_520\target\qnx6/x86/lib/crt1.o
 *(.rel.sdata .rel.sdata.* .rel.gnu.linkonce.s.*)
 *(.rel.sbss .rel.sbss.* .rel.gnu.linkonce.sb.*)
 *(.rel.sdata2 .rel.sdata2.* .rel.gnu.linkonce.s2.*)
 *(.rel.sbss2 .rel.sbss2.* .rel.gnu.linkonce.sb2.*)
 *(.rel.bss .rel.bss.* .rel.gnu.linkonce.b.*)
 .rel.bss       0x0000000008049260       0x20 C:\ProgramData\dSPACE\071346ea-bffa-4465-9551-2e48edf35320\Compiler\QNX650_520\target\qnx6/x86/lib/crt1.o
                [!provide]                        PROVIDE (__rel_iplt_start, .)
 *(.rel.iplt)
 .rel.iplt      0x0000000008049280        0x0 C:\ProgramData\dSPACE\071346ea-bffa-4465-9551-2e48edf35320\Compiler\QNX650_520\target\qnx6/x86/lib/crt1.o
                [!provide]                        PROVIDE (__rel_iplt_end, .)
 .rel.eh_frame  0x0000000008049280        0x0 C:\ProgramData\dSPACE\071346ea-bffa-4465-9551-2e48edf35320\Compiler\QNX650_520\target\qnx6/x86/lib/crt1.o

.rel.plt        0x0000000008049280      0x248
 *(.rel.plt)
 .rel.plt       0x0000000008049280      0x248 C:\ProgramData\dSPACE\071346ea-bffa-4465-9551-2e48edf35320\Compiler\QNX650_520\target\qnx6/x86/lib/crt1.o

.init           0x00000000080494c8        0xd
 *(SORT(.init))
 .init          0x00000000080494c8        0x0 C:\ProgramData\dSPACE\071346ea-bffa-4465-9551-2e48edf35320\Compiler\QNX650_520\target\qnx6/x86/lib/crti.o
                0x00000000080494c8                _init
 .init          0x00000000080494c8        0x5 c:/programdata/dspace/071346ea-bffa-4465-9551-2e48edf35320/compiler/qnx650_520/host/win32/x86/usr/bin/../lib/gcc/i486-pc-nto-qnx6.5.0/5.2.0/crtbegin.o
 .init          0x00000000080494cd        0x5 c:/programdata/dspace/071346ea-bffa-4465-9551-2e48edf35320/compiler/qnx650_520/host/win32/x86/usr/bin/../lib/gcc/i486-pc-nto-qnx6.5.0/5.2.0/crtend.o
 .init          0x00000000080494d2        0x3 C:\ProgramData\dSPACE\071346ea-bffa-4465-9551-2e48edf35320\Compiler\QNX650_520\target\qnx6/x86/lib/crtn.o

.plt            0x00000000080494e0      0x4a0
 *(.plt)
 .plt           0x00000000080494e0      0x4a0 C:\ProgramData\dSPACE\071346ea-bffa-4465-9551-2e48edf35320\Compiler\QNX650_520\target\qnx6/x86/lib/crt1.o
                0x00000000080494f0                _ZN7DsCTask10daqServiceEj
                0x0000000008049500                __register_frame_info
                0x0000000008049510                _Z18dsrtt_set_rtt_taskP7DsCTask
                0x0000000008049520                _ZN14DsCApplication15createErrorListEv
                0x0000000008049530                calloc
                0x0000000008049540                _Znaj
                0x0000000008049550                _ZN7DsCTask11bindTriggerER16DsCErrorListPoolP8DsCTimer
                0x0000000008049560                memcpy
                0x0000000008049570                realloc
                0x0000000008049580                _ZN14DsCApplicationC2ER16DsCErrorListPool
                0x0000000008049590                dsrtt_mp_register_config
                0x00000000080495a0                _ZN12DsCFcnModule12updateInputsEv
                0x00000000080495b0                _ZN7DsCTaskC2ER16DsCErrorListPoolP14DsCApplicationPKcjjjjjjjPS_j
                0x00000000080495c0                __wrap_printf
                0x00000000080495d0                __cxa_finalize
                0x00000000080495e0                _ZN14DsCApplicationD2Ev
                0x00000000080495f0                malloc
                0x0000000008049600                _ZdlPv
                0x0000000008049610                _init_array
                0x0000000008049620                strncmp
                0x0000000008049630                _ZN12DsCFcnModule13updateOutputsEv
                0x0000000008049640                _ZN23DsNApplicationInterface16registerResourceEPKcPv
                0x0000000008049650                strlen
                0x0000000008049660                _ZN23DsNApplicationInterface12registerApplEPv
                0x0000000008049670                dsrtt_script_service_post_computation
                0x0000000008049680                _ZN11DsCMpSender4sendEv
                0x0000000008049690                snprintf
                0x00000000080496a0                atexit
                0x00000000080496b0                asin
                0x00000000080496c0                _ZN7DsCTask14getCallCounterEv
                0x00000000080496d0                __gxx_personality_v0
                0x00000000080496e0                _Unwind_Resume
                0x00000000080496f0                memmove
                0x0000000008049700                vsprintf
                0x0000000008049710                _ZN7DsCTask18setSimTimeVariableEPd
                0x0000000008049720                vprintf
                0x0000000008049730                _init_libc
                0x0000000008049740                _ZN14DsCApplication12setSlowStartER16DsCErrorListPooldd
                0x0000000008049750                _ZN14DsCApplication4stopEv
                0x0000000008049760                _ZN7DsCTaskD2Ev
                0x0000000008049770                _ZN13DsCMpReceiver6createER16DsCErrorListPoolP14DsCApplicationPKcjjjj
                0x0000000008049780                strncpy
                0x0000000008049790                _ZN7DsCTask17getOverrunCounterEv
                0x00000000080497a0                dsrtt_script_service_pre_computation
                0x00000000080497b0                _ZN7DsCTask28setDeadlineViolationFunctionER16DsCErrorListPoolPFvS1_PS_E
                0x00000000080497c0                _ZN11DsCMpSender9getBufferEv
                0x00000000080497d0                memset
                0x00000000080497e0                qsort
                0x00000000080497f0                memcmp
                0x0000000008049800                __wrap_exit
                0x0000000008049810                acos
                0x0000000008049820                _fini_array
                0x0000000008049830                _Log
                0x0000000008049840                _preinit_array
                0x0000000008049850                exp
                0x0000000008049860                _ZN7DsCTask14getDescriptionEv
                0x0000000008049870                _ZN14DsCApplication9terminateEv
                0x0000000008049880                _ZN12DsCFcnModule6createER16DsCErrorListPoolP14DsCApplicationPKc
                0x0000000008049890                strcmp
                0x00000000080498a0                free
                0x00000000080498b0                _ZN7DsCTask16setTaskVariablesER16DsCErrorListPoolP25tagDsSKernelTaskVariables
                0x00000000080498c0                dsrtt_set_step_size
                0x00000000080498d0                _ZN8DsCTimer6createER16DsCErrorListPoolddPKc
                0x00000000080498e0                _ZN11DsCMpSender6createER16DsCErrorListPoolP14DsCApplicationPKcjjjj
                0x00000000080498f0                _ZN14DsCApplication18getDiagnosticBlockER16DsCErrorListPool
                0x0000000008049900                _Znwj
                0x0000000008049910                _ZN14DsCApplication12errorMessageEhjjPKcjjS1_S1_z
                0x0000000008049920                _ZN13DsCMpReceiver7receiveEPPv
                0x0000000008049930                _ZN7DsCTask13bindFcnModuleER16DsCErrorListPoolP12DsCFcnModule
                0x0000000008049940                _ZN14DsCApplication25getFailureSimulationBlockER16DsCErrorListPool
                0x0000000008049950                main
                0x0000000008049960                strcpy
                0x0000000008049970                __deregister_frame_info

.iplt           0x0000000008049980        0x0
 *(.iplt)
 .iplt          0x0000000008049980        0x0 C:\ProgramData\dSPACE\071346ea-bffa-4465-9551-2e48edf35320\Compiler\QNX650_520\target\qnx6/x86/lib/crt1.o

.text           0x0000000008049980    0x90c84
                0x0000000008049980                _btext = .
 *(.text.unlikely .text.*_unlikely .text.unlikely.*)
 .text.unlikely
                0x0000000008049980        0x0 c:/programdata/dspace/071346ea-bffa-4465-9551-2e48edf35320/compiler/qnx650_520/host/win32/x86/usr/bin/../lib/gcc/i486-pc-nto-qnx6.5.0/5.2.0/crtbegin.o
 .text.unlikely
                0x0000000008049980        0x0 mdladapter_mdlfunctions.o86
 .text.unlikely
                0x0000000008049980        0x0 mdlCode_ap.o86
 .text.unlikely
                0x0000000008049980        0x0 dssimengine_accesspoint.o86
 .text.unlikely
                0x0000000008049980        0x0 dssimengine_api.o86
 .text.unlikely
                0x0000000008049980        0x0 dssimengine_main.o86
 .text.unlikely
                0x0000000008049980        0x0 rtosal_task.o86
 .text.unlikely
                0x0000000008049980        0x0 rtosal_taskap.o86
 .text.unlikely
                0x0000000008049980        0x0 rtosal_simengineap.o86
 .text.unlikely
                0x0000000008049980        0x0 IOCode_Data.o86
 .text.unlikely
                0x0000000008049980        0x0 rtosal_interapplcom.o86
 .text.unlikely
                0x0000000008049980        0x0 STLA_MECHANICAL_6spd.a(STLA_MECHANICAL_6spd_dsrtmdlfcn.lo86)
 .text.unlikely
                0x0000000008049980        0x0 STLA_MECHANICAL_6spd.a(STLA_MECHANICAL_6spd_dsrttf.lo86)
 .text.unlikely
                0x0000000008049980        0x0 STLA_MECHANICAL_6spd.a(STLA_MECHANICAL_6spd.lo86)
 .text.unlikely
                0x0000000008049980        0x0 Punch_mechanical_B_sample_v3_6_cal_v2_C_rtwlib.lib(Punch_mechanical_B_sample_v3_6_cal_v2_C.lo86)
 .text.unlikely
                0x0000000008049980        0x0 Punch_mechanical_B_sample_v3_6_cal_v2_C_rtwlib.lib(Punch_mechanical_B_sample_v3_6_cal_v2_C_5d3f6f6f_1_gateway.lo86)
 .text.unlikely
                0x0000000008049980        0x0 Punch_mechanical_B_sample_v3_6_cal_v2_C_rtwlib.lib(Punch_mechanical_B_sample_v3_6_cal_v2_C_5d3f6f6f_1.lo86)
 .text.unlikely
                0x0000000008049980        0x0 Punch_mechanical_B_sample_v3_6_cal_v2_C_rtwlib.lib(Punch_mechanical_B_sample_v3_6_cal_v2_C_5d3f6f6f_1_ds.lo86)
 .text.unlikely
                0x0000000008049980        0x0 Punch_mechanical_B_sample_v3_6_cal_v2_C_rtwlib.lib(Punch_mechanical_B_sample_v3_6_cal_v2_C_5d3f6f6f_1_ds_cache_i.lo86)
 .text.unlikely
                0x0000000008049980        0x0 Punch_mechanical_B_sample_v3_6_cal_v2_C_rtwlib.lib(Punch_mechanical_B_sample_v3_6_cal_v2_C_5d3f6f6f_1_ds_assert.lo86)
 .text.unlikely
                0x0000000008049980        0x0 Punch_mechanical_B_sample_v3_6_cal_v2_C_rtwlib.lib(Punch_mechanical_B_sample_v3_6_cal_v2_C_5d3f6f6f_1_ds_q1.lo86)
 .text.unlikely
                0x0000000008049980        0x0 Punch_mechanical_B_sample_v3_6_cal_v2_C_rtwlib.lib(Punch_mechanical_B_sample_v3_6_cal_v2_C_5d3f6f6f_1_ds_dxf_p.lo86)
 .text.unlikely
                0x0000000008049980        0x0 Punch_mechanical_B_sample_v3_6_cal_v2_C_rtwlib.lib(Punch_mechanical_B_sample_v3_6_cal_v2_C_5d3f6f6f_1_ds_dxm_p.lo86)
 .text.unlikely
                0x0000000008049980        0x0 Punch_mechanical_B_sample_v3_6_cal_v2_C_rtwlib.lib(Punch_mechanical_B_sample_v3_6_cal_v2_C_5d3f6f6f_1_ds_dxdelt_p.lo86)
 .text.unlikely
                0x0000000008049980        0x0 Punch_mechanical_B_sample_v3_6_cal_v2_C_rtwlib.lib(Punch_mechanical_B_sample_v3_6_cal_v2_C_5d3f6f6f_1_ds_f.lo86)
 .text.unlikely
                0x0000000008049980        0x0 Punch_mechanical_B_sample_v3_6_cal_v2_C_rtwlib.lib(Punch_mechanical_B_sample_v3_6_cal_v2_C_5d3f6f6f_1_ds_update_i.lo86)
 .text.unlikely
                0x0000000008049980        0x0 Punch_mechanical_B_sample_v3_6_cal_v2_C_rtwlib.lib(Punch_mechanical_B_sample_v3_6_cal_v2_C_5d3f6f6f_1_ds_qx_p.lo86)
 .text.unlikely
                0x0000000008049980        0x0 Punch_mechanical_B_sample_v3_6_cal_v2_C_rtwlib.lib(Punch_mechanical_B_sample_v3_6_cal_v2_C_5d3f6f6f_1_ds_dxf.lo86)
 .text.unlikely
                0x0000000008049980        0x0 Punch_mechanical_B_sample_v3_6_cal_v2_C_rtwlib.lib(Punch_mechanical_B_sample_v3_6_cal_v2_C_5d3f6f6f_1_ds_duf.lo86)
 .text.unlikely
                0x0000000008049980        0x0 Punch_mechanical_B_sample_v3_6_cal_v2_C_rtwlib.lib(Punch_mechanical_B_sample_v3_6_cal_v2_C_5d3f6f6f_1_ds_obs_act.lo86)
 .text.unlikely
                0x0000000008049980        0x0 Punch_mechanical_B_sample_v3_6_cal_v2_C_rtwlib.lib(Punch_mechanical_B_sample_v3_6_cal_v2_C_5d3f6f6f_1_ds_a.lo86)
 .text.unlikely
                0x0000000008049980        0x0 Punch_mechanical_B_sample_v3_6_cal_v2_C_rtwlib.lib(Punch_mechanical_B_sample_v3_6_cal_v2_C_5d3f6f6f_1_ds_obs_exp.lo86)
 .text.unlikely
                0x0000000008049980        0x0 Punch_mechanical_B_sample_v3_6_cal_v2_C_rtwlib.lib(Punch_mechanical_B_sample_v3_6_cal_v2_C_5d3f6f6f_1_ds_a_p.lo86)
 .text.unlikely
                0x0000000008049980        0x0 Punch_mechanical_B_sample_v3_6_cal_v2_C_rtwlib.lib(Punch_mechanical_B_sample_v3_6_cal_v2_C_5d3f6f6f_1_ds_tdxf_p.lo86)
 .text.unlikely
                0x0000000008049980        0x0 Punch_mechanical_B_sample_v3_6_cal_v2_C_rtwlib.lib(Punch_mechanical_B_sample_v3_6_cal_v2_C_5d3f6f6f_1_ds_qx.lo86)
 .text.unlikely
                0x0000000008049980        0x0 Punch_mechanical_B_sample_v3_6_cal_v2_C_rtwlib.lib(Punch_mechanical_B_sample_v3_6_cal_v2_C_5d3f6f6f_1_ds_vmf.lo86)
 .text.unlikely
                0x0000000008049980        0x0 Punch_mechanical_B_sample_v3_6_cal_v2_C_rtwlib.lib(Punch_mechanical_B_sample_v3_6_cal_v2_C_5d3f6f6f_1_ds_slf.lo86)
 .text.unlikely
                0x0000000008049980        0x0 Punch_mechanical_B_sample_v3_6_cal_v2_C_rtwlib.lib(Punch_mechanical_B_sample_v3_6_cal_v2_C_5d3f6f6f_1_ds_ic.lo86)
 .text.unlikely
                0x0000000008049980        0x0 Punch_mechanical_B_sample_v3_6_cal_v2_C_rtwlib.lib(Punch_mechanical_B_sample_v3_6_cal_v2_C_5d3f6f6f_1_ds_dxicr_p.lo86)
 .text.unlikely
                0x0000000008049980        0x0 Punch_mechanical_B_sample_v3_6_cal_v2_C_rtwlib.lib(Punch_mechanical_B_sample_v3_6_cal_v2_C_5d3f6f6f_1_ds_log.lo86)
 .text.unlikely
                0x0000000008049980        0x0 Punch_mechanical_B_sample_v3_6_cal_v2_C_rtwlib.lib(Punch_mechanical_B_sample_v3_6_cal_v2_C_5d3f6f6f_1_ds_m.lo86)
 .text.unlikely
                0x0000000008049980        0x0 Punch_mechanical_B_sample_v3_6_cal_v2_C_rtwlib.lib(Punch_mechanical_B_sample_v3_6_cal_v2_C_5d3f6f6f_1_ds_m_p.lo86)
 .text.unlikely
                0x0000000008049980        0x0 Punch_mechanical_B_sample_v3_6_cal_v2_C_rtwlib.lib(Punch_mechanical_B_sample_v3_6_cal_v2_C_5d3f6f6f_1_ds_vmm.lo86)
 .text.unlikely
                0x0000000008049980        0x0 Punch_mechanical_B_sample_v3_6_cal_v2_C_rtwlib.lib(Punch_mechanical_B_sample_v3_6_cal_v2_C_5d3f6f6f_1_ds_mode.lo86)
 .text.unlikely
                0x0000000008049980        0x0 Punch_mechanical_B_sample_v3_6_cal_v2_C_rtwlib.lib(Punch_mechanical_B_sample_v3_6_cal_v2_C_5d3f6f6f_1_ds_obs_all.lo86)
 .text.unlikely
                0x0000000008049980        0x0 Punch_mechanical_B_sample_v3_6_cal_v2_C_rtwlib.lib(Punch_mechanical_B_sample_v3_6_cal_v2_C_5d3f6f6f_1_ds_q1_p.lo86)
 .text.unlikely
                0x0000000008049980        0x0 Punch_mechanical_B_sample_v3_6_cal_v2_C_rtwlib.lib(Punch_mechanical_B_sample_v3_6_cal_v2_C_5d3f6f6f_1_ds_var_tol.lo86)
 .text.unlikely
                0x0000000008049980        0x0 Punch_mechanical_B_sample_v3_6_cal_v2_C_rtwlib.lib(Punch_mechanical_B_sample_v3_6_cal_v2_C_5d3f6f6f_1_ds_eq_tol.lo86)
 .text.unlikely
                0x0000000008049980        0x0 Punch_mechanical_B_sample_v3_6_cal_v2_C_rtwlib.lib(Punch_mechanical_B_sample_v3_6_cal_v2_C_5d3f6f6f_1_ds_lv.lo86)
 .text.unlikely
                0x0000000008049980        0x0 Punch_mechanical_B_sample_v3_6_cal_v2_C_rtwlib.lib(Punch_mechanical_B_sample_v3_6_cal_v2_C_5d3f6f6f_1_ds_slv.lo86)
 .text.unlikely
                0x0000000008049980        0x0 Punch_mechanical_B_sample_v3_6_cal_v2_C_rtwlib.lib(Punch_mechanical_B_sample_v3_6_cal_v2_C_5d3f6f6f_1_ds_y.lo86)
 .text.unlikely
                0x0000000008049980        0x0 Punch_mechanical_B_sample_v3_6_cal_v2_C_rtwlib.lib(Punch_mechanical_B_sample_v3_6_cal_v2_C_5d3f6f6f_1_ds_dxy.lo86)
 .text.unlikely
                0x0000000008049980        0x0 Punch_mechanical_B_sample_v3_6_cal_v2_C_rtwlib.lib(Punch_mechanical_B_sample_v3_6_cal_v2_C_5d3f6f6f_1_ds_dxy_p.lo86)
 .text.unlikely
                0x0000000008049980        0x0 Punch_mechanical_B_sample_v3_6_cal_v2_C_rtwlib.lib(Punch_mechanical_B_sample_v3_6_cal_v2_C_5d3f6f6f_1_ds_mdxy_p.lo86)
 .text.unlikely
                0x0000000008049980        0x0 Punch_mechanical_B_sample_v3_6_cal_v2_C_rtwlib.lib(Punch_mechanical_B_sample_v3_6_cal_v2_C_5d3f6f6f_1_ds_tdxy_p.lo86)
 .text.unlikely
                0x0000000008049980        0x0 Punch_mechanical_B_sample_v3_6_cal_v2_C_rtwlib.lib(Punch_mechanical_B_sample_v3_6_cal_v2_C_5d3f6f6f_1_ds_zc.lo86)
 .text.unlikely
                0x0000000008049980        0x0 rtwshared.lib(look1_pbinlcapw.lo86)
 .text.unlikely
                0x0000000008049980        0x0 rtwshared.lib(look2_pbinlcapw.lo86)
 .text.unlikely
                0x0000000008049980        0x0 rtwshared.lib(rt_backsubrr_dbl.lo86)
 .text.unlikely
                0x0000000008049980        0x0 rtwshared.lib(rt_forwardsubrr_dbl.lo86)
 .text.unlikely
                0x0000000008049980        0x0 rtwshared.lib(rt_lu_real.lo86)
 .text.unlikely
                0x0000000008049980        0x0 rtwshared.lib(rt_modd_snf.lo86)
 .text.unlikely
                0x0000000008049980        0x0 rtwshared.lib(rt_nonfinite.lo86)
 .text.unlikely
                0x0000000008049980        0x0 rtwshared.lib(rt_roundd_snf.lo86)
 .text.unlikely
                0x0000000008049980        0x0 rtwshared.lib(rtGetInf.lo86)
 .text.unlikely
                0x0000000008049980        0x0 rtwshared.lib(rtGetNaN.lo86)
 .text.unlikely
                0x0000000008049980        0x0 ssc_sli_r2017b_dsx86_32_2.a(ssc_sli_0bd269e6.lo86)
 .text.unlikely
                0x0000000008049980        0x0 ssc_sli_r2017b_dsx86_32_2.a(ssc_sli_5a0cb974.lo86)
 .text.unlikely
                0x0000000008049980        0x0 ssc_sli_r2017b_dsx86_32_2.a(ssc_sli_c7dda239.lo86)
 .text.unlikely
                0x0000000008049980        0x0 ssc_sli_r2017b_dsx86_32_2.a(ssc_sli_fbdf29da.lo86)
 .text.unlikely
                0x0000000008049980        0x0 ssc_sli_r2017b_dsx86_32_2.a(ssc_sli_fa0ce53e.lo86)
 .text.unlikely
                0x0000000008049980        0x0 ssc_sli_r2017b_dsx86_32_2.a(ssc_sli_550a4805.lo86)
 .text.unlikely
                0x0000000008049980        0x0 ssc_sli_r2017b_dsx86_32_2.a(ssc_sli_89d0f30a.lo86)
 .text.unlikely
                0x0000000008049980        0x0 ssc_sli_r2017b_dsx86_32_2.a(ssc_sli_9c030181.lo86)
 .text.unlikely
                0x0000000008049980        0x0 ssc_sli_r2017b_dsx86_32_2.a(ssc_sli_dcd66f69.lo86)
 .text.unlikely
                0x0000000008049980        0x0 ssc_sli_r2017b_dsx86_32_2.a(ssc_sli_eb0a5702.lo86)
 .text.unlikely
                0x0000000008049980        0x0 ssc_sli_r2017b_dsx86_32_2.a(ssc_sli_0763c151.lo86)
 .text.unlikely
                0x0000000008049980        0x0 ssc_sli_r2017b_dsx86_32_2.a(ssc_sli_360cfd63.lo86)
 .text.unlikely
                0x0000000008049980        0x0 ssc_sli_r2017b_dsx86_32_2.a(ssc_sli_43618287.lo86)
 .text.unlikely
                0x0000000008049980        0x0 ssc_sli_r2017b_dsx86_32_2.a(ssc_sli_466b08dd.lo86)
 .text.unlikely
                0x0000000008049980        0x0 ssc_sli_r2017b_dsx86_32_2.a(ssc_sli_4e028390.lo86)
 .text.unlikely
                0x0000000008049980        0x0 ssc_sli_r2017b_dsx86_32_2.a(ssc_sli_51dbd3b5.lo86)
 .text.unlikely
                0x0000000008049980        0x0 ssc_sli_r2017b_dsx86_32_2.a(ssc_sli_77063d8b.lo86)
 .text.unlikely
                0x0000000008049980        0x0 ssc_sli_r2017b_dsx86_32_2.a(ssc_sli_7a618260.lo86)
 .text.unlikely
                0x0000000008049980        0x0 ssc_sli_r2017b_dsx86_32_2.a(ssc_sli_7f630b0f.lo86)
 .text.unlikely
                0x0000000008049980        0x0 ssc_sli_r2017b_dsx86_32_2.a(ssc_sli_8a64c4e2.lo86)
 .text.unlikely
                0x0000000008049980        0x0 ssc_core_r2017b_dsx86_32_2.a(ssc_core_05058dd9.lo86)
 .text.unlikely
                0x0000000008049980        0x0 ssc_core_r2017b_dsx86_32_2.a(ssc_core_1c6b0332.lo86)
 .text.unlikely
                0x0000000008049980        0x0 ssc_core_r2017b_dsx86_32_2.a(ssc_core_2568b075.lo86)
 .text.unlikely
                0x0000000008049980        0x0 ssc_core_r2017b_dsx86_32_2.a(ssc_core_360a4baf.lo86)
 .text.unlikely
                0x0000000008049980        0x0 ssc_core_r2017b_dsx86_32_2.a(ssc_core_4965213d.lo86)
 .text.unlikely
                0x0000000008049980        0x0 ssc_core_r2017b_dsx86_32_2.a(ssc_core_67d1f118.lo86)
 .text.unlikely
                0x0000000008049980        0x0 ssc_core_r2017b_dsx86_32_2.a(ssc_core_6b6b89d2.lo86)
 .text.unlikely
                0x0000000008049980        0x0 ssc_core_r2017b_dsx86_32_2.a(ssc_core_6dd833f3.lo86)
 .text.unlikely
                0x0000000008049980        0x0 ssc_core_r2017b_dsx86_32_2.a(ssc_core_8569edc5.lo86)
 .text.unlikely
                0x0000000008049980        0x0 ssc_core_r2017b_dsx86_32_2.a(ssc_core_8a6471dc.lo86)
 .text.unlikely
                0x0000000008049980        0x0 ssc_core_r2017b_dsx86_32_2.a(ssc_core_97d767fe.lo86)
 .text.unlikely
                0x0000000008049980        0x0 ssc_core_r2017b_dsx86_32_2.a(ssc_core_a4d4c45e.lo86)
 .text.unlikely
                0x0000000008049980        0x0 ssc_core_r2017b_dsx86_32_2.a(ssc_core_abd5e7b4.lo86)
 .text.unlikely
                0x0000000008049980        0x0 ssc_core_r2017b_dsx86_32_2.a(ssc_core_acb64294.lo86)
 .text.unlikely
                0x0000000008049980        0x0 ssc_core_r2017b_dsx86_32_2.a(ssc_core_acb6462e.lo86)
 .text.unlikely
                0x0000000008049980        0x0 ssc_core_r2017b_dsx86_32_2.a(ssc_core_b1038cbb.lo86)
 .text.unlikely
                0x0000000008049980        0x0 ssc_core_r2017b_dsx86_32_2.a(ssc_core_b10e34f4.lo86)
 .text.unlikely
                0x0000000008049980        0x0 ssc_core_r2017b_dsx86_32_2.a(ssc_core_b2b3b239.lo86)
 .text.unlikely
                0x0000000008049980        0x0 ssc_core_r2017b_dsx86_32_2.a(ssc_core_b402b40d.lo86)
 .text.unlikely
                0x0000000008049980        0x0 ssc_core_r2017b_dsx86_32_2.a(ssc_core_bb0b2992.lo86)
 .text.unlikely
                0x0000000008049980        0x0 ssc_core_r2017b_dsx86_32_2.a(ssc_core_c3003040.lo86)
 .text.unlikely
                0x0000000008049980        0x0 ssc_core_r2017b_dsx86_32_2.a(ssc_core_c5b63cb2.lo86)
 .text.unlikely
                0x0000000008049980        0x0 ssc_core_r2017b_dsx86_32_2.a(ssc_core_c607b660.lo86)
 .text.unlikely
                0x0000000008049980        0x0 ssc_core_r2017b_dsx86_32_2.a(ssc_core_c8d83e88.lo86)
 .text.unlikely
                0x0000000008049980        0x0 ssc_core_r2017b_dsx86_32_2.a(ssc_core_cab615c8.lo86)
 .text.unlikely
                0x0000000008049980        0x0 ssc_core_r2017b_dsx86_32_2.a(ssc_core_cabdc251.lo86)
 .text.unlikely
                0x0000000008049980        0x0 ssc_core_r2017b_dsx86_32_2.a(ssc_core_cc067f58.lo86)
 .text.unlikely
                0x0000000008049980        0x0 ssc_core_r2017b_dsx86_32_2.a(ssc_core_d06d763c.lo86)
 .text.unlikely
                0x0000000008049980        0x0 ssc_core_r2017b_dsx86_32_2.a(ssc_core_d3d34d7c.lo86)
 .text.unlikely
                0x0000000008049980        0x0 ssc_core_r2017b_dsx86_32_2.a(ssc_core_d807fa59.lo86)
 .text.unlikely
                0x0000000008049980        0x0 ssc_core_r2017b_dsx86_32_2.a(ssc_core_d9d13dac.lo86)
 .text.unlikely
                0x0000000008049980        0x0 ssc_core_r2017b_dsx86_32_2.a(ssc_core_deb7fd8d.lo86)
 .text.unlikely
                0x0000000008049980        0x0 ssc_core_r2017b_dsx86_32_2.a(ssc_core_e0d0866d.lo86)
 .text.unlikely
                0x0000000008049980        0x0 ssc_core_r2017b_dsx86_32_2.a(ssc_core_e2b61d72.lo86)
 .text.unlikely
                0x0000000008049980        0x0 ssc_core_r2017b_dsx86_32_2.a(ssc_core_ee01086d.lo86)
 .text.unlikely
                0x0000000008049980        0x0 ssc_core_r2017b_dsx86_32_2.a(ssc_core_ee0f0141.lo86)
 .text.unlikely
                0x0000000008049980        0x0 ssc_core_r2017b_dsx86_32_2.a(ssc_core_f9b6dbed.lo86)
 .text.unlikely
                0x0000000008049980        0x0 ssc_core_r2017b_dsx86_32_2.a(ssc_core_fa09e9e6.lo86)
 .text.unlikely
                0x0000000008049980        0x0 ssc_core_r2017b_dsx86_32_2.a(ssc_core_fbd34e62.lo86)
 .text.unlikely
                0x0000000008049980        0x0 ssc_core_r2017b_dsx86_32_2.a(ssc_core_ff06d9a4.lo86)
 .text.unlikely
                0x0000000008049980        0x0 ssc_core_r2017b_dsx86_32_2.a(ssc_core_01dcc633.lo86)
 .text.unlikely
                0x0000000008049980        0x0 ssc_core_r2017b_dsx86_32_2.a(ssc_core_06ba68a6.lo86)
 .text.unlikely
                0x0000000008049980        0x0 ssc_core_r2017b_dsx86_32_2.a(ssc_core_0f019bd9.lo86)
 .text.unlikely
                0x0000000008049980        0x0 ssc_core_r2017b_dsx86_32_2.a(ssc_core_0f0420a6.lo86)
 .text.unlikely
                0x0000000008049980        0x0 ssc_core_r2017b_dsx86_32_2.a(ssc_core_1b0cafd5.lo86)
 .text.unlikely
                0x0000000008049980        0x0 ssc_core_r2017b_dsx86_32_2.a(ssc_core_3169e4b7.lo86)
 .text.unlikely
                0x0000000008049980        0x0 ssc_core_r2017b_dsx86_32_2.a(ssc_core_37d4ea84.lo86)
 .text.unlikely
                0x0000000008049980        0x0 ssc_core_r2017b_dsx86_32_2.a(ssc_core_40dfdbdc.lo86)
 .text.unlikely
                0x0000000008049980        0x0 ssc_core_r2017b_dsx86_32_2.a(ssc_core_41017299.lo86)
 .text.unlikely
                0x0000000008049980        0x0 ssc_core_r2017b_dsx86_32_2.a(ssc_core_4666b45b.lo86)
 .text.unlikely
                0x0000000008049980        0x0 ssc_core_r2017b_dsx86_32_2.a(ssc_core_48b1386a.lo86)
 .text.unlikely
                0x0000000008049980        0x0 ssc_core_r2017b_dsx86_32_2.a(ssc_core_4ad9135b.lo86)
 .text.unlikely
                0x0000000008049980        0x0 ssc_core_r2017b_dsx86_32_2.a(ssc_core_4db6bd68.lo86)
 .text.unlikely
                0x0000000008049980        0x0 ssc_core_r2017b_dsx86_32_2.a(ssc_core_4db86fcc.lo86)
 .text.unlikely
                0x0000000008049980        0x0 ssc_core_r2017b_dsx86_32_2.a(ssc_core_4e03e39d.lo86)
 .text.unlikely
                0x0000000008049980        0x0 ssc_core_r2017b_dsx86_32_2.a(ssc_core_54d55ae9.lo86)
 .text.unlikely
                0x0000000008049980        0x0 ssc_core_r2017b_dsx86_32_2.a(ssc_core_56b1a2bf.lo86)
 .text.unlikely
                0x0000000008049980        0x0 ssc_core_r2017b_dsx86_32_2.a(ssc_core_59b034b8.lo86)
 .text.unlikely
                0x0000000008049980        0x0 ssc_core_r2017b_dsx86_32_2.a(ssc_core_5d6ba758.lo86)
 .text.unlikely
                0x0000000008049980        0x0 ssc_core_r2017b_dsx86_32_2.a(ssc_core_68da074b.lo86)
 .text.unlikely
                0x0000000008049980        0x0 ssc_core_r2017b_dsx86_32_2.a(ssc_core_73d9c2b7.lo86)
 .text.unlikely
                0x0000000008049980        0x0 ssc_core_r2017b_dsx86_32_2.a(ssc_core_79dd08ab.lo86)
 .text.unlikely
                0x0000000008049980        0x0 ssc_core_r2017b_dsx86_32_2.a(ssc_core_7a613edb.lo86)
 .text.unlikely
                0x0000000008049980        0x0 ssc_core_r2017b_dsx86_32_2.a(ssc_core_83db8762.lo86)
 .text.unlikely
                0x0000000008049980        0x0 ssc_core_r2017b_dsx86_32_2.a(ssc_core_856738f2.lo86)
 .text.unlikely
                0x0000000008049980        0x0 ssc_core_r2017b_dsx86_32_2.a(ssc_core_8d0064b8.lo86)
 .text.unlikely
                0x0000000008049980        0x0 ssc_core_r2017b_dsx86_32_2.a(ssc_core_96061071.lo86)
 .text.unlikely
                0x0000000008049980        0x0 ssc_core_r2017b_dsx86_32_2.a(ssc_core_9c016445.lo86)
 .text.unlikely
                0x0000000008049980        0x0 ssc_core_r2017b_dsx86_32_2.a(ssc_core_9dd110ad.lo86)
 .text.unlikely
                0x0000000008049980        0x0 ssc_core_r2017b_dsx86_32_2.a(ssc_core_9fb0e229.lo86)
 .text.unlikely
                0x0000000008049980        0x0 ssc_core_r2017b_dsx86_32_2.a(ssc_core_9fb25b4f.lo86)
 .text.unlikely
                0x0000000008049980        0x0 ssc_core_r2017b_dsx86_32_2.a(ssc_core_a1d393be.lo86)
 .text.unlikely
                0x0000000008049980        0x0 ssc_core_r2017b_dsx86_32_2.a(ssc_core_a6b78ccc.lo86)
 .text.unlikely
                0x0000000008049980        0x0 ssc_core_r2017b_dsx86_32_2.a(ssc_core_a867d880.lo86)
 .text.unlikely
                0x0000000008049980        0x0 ssc_core_r2017b_dsx86_32_2.a(ssc_core_a9bf1ff2.lo86)
 .text.unlikely
                0x0000000008049980        0x0 ssc_core_r2017b_dsx86_32_2.a(ssc_core_abd05c18.lo86)
 .text.unlikely
                0x0000000008049980        0x0 ssc_core_r2017b_dsx86_32_2.a(ssc_core_b3671372.lo86)
 .text.unlikely
                0x0000000008049980        0x0 ssc_core_r2017b_dsx86_32_2.a(ssc_core_b7b88213.lo86)
 .text.unlikely
                0x0000000008049980        0x0 ssc_core_r2017b_dsx86_32_2.a(ssc_core_b96ebc21.lo86)
 .text.unlikely
                0x0000000008049980        0x0 ssc_core_r2017b_dsx86_32_2.a(ssc_core_c5b050d7.lo86)
 .text.unlikely
                0x0000000008049980        0x0 ssc_core_r2017b_dsx86_32_2.a(ssc_core_d70a6a09.lo86)
 .text.unlikely
                0x0000000008049980        0x0 ssc_core_r2017b_dsx86_32_2.a(ssc_core_dcda6edd.lo86)
 .text.unlikely
                0x0000000008049980        0x0 ssc_core_r2017b_dsx86_32_2.a(ssc_core_09b5fa6e.lo86)
 .text.unlikely
                0x0000000008049980        0x0 ssc_core_r2017b_dsx86_32_2.a(ssc_core_0bd666aa.lo86)
 .text.unlikely
                0x0000000008049980        0x0 ssc_core_r2017b_dsx86_32_2.a(ssc_core_76d825be.lo86)
 .text.unlikely
                0x0000000008049980        0x0 ssc_core_r2017b_dsx86_32_2.a(ssc_core_a4da1d0a.lo86)
 .text.unlikely
                0x0000000008049980        0x0 ssc_core_r2017b_dsx86_32_2.a(ssc_core_bc648043.lo86)
 .text.unlikely
                0x0000000008049980        0x0 ssc_core_r2017b_dsx86_32_2.a(ssc_core_ce6a84bb.lo86)
 .text.unlikely
                0x0000000008049980        0x0 ne_r2017b_dsx86_32_2.a(ne_59b4e14a.lo86)
 .text.unlikely
                0x0000000008049980        0x0 mc_r2017b_dsx86_32_2.a(mc_0bd30dee.lo86)
 .text.unlikely
                0x0000000008049980        0x0 mc_r2017b_dsx86_32_2.a(mc_110e6c6c.lo86)
 .text.unlikely
                0x0000000008049980        0x0 mc_r2017b_dsx86_32_2.a(mc_15d828ca.lo86)
 .text.unlikely
                0x0000000008049980        0x0 mc_r2017b_dsx86_32_2.a(mc_2565d6e0.lo86)
 .text.unlikely
                0x0000000008049980        0x0 mc_r2017b_dsx86_32_2.a(mc_47b8cebe.lo86)
 .text.unlikely
                0x0000000008049980        0x0 mc_r2017b_dsx86_32_2.a(mc_4b0301c6.lo86)
 .text.unlikely
                0x0000000008049980        0x0 mc_r2017b_dsx86_32_2.a(mc_52623861.lo86)
 .text.unlikely
                0x0000000008049980        0x0 mc_r2017b_dsx86_32_2.a(mc_53b1fc84.lo86)
 .text.unlikely
                0x0000000008049980        0x0 mc_r2017b_dsx86_32_2.a(mc_550847c3.lo86)
 .text.unlikely
                0x0000000008049980        0x0 mc_r2017b_dsx86_32_2.a(mc_5766048f.lo86)
 .text.unlikely
                0x0000000008049980        0x0 mc_r2017b_dsx86_32_2.a(mc_59b6e413.lo86)
 .text.unlikely
                0x0000000008049980        0x0 mc_r2017b_dsx86_32_2.a(mc_630dda0e.lo86)
 .text.unlikely
                0x0000000008049980        0x0 mc_r2017b_dsx86_32_2.a(mc_67da4f41.lo86)
 .text.unlikely
                0x0000000008049980        0x0 mc_r2017b_dsx86_32_2.a(mc_6b6d311a.lo86)
 .text.unlikely
                0x0000000008049980        0x0 mc_r2017b_dsx86_32_2.a(mc_7bbf41f0.lo86)
 .text.unlikely
                0x0000000008049980        0x0 mc_r2017b_dsx86_32_2.a(mc_7d0547c8.lo86)
 .text.unlikely
                0x0000000008049980        0x0 mc_r2017b_dsx86_32_2.a(mc_7d099de7.lo86)
 .text.unlikely
                0x0000000008049980        0x0 mc_r2017b_dsx86_32_2.a(mc_7eb21b39.lo86)
 .text.unlikely
                0x0000000008049980        0x0 mc_r2017b_dsx86_32_2.a(mc_81b5717e.lo86)
 .text.unlikely
                0x0000000008049980        0x0 mc_r2017b_dsx86_32_2.a(mc_89d597cf.lo86)
 .text.unlikely
                0x0000000008049980        0x0 mc_r2017b_dsx86_32_2.a(mc_90b6aa0a.lo86)
 .text.unlikely
                0x0000000008049980        0x0 mc_r2017b_dsx86_32_2.a(mc_9ab7d9b0.lo86)
 .text.unlikely
                0x0000000008049980        0x0 mc_r2017b_dsx86_32_2.a(mc_9b6c1529.lo86)
 .text.unlikely
                0x0000000008049980        0x0 mc_r2017b_dsx86_32_2.a(mc_a2647600.lo86)
 .text.unlikely
                0x0000000008049980        0x0 mc_r2017b_dsx86_32_2.a(mc_a26bab1a.lo86)
 .text.unlikely
                0x0000000008049980        0x0 mc_r2017b_dsx86_32_2.a(mc_a3b90582.lo86)
 .text.unlikely
                0x0000000008049980        0x0 mc_r2017b_dsx86_32_2.a(mc_a865d1dd.lo86)
 .text.unlikely
                0x0000000008049980        0x0 mc_r2017b_dsx86_32_2.a(mc_acb3fad7.lo86)
 .text.unlikely
                0x0000000008049980        0x0 mc_r2017b_dsx86_32_2.a(mc_af0cc4c9.lo86)
 .text.unlikely
                0x0000000008049980        0x0 mc_r2017b_dsx86_32_2.a(mc_b0de9cbc.lo86)
 .text.unlikely
                0x0000000008049980        0x0 mc_r2017b_dsx86_32_2.a(mc_b362c5eb.lo86)
 .text.unlikely
                0x0000000008049980        0x0 mc_r2017b_dsx86_32_2.a(mc_b7b03d44.lo86)
 .text.unlikely
                0x0000000008049980        0x0 mc_r2017b_dsx86_32_2.a(mc_b96a0bad.lo86)
 .text.unlikely
                0x0000000008049980        0x0 mc_r2017b_dsx86_32_2.a(mc_bb0520ee.lo86)
 .text.unlikely
                0x0000000008049980        0x0 mc_r2017b_dsx86_32_2.a(mc_bdbb9b78.lo86)
 .text.unlikely
                0x0000000008049980        0x0 mc_r2017b_dsx86_32_2.a(mc_c8d25d23.lo86)
 .text.unlikely
                0x0000000008049980        0x0 mc_r2017b_dsx86_32_2.a(mc_d20085b7.lo86)
 .text.unlikely
                0x0000000008049980        0x0 mc_r2017b_dsx86_32_2.a(mc_d9d38185.lo86)
 .text.unlikely
                0x0000000008049980        0x0 mc_r2017b_dsx86_32_2.a(mc_e7bc2f1a.lo86)
 .text.unlikely
                0x0000000008049980        0x0 mc_r2017b_dsx86_32_2.a(mc_e969ae87.lo86)
 .text.unlikely
                0x0000000008049980        0x0 mc_r2017b_dsx86_32_2.a(mc_edbf543c.lo86)
 .text.unlikely
                0x0000000008049980        0x0 mc_r2017b_dsx86_32_2.a(mc_efdea3a7.lo86)
 .text.unlikely
                0x0000000008049980        0x0 mc_r2017b_dsx86_32_2.a(mc_f3be157c.lo86)
 .text.unlikely
                0x0000000008049980        0x0 mc_r2017b_dsx86_32_2.a(mc_fcb15a9b.lo86)
 .text.unlikely
                0x0000000008049980        0x0 mc_r2017b_dsx86_32_2.a(mc_fd619d14.lo86)
 .text.unlikely
                0x0000000008049980        0x0 mc_r2017b_dsx86_32_2.a(mc_fd6341bb.lo86)
 .text.unlikely
                0x0000000008049980        0x0 mc_r2017b_dsx86_32_2.a(mc_03b98f6f.lo86)
 .text.unlikely
                0x0000000008049980        0x0 mc_r2017b_dsx86_32_2.a(mc_0d6fd085.lo86)
 .text.unlikely
                0x0000000008049980        0x0 mc_r2017b_dsx86_32_2.a(mc_0ed73c49.lo86)
 .text.unlikely
                0x0000000008049980        0x0 mc_r2017b_dsx86_32_2.a(mc_11086079.lo86)
 .text.unlikely
                0x0000000008049980        0x0 mc_r2017b_dsx86_32_2.a(mc_15d12d95.lo86)
 .text.unlikely
                0x0000000008049980        0x0 mc_r2017b_dsx86_32_2.a(mc_2cdc96b4.lo86)
 .text.unlikely
                0x0000000008049980        0x0 mc_r2017b_dsx86_32_2.a(mc_32dc008a.lo86)
 .text.unlikely
                0x0000000008049980        0x0 mc_r2017b_dsx86_32_2.a(mc_3e66abdf.lo86)
 .text.unlikely
                0x0000000008049980        0x0 mc_r2017b_dsx86_32_2.a(mc_51d4094e.lo86)
 .text.unlikely
                0x0000000008049980        0x0 mc_r2017b_dsx86_32_2.a(mc_52688a58.lo86)
 .text.unlikely
                0x0000000008049980        0x0 mc_r2017b_dsx86_32_2.a(mc_5d65cd86.lo86)
 .text.unlikely
                0x0000000008049980        0x0 mc_r2017b_dsx86_32_2.a(mc_67da200d.lo86)
 .text.unlikely
                0x0000000008049980        0x0 mc_r2017b_dsx86_32_2.a(mc_6fb1c336.lo86)
 .text.unlikely
                0x0000000008049980        0x0 mc_r2017b_dsx86_32_2.a(mc_7a613aec.lo86)
 .text.unlikely
                0x0000000008049980        0x0 mc_r2017b_dsx86_32_2.a(mc_7cd58f0b.lo86)
 .text.unlikely
                0x0000000008049980        0x0 mc_r2017b_dsx86_32_2.a(mc_7cdbe436.lo86)
 .text.unlikely
                0x0000000008049980        0x0 mc_r2017b_dsx86_32_2.a(mc_870ec75e.lo86)
 .text.unlikely
                0x0000000008049980        0x0 mc_r2017b_dsx86_32_2.a(mc_9b6376d1.lo86)
 .text.unlikely
                0x0000000008049980        0x0 mc_r2017b_dsx86_32_2.a(mc_dbbb14d2.lo86)
 .text.unlikely
                0x0000000008049980        0x0 mc_r2017b_dsx86_32_2.a(mc_dcdddfae.lo86)
 .text.unlikely
                0x0000000008049980        0x0 mc_r2017b_dsx86_32_2.a(mc_debb448f.lo86)
 .text.unlikely
                0x0000000008049980        0x0 mc_r2017b_dsx86_32_2.a(mc_220ba961.lo86)
 .text.unlikely
                0x0000000008049980        0x0 ex_r2017b_dsx86_32_2.a(ex_04d5441d.lo86)
 .text.unlikely
                0x0000000008049980        0x0 ex_r2017b_dsx86_32_2.a(ex_18b4440a.lo86)
 .text.unlikely
                0x0000000008049980        0x0 ex_r2017b_dsx86_32_2.a(ex_8a6fc761.lo86)
 .text.unlikely
                0x0000000008049980        0x0 pm_r2017b_dsx86_32_2.a(pm_09bc42e2.lo86)
 .text.unlikely
                0x0000000008049980        0x0 pm_r2017b_dsx86_32_2.a(pm_14098e54.lo86)
 .text.unlikely
                0x0000000008049980        0x0 pm_r2017b_dsx86_32_2.a(pm_26dc3230.lo86)
 .text.unlikely
                0x0000000008049980        0x0 pm_r2017b_dsx86_32_2.a(pm_4fd5f5b9.lo86)
 .text.unlikely
                0x0000000008049980        0x0 pm_r2017b_dsx86_32_2.a(pm_fed8c2c9.lo86)
 .text.unlikely
                0x0000000008049980        0x0 c:/programdata/dspace/071346ea-bffa-4465-9551-2e48edf35320/compiler/qnx650_520/host/win32/x86/usr/bin/../lib/gcc/i486-pc-nto-qnx6.5.0/5.2.0/crtend.o
 *(.text.exit .text.exit.*)
 *(.text.startup .text.startup.*)
 .text.startup  0x0000000008049980       0x31 dssimengine_main.o86
                0x0000000008049980                _Z32__registerApplDsCApplicationMainv
 *fill*         0x00000000080499b1        0xf 9090
 .text.startup  0x00000000080499c0       0x13 rtosal_simengineap.o86
                0x00000000080499c0                _Z21__registerRTTMPConfigv
 *fill*         0x00000000080499d3        0xd 9090
 .text.startup  0x00000000080499e0       0x16 IOCode_Data.o86
                0x00000000080499e0                _Z31__registerResourceg_ResourceMapv
 *(.text.hot .text.hot.*)
 *(.text .stub .text.* .gnu.linkonce.t.*)
 *fill*         0x00000000080499f6        0x2 9090
 .text          0x00000000080499f8       0x91 C:\ProgramData\dSPACE\071346ea-bffa-4465-9551-2e48edf35320\Compiler\QNX650_520\target\qnx6/x86/lib/crt1.o
                0x0000000008049a00                _start
 *fill*         0x0000000008049a89        0x3 9090
 .text          0x0000000008049a8c        0x0 C:\ProgramData\dSPACE\071346ea-bffa-4465-9551-2e48edf35320\Compiler\QNX650_520\target\qnx6/x86/lib/crti.o
 *fill*         0x0000000008049a8c        0x4 9090
 .text          0x0000000008049a90      0x1a5 c:/programdata/dspace/071346ea-bffa-4465-9551-2e48edf35320/compiler/qnx650_520/host/win32/x86/usr/bin/../lib/gcc/i486-pc-nto-qnx6.5.0/5.2.0/crtbegin.o
 .text.__x86.get_pc_thunk.dx
                0x0000000008049c35        0x4 c:/programdata/dspace/071346ea-bffa-4465-9551-2e48edf35320/compiler/qnx650_520/host/win32/x86/usr/bin/../lib/gcc/i486-pc-nto-qnx6.5.0/5.2.0/crtbegin.o
                0x0000000008049c35                __x86.get_pc_thunk.dx
 .text.__x86.get_pc_thunk.bx
                0x0000000008049c39        0x4 c:/programdata/dspace/071346ea-bffa-4465-9551-2e48edf35320/compiler/qnx650_520/host/win32/x86/usr/bin/../lib/gcc/i486-pc-nto-qnx6.5.0/5.2.0/crtbegin.o
                0x0000000008049c39                __x86.get_pc_thunk.bx
 *fill*         0x0000000008049c3d        0x3 9090
 .text          0x0000000008049c40       0x45 mdladapter_mdlfunctions.o86
                0x0000000008049c40                STLA_MECHANICAL_6spd_APTerminateSimulation
                0x0000000008049c50                STLA_MECHANICAL_6spd_APLastApplStateStopped
                0x0000000008049c70                STLA_MECHANICAL_6spd_APStopSimulation
                0x0000000008049c80                STLA_MECHANICAL_6spd_APPrintMessage
 .text          0x0000000008049c85      0x988 mdlCode_ap.o86
                0x0000000008049c85                ap_entry_STLA_MECHANICAL_6spd_SIDRoot_TID0
                0x0000000008049caf                ap_exit_STLA_MECHANICAL_6spd_SIDRoot_TID0
                0x0000000008049cc1                ap_read_STLA_MECHANICAL_6spd_DataInportSFcn_BR1_P0
                0x0000000008049ce1                ap_read_STLA_MECHANICAL_6spd_DataInportSFcn_BR1_P1
                0x0000000008049d01                ap_read_STLA_MECHANICAL_6spd_DataInportSFcn_BR1_P2
                0x0000000008049d21                ap_read_STLA_MECHANICAL_6spd_DataInportSFcn_BR1_P3
                0x0000000008049d41                ap_read_STLA_MECHANICAL_6spd_DataInportSFcn_BR1_P4
                0x0000000008049d61                ap_read_STLA_MECHANICAL_6spd_DataInportSFcn_BR1_P5
                0x0000000008049d81                ap_read_STLA_MECHANICAL_6spd_DataInportSFcn_BR1_P6
                0x0000000008049da1                ap_read_STLA_MECHANICAL_6spd_DataInportSFcn_BR1_P7
                0x0000000008049dc1                ap_read_STLA_MECHANICAL_6spd_DataInportSFcn_BR1_P8
                0x0000000008049de1                ap_read_STLA_MECHANICAL_6spd_DataInportSFcn_BR1_P9
                0x0000000008049e01                ap_read_STLA_MECHANICAL_6spd_DataInportSFcn_BR1_P10
                0x0000000008049e21                ap_read_STLA_MECHANICAL_6spd_DataInportSFcn_BR1_P11
                0x0000000008049e41                ap_read_STLA_MECHANICAL_6spd_DataInportSFcn_BR1_P12
                0x0000000008049e61                ap_read_STLA_MECHANICAL_6spd_DataInportSFcn_BR1_P13
                0x0000000008049e81                ap_read_STLA_MECHANICAL_6spd_DataInportSFcn_BR1_P14
                0x0000000008049ea1                ap_read_STLA_MECHANICAL_6spd_DataInportSFcn_BR1_P15
                0x0000000008049ec1                ap_read_STLA_MECHANICAL_6spd_DataInportSFcn_BR1_P16
                0x0000000008049ee1                ap_read_STLA_MECHANICAL_6spd_DataInportSFcn_BR1_P17
                0x0000000008049f01                ap_read_STLA_MECHANICAL_6spd_DataInportSFcn_BR1_P18
                0x0000000008049f21                ap_read_STLA_MECHANICAL_6spd_DataInportSFcn_BR1_P19
                0x0000000008049f41                ap_write_STLA_MECHANICAL_6spd_DataOutportSFcn_BW1_P0
                0x0000000008049f5f                ap_write_STLA_MECHANICAL_6spd_DataOutportSFcn_BW1_P1
                0x0000000008049f7d                ap_write_STLA_MECHANICAL_6spd_DataOutportSFcn_BW1_P2
                0x0000000008049f9b                ap_write_STLA_MECHANICAL_6spd_DataOutportSFcn_BW1_P3
                0x0000000008049fb9                ap_write_STLA_MECHANICAL_6spd_DataOutportSFcn_BW1_P4
                0x0000000008049fd7                ap_write_STLA_MECHANICAL_6spd_DataOutportSFcn_BW1_P5
                0x0000000008049ff5                ap_write_STLA_MECHANICAL_6spd_DataOutportSFcn_BW1_P6
                0x000000000804a013                ap_write_STLA_MECHANICAL_6spd_DataOutportSFcn_BW1_P7
                0x000000000804a031                ap_write_STLA_MECHANICAL_6spd_DataOutportSFcn_BW1_P8
                0x000000000804a04f                ap_write_STLA_MECHANICAL_6spd_DataOutportSFcn_BW1_P9
                0x000000000804a06d                ap_write_STLA_MECHANICAL_6spd_DataOutportSFcn_BW1_P10
                0x000000000804a08b                ap_write_STLA_MECHANICAL_6spd_DataOutportSFcn_BW1_P11
                0x000000000804a0a9                ap_write_STLA_MECHANICAL_6spd_DataOutportSFcn_BW1_P12
                0x000000000804a0c7                ap_write_STLA_MECHANICAL_6spd_DataOutportSFcn_BW1_P13
                0x000000000804a0e5                ap_write_STLA_MECHANICAL_6spd_DataOutportSFcn_BW1_P14
                0x000000000804a103                ap_write_STLA_MECHANICAL_6spd_DataOutportSFcn_BW1_P15
                0x000000000804a121                ap_write_STLA_MECHANICAL_6spd_DataOutportSFcn_BW1_P16
                0x000000000804a13f                ap_write_STLA_MECHANICAL_6spd_DataOutportSFcn_BW1_P17
                0x000000000804a15d                ap_write_STLA_MECHANICAL_6spd_DataOutportSFcn_BW1_P18
                0x000000000804a17b                ap_write_STLA_MECHANICAL_6spd_DataOutportSFcn_BW1_P19
                0x000000000804a199                ap_write_STLA_MECHANICAL_6spd_DataOutportSFcn_BW1_P20
                0x000000000804a1b7                ap_write_STLA_MECHANICAL_6spd_DataOutportSFcn_BW1_P21
                0x000000000804a1d5                ap_write_STLA_MECHANICAL_6spd_DataOutportSFcn_BW1_P22
                0x000000000804a1f3                ap_write_STLA_MECHANICAL_6spd_DataOutportSFcn_BW1_P23
                0x000000000804a211                ap_write_STLA_MECHANICAL_6spd_DataOutportSFcn_BW1_P24
                0x000000000804a22f                ap_write_STLA_MECHANICAL_6spd_DataOutportSFcn_BW1_P25
                0x000000000804a24d                ap_write_STLA_MECHANICAL_6spd_DataOutportSFcn_BW1_P26
                0x000000000804a26b                ap_write_STLA_MECHANICAL_6spd_DataOutportSFcn_BW1_P27
                0x000000000804a289                ap_write_STLA_MECHANICAL_6spd_DataOutportSFcn_BW1_P28
                0x000000000804a2a7                ap_write_STLA_MECHANICAL_6spd_DataOutportSFcn_BW1_P29
                0x000000000804a2c5                ap_write_STLA_MECHANICAL_6spd_DataOutportSFcn_BW1_P30
                0x000000000804a2e3                ap_write_STLA_MECHANICAL_6spd_DataOutportSFcn_BW1_P31
                0x000000000804a301                ap_write_STLA_MECHANICAL_6spd_DataOutportSFcn_BW1_P32
                0x000000000804a31f                ap_write_STLA_MECHANICAL_6spd_DataOutportSFcn_BW1_P33
                0x000000000804a33d                ap_write_STLA_MECHANICAL_6spd_DataOutportSFcn_BW1_P34
                0x000000000804a35b                ap_write_STLA_MECHANICAL_6spd_DataOutportSFcn_BW1_P35
                0x000000000804a379                ap_write_STLA_MECHANICAL_6spd_DataOutportSFcn_BW1_P36
                0x000000000804a397                ap_write_STLA_MECHANICAL_6spd_DataOutportSFcn_BW1_P37
                0x000000000804a3b5                ap_write_STLA_MECHANICAL_6spd_DataOutportSFcn_BW1_P38
                0x000000000804a3d3                ap_write_STLA_MECHANICAL_6spd_DataOutportSFcn_BW1_P39
                0x000000000804a3f1                ap_write_STLA_MECHANICAL_6spd_DataOutportSFcn_BW1_P40
                0x000000000804a40f                ap_write_STLA_MECHANICAL_6spd_DataOutportSFcn_BW1_P41
                0x000000000804a42d                ap_write_STLA_MECHANICAL_6spd_DataOutportSFcn_BW1_P42
                0x000000000804a44b                ap_write_STLA_MECHANICAL_6spd_DataOutportSFcn_BW1_P43
                0x000000000804a469                ap_write_STLA_MECHANICAL_6spd_DataOutportSFcn_BW1_P44
                0x000000000804a487                ap_write_STLA_MECHANICAL_6spd_DataOutportSFcn_BW1_P45
                0x000000000804a4a5                ap_write_STLA_MECHANICAL_6spd_DataOutportSFcn_BW1_P46
                0x000000000804a4c3                ap_write_STLA_MECHANICAL_6spd_DataOutportSFcn_BW1_P47
                0x000000000804a4e1                ap_write_STLA_MECHANICAL_6spd_DataOutportSFcn_BW1_P48
                0x000000000804a4ff                ap_write_STLA_MECHANICAL_6spd_DataOutportSFcn_BW1_P49
                0x000000000804a51d                ap_write_STLA_MECHANICAL_6spd_DataOutportSFcn_BW1_P50
                0x000000000804a53b                ap_write_STLA_MECHANICAL_6spd_DataOutportSFcn_BW1_P51
                0x000000000804a559                ap_write_STLA_MECHANICAL_6spd_DataOutportSFcn_BW1_P52
                0x000000000804a577                ap_write_STLA_MECHANICAL_6spd_DataOutportSFcn_BW1_P53
                0x000000000804a595                ap_write_STLA_MECHANICAL_6spd_DataOutportSFcn_BW1_P54
                0x000000000804a5b3                ap_write_STLA_MECHANICAL_6spd_DataOutportSFcn_BW1_P55
                0x000000000804a5d1                ap_write_STLA_MECHANICAL_6spd_DataOutportSFcn_BW1_P56
                0x000000000804a5ef                ap_write_STLA_MECHANICAL_6spd_DataOutportSFcn_BW1_P57
 *fill*         0x000000000804a60d        0x3 9090
 .text          0x000000000804a610      0x4a1 dssimengine_accesspoint.o86
                0x000000000804a610                _Z17ApSimEngineOnInitR16DsCErrorListPool
                0x000000000804a780                _Z18ApSimEngineOnStartR16DsCErrorListPool
                0x000000000804a7b0                _Z17ApSimEngineOnStopR16DsCErrorListPool
                0x000000000804a7c0                _Z22ApSimEngineOnTerminateR16DsCErrorListPool
                0x000000000804a7d0                _Z19ApSimEngineOnUnloadR16DsCErrorListPool
                0x000000000804a7e0                _Z20ApSimEngineOnInitMdlR16DsCErrorListPool
                0x000000000804a7f0                _Z21ApSimEngineOnStartMdlR16DsCErrorListPool
                0x000000000804a800                _Z20ApSimEngineOnStopMdlR16DsCErrorListPool
                0x000000000804a810                _Z25ApSimEngineOnTerminateMdlR16DsCErrorListPool
                0x000000000804a820                _Z22ApSimEngineOnUnloadMdlR16DsCErrorListPool
                0x000000000804a830                _Z20ApSimEngineOnInitImcR16DsCErrorListPool
                0x000000000804a8e0                _Z21ApSimEngineOnStartImcR16DsCErrorListPool
                0x000000000804a8f0                _Z20ApSimEngineOnStopImcR16DsCErrorListPool
                0x000000000804a900                _Z25ApSimEngineOnTerminateImcR16DsCErrorListPool
                0x000000000804a910                _Z22ApSimEngineOnUnloadImcR16DsCErrorListPool
                0x000000000804a920                _Z30ApSimEngineOnInitIoPreRtosInitR16DsCErrorListPool
                0x000000000804a940                _Z31ApSimEngineOnInitIoPostRtosInitR16DsCErrorListPool
                0x000000000804a950                _Z30ApSimEngineOnInitHwDiagnosticsR16DsCErrorListPool
                0x000000000804a9e0                _Z20ApSimEngineOnStartIoR16DsCErrorListPool
                0x000000000804aa00                _Z19ApSimEngineOnStopIoR16DsCErrorListPool
                0x000000000804aa10                _Z24ApSimEngineOnTerminateIoR16DsCErrorListPool
                0x000000000804aa20                _Z21ApSimEngineOnUnloadIoR16DsCErrorListPool
                0x000000000804aa30                _Z21ApSimEngineOnInitRtosR16DsCErrorListPool
                0x000000000804aa60                _Z22ApSimEngineOnStartRtosR16DsCErrorListPool
                0x000000000804aa70                _Z21ApSimEngineOnStopRtosR16DsCErrorListPool
                0x000000000804aa80                _Z26ApSimEngineOnTerminateRtosR16DsCErrorListPool
                0x000000000804aa90                _Z23ApSimEngineOnUnloadRtosR16DsCErrorListPool
                0x000000000804aaa0                _Z15ApSimEngineIdleR16DsCErrorListPool
                0x000000000804aab0                _Z22ApSimEngineRunTimeInitR16DsCErrorListPooli
 *fill*         0x000000000804aab1        0xf 9090
 .text          0x000000000804aac0       0x56 dssimengine_api.o86
                0x000000000804aac0                _Z25SimEngineLastApplStateGetv
                0x000000000804aad0                _Z17SimEngineApplStopv
                0x000000000804aaf0                _Z22SimEngineApplTerminatev
                0x000000000804ab10                _Z16SimEngineApplGetv
 *fill*         0x000000000804ab16        0xa 9090
 .text          0x000000000804ab20      0x1a3 dssimengine_main.o86
                0x000000000804ab20                destroyApplication
                0x000000000804ab50                getApplicationErrorList
                0x000000000804ab60                _ZN18DsCApplicationMainD1Ev
                0x000000000804ab60                _ZN18DsCApplicationMainD2Ev
                0x000000000804ab80                _ZN18DsCApplicationMainD0Ev
                0x000000000804abb0                createApplication
                0x000000000804ac00                _ZN18DsCApplicationMain6onInitER16DsCErrorListPool
                0x000000000804ac20                _ZN18DsCApplicationMain7onStartER16DsCErrorListPool
                0x000000000804ac40                _ZN18DsCApplicationMain6onStopER16DsCErrorListPool
                0x000000000804ac60                _ZN18DsCApplicationMain11onTerminateER16DsCErrorListPool
                0x000000000804ac80                _ZN18DsCApplicationMain8onUnloadER16DsCErrorListPool
                0x000000000804ac90                _ZN18DsCApplicationMain6onIdleER16DsCErrorListPool
                0x000000000804aca0                _ZN18DsCApplicationMainC1ER16DsCErrorListPool
                0x000000000804aca0                _ZN18DsCApplicationMainC2ER16DsCErrorListPool
 *fill*         0x000000000804acc3        0xd 9090
 .text          0x000000000804acd0      0x2ea rtosal_task.o86
                0x000000000804acd0                _ZN24DsCRtosAlPeriodic_Task_2D1Ev
                0x000000000804acd0                _ZN24DsCRtosAlPeriodic_Task_2D2Ev
                0x000000000804ace0                _ZN24DsCRtosAlPeriodic_Task_2D0Ev
                0x000000000804ad10                _ZN24DsCRtosAlPeriodic_Task_25onRunER16DsCErrorListPool
                0x000000000804ad50                _ZN24DsCRtosAlPeriodic_Task_29onOverrunER16DsCErrorListPool
                0x000000000804ade0                _ZN24DsCRtosAlPeriodic_Task_2C1ER16DsCErrorListPoolP14DsCApplicationPKcjjjjjjjP7DsCTaskj
                0x000000000804ade0                _ZN24DsCRtosAlPeriodic_Task_2C2ER16DsCErrorListPoolP14DsCApplicationPKcjjjjjjjP7DsCTaskj
                0x000000000804ae30                _ZN24DsCRtosAlPeriodic_Task_26createER16DsCErrorListPoolP14DsCApplicationPKcjjjjjjjP7DsCTaskj
                0x000000000804aeb0                _Z37RtosAlDefaultDeadlineViolationHandlerR16DsCErrorListPoolP7DsCTask
                0x000000000804af20                _Z20RtosAlHandleOverrunsP7DsCTaski
 *fill*         0x000000000804afba        0x6 9090
 .text          0x000000000804afc0       0x78 rtosal_taskap.o86
                0x000000000804afc0                RtosAlTask_03_TaskEntry
                0x000000000804afd0                RtosAlTask_03_TaskExit
 *fill*         0x000000000804b038        0x8 9090
 .text          0x000000000804b040      0x1f4 rtosal_simengineap.o86
                0x000000000804b040                _Z12RtosAlOnInitR16DsCErrorListPool
                0x000000000804b0f0                _Z13RtosAlOnStartR16DsCErrorListPool
 .text          0x000000000804b234        0x0 IOCode_Data.o86
 .text          0x000000000804b234        0x0 mdlcfg_interapplcom.o86
 *fill*         0x000000000804b234        0xc 9090
 .text          0x000000000804b240      0xb73 rtosal_interapplcom.o86
                0x000000000804b240                _ZN13DsCSendBuffer16CreateSendBufferER16DsCErrorListPooljjjPKcj
                0x000000000804b290                _ZN13DsCSendBufferC2EP11DsCMpSenderjj
                0x000000000804b290                _ZN13DsCSendBufferC1EP11DsCMpSenderjj
                0x000000000804b2b0                _ZN13DsCSendBuffer12WriteFloat64EjPdj
                0x000000000804b320                _ZN13DsCSendBuffer12WriteFloat32EjPfj
                0x000000000804b390                _ZN13DsCSendBuffer10WriteInt32EjPij
                0x000000000804b400                _ZN13DsCSendBuffer11WriteUInt32EjPjj
                0x000000000804b470                _ZN13DsCSendBuffer10WriteInt16EjPsj
                0x000000000804b4e0                _ZN13DsCSendBuffer11WriteUInt16EjPtj
                0x000000000804b550                _ZN13DsCSendBuffer9WriteInt8EjPcj
                0x000000000804b5c0                _ZN13DsCSendBuffer10WriteUInt8EjPhj
                0x000000000804b630                _ZN13DsCSendBuffer9WriteBoolEjPhj
                0x000000000804b6a0                _ZN13DsCSendBuffer5ResetEv
                0x000000000804b6b0                _ZN13DsCSendBuffer18SendIfBufferFilledEv
                0x000000000804b6d0                _ZN22DsCCommunicationBundle12OnReadAccessEv
                0x000000000804b7e0                _ZN22DsCCommunicationBundle11ReadFloat64EjPdjj
                0x000000000804b850                _ZN22DsCCommunicationBundle10ReadUInt32EjPjjj
                0x000000000804b8c0                _ZN22DsCCommunicationBundle10ReadUInt16EjPtjj
                0x000000000804b930                _ZN22DsCCommunicationBundle8ReadBoolEjPhjj
                0x000000000804b9a0                _ZN22DsCCommunicationBundle9ReadInt16EjPsjj
                0x000000000804ba10                _ZN22DsCCommunicationBundle8ReadInt8EjPcjj
                0x000000000804ba80                _ZN22DsCCommunicationBundle9ReadUInt8EjPhjj
                0x000000000804baf0                _ZN22DsCCommunicationBundle11ReadFloat32EjPfjj
                0x000000000804bb60                _ZN22DsCCommunicationBundle9ReadInt32EjPijj
                0x000000000804bbd0                _ZN22DsCCommunicationBundle5ResetEv
                0x000000000804bbe0                _ZN22DsCCommunicationBundle25CreateCommunicationBundleENS_8ProtocolEj
                0x000000000804bcc0                _ZN22DsCCommunicationBundleC1ENS_8ProtocolEj
                0x000000000804bcc0                _ZN22DsCCommunicationBundleC2ENS_8ProtocolEj
                0x000000000804bd70                _ZN22DsCCommunicationBundle19CreateReceiveBufferER16DsCErrorListPooljjjPKcj
 *fill*         0x000000000804bdb3        0xd 9090
 .text          0x000000000804bdc0      0x1a4 STLA_MECHANICAL_6spd.a(STLA_MECHANICAL_6spd_dsrtmdlfcn.lo86)
                0x000000000804bdc0                STLA_MECHANICAL_6spd_DSRTInitMdl
                0x000000000804be10                STLA_MECHANICAL_6spd_DSRTStartMdl
                0x000000000804be90                STLA_MECHANICAL_6spd_DSRTStopMdl
                0x000000000804bee0                STLA_MECHANICAL_6spd_DSRTCheckForErrorStatus
                0x000000000804bf20                STLA_MECHANICAL_6spd_DSRTCheckForSimulationStopCondition
 *fill*         0x000000000804bf64        0xc 9090
 .text          0x000000000804bf70       0x15 STLA_MECHANICAL_6spd.a(STLA_MECHANICAL_6spd_dsrttf.lo86)
                0x000000000804bf70                STLA_MECHANICAL_6spd_DSRTMdlOutputs0
                0x000000000804bf80                STLA_MECHANICAL_6spd_DSRTMdlUpdate0
 *fill*         0x000000000804bf85        0xb 9090
 .text          0x000000000804bf90      0x795 STLA_MECHANICAL_6spd.a(STLA_MECHANICAL_6spd.lo86)
                0x000000000804bf90                STLA_MECHANICAL_6spd_output
                0x000000000804c5b0                STLA_MECHANICAL_6spd_update
                0x000000000804c5d0                STLA_MECHANICAL_6spd_initialize
                0x000000000804c720                STLA_MECHANICAL_6spd_terminate
 .text          0x000000000804c725        0x0 STLA_MECHANICAL_6spd.a(STLA_MECHANICAL_6spd_data.lo86)
 .text          0x000000000804c725       0x45 STLA_MECHANICAL_6spd.a(STLA_MECHANICAL_6spd_dsrtvdf.lo86)
                0x000000000804c763                STLA_MECHANICAL_6spd_rti_init_trc_pointers
 *fill*         0x000000000804c76a        0x6 9090
 .text          0x000000000804c770     0x451a Punch_mechanical_B_sample_v3_6_cal_v2_C_rtwlib.lib(Punch_mechanical_B_sample_v3_6_cal_v2_C.lo86)
                0x000000000804ca30                Punch_mechanical_B_sample_v3_6_cal_v2_C_Init
                0x000000000804cc30                Punch_mechanical_B_sample_v3_6_cal_v2_C_Reset
                0x000000000804cd70                Punch_mechanical_B_sample_v3_6_cal_v2_C_Disable
                0x000000000804ce60                Punch_mechanical_B_sample_v3_6_cal_v2_C_Start
                0x000000000804d5a0                Punch_mechanical_B_sample_v3_6_cal_v2_C
                0x00000000080505e0                Punch_mechanical_B_sample_v3_6_cal_v2_C_Update
                0x0000000008050bb0                Punch_mechanical_B_sample_v3_6_cal_v2_C_Term
                0x0000000008050c30                Punch_mechanical_B_sample_v3_6_cal_v2_C_initialize
 .text          0x0000000008050c8a       0x6d Punch_mechanical_B_sample_v3_6_cal_v2_C_rtwlib.lib(Punch_mechanical_B_sample_v3_6_cal_v2_C_dsrtvdf.lo86)
                0x0000000008050cf0                Punch_mechanical_B_sample_v3_6_cal_v2_C_rti_init_trc_pointers
 *fill*         0x0000000008050cf7        0x9 9090
 .text          0x0000000008050d00       0xaa Punch_mechanical_B_sample_v3_6_cal_v2_C_rtwlib.lib(Punch_mechanical_B_sample_v3_6_cal_v2_C_5d3f6f6f_1_gateway.lo86)
                0x0000000008050d00                Punch_mechanical_B_sample_v3_6_cal_v2_C_5d3f6f6f_1_gateway
 *fill*         0x0000000008050daa        0x6 9090
 .text          0x0000000008050db0      0x3b0 Punch_mechanical_B_sample_v3_6_cal_v2_C_rtwlib.lib(Punch_mechanical_B_sample_v3_6_cal_v2_C_5d3f6f6f_1.lo86)
                0x0000000008051090                Punch_mechanical_B_sample_v3_6_cal_v2_C_5d3f6f6f_1_dae
 .text          0x0000000008051160     0x35c9 Punch_mechanical_B_sample_v3_6_cal_v2_C_rtwlib.lib(Punch_mechanical_B_sample_v3_6_cal_v2_C_5d3f6f6f_1_ds.lo86)
                0x0000000008052f80                Punch_mechanical_B_sample_v3_6_cal_v2_C_5d3f6f6f_1_dae_ds
 *fill*         0x0000000008054729        0x7 9090
 .text          0x0000000008054730     0x11aa Punch_mechanical_B_sample_v3_6_cal_v2_C_rtwlib.lib(Punch_mechanical_B_sample_v3_6_cal_v2_C_5d3f6f6f_1_ds_cache_i.lo86)
                0x0000000008054730                Punch_mechanical_B_sample_v3_6_cal_v2_C_5d3f6f6f_1_ds_cache_i
 *fill*         0x00000000080558da        0x6 9090
 .text          0x00000000080558e0      0x1e9 Punch_mechanical_B_sample_v3_6_cal_v2_C_rtwlib.lib(Punch_mechanical_B_sample_v3_6_cal_v2_C_5d3f6f6f_1_ds_assert.lo86)
                0x00000000080558e0                Punch_mechanical_B_sample_v3_6_cal_v2_C_5d3f6f6f_1_ds_assert
 *fill*         0x0000000008055ac9        0x7 9090
 .text          0x0000000008055ad0      0x25d Punch_mechanical_B_sample_v3_6_cal_v2_C_rtwlib.lib(Punch_mechanical_B_sample_v3_6_cal_v2_C_5d3f6f6f_1_ds_q1.lo86)
                0x0000000008055ad0                Punch_mechanical_B_sample_v3_6_cal_v2_C_5d3f6f6f_1_ds_q1
 *fill*         0x0000000008055d2d        0x3 9090
 .text          0x0000000008055d30      0xf1d Punch_mechanical_B_sample_v3_6_cal_v2_C_rtwlib.lib(Punch_mechanical_B_sample_v3_6_cal_v2_C_5d3f6f6f_1_ds_dxf_p.lo86)
                0x0000000008055d30                Punch_mechanical_B_sample_v3_6_cal_v2_C_5d3f6f6f_1_ds_dxf_p
 *fill*         0x0000000008056c4d        0x3 9090
 .text          0x0000000008056c50      0x8a5 Punch_mechanical_B_sample_v3_6_cal_v2_C_rtwlib.lib(Punch_mechanical_B_sample_v3_6_cal_v2_C_5d3f6f6f_1_ds_dxm_p.lo86)
                0x0000000008056c50                Punch_mechanical_B_sample_v3_6_cal_v2_C_5d3f6f6f_1_ds_dxm_p
 *fill*         0x00000000080574f5        0xb 9090
 .text          0x0000000008057500      0x8a5 Punch_mechanical_B_sample_v3_6_cal_v2_C_rtwlib.lib(Punch_mechanical_B_sample_v3_6_cal_v2_C_5d3f6f6f_1_ds_dxdelt_p.lo86)
                0x0000000008057500                Punch_mechanical_B_sample_v3_6_cal_v2_C_5d3f6f6f_1_ds_dxdelt_p
 *fill*         0x0000000008057da5        0xb 9090
 .text          0x0000000008057db0     0x49d5 Punch_mechanical_B_sample_v3_6_cal_v2_C_rtwlib.lib(Punch_mechanical_B_sample_v3_6_cal_v2_C_5d3f6f6f_1_ds_f.lo86)
                0x0000000008057db0                Punch_mechanical_B_sample_v3_6_cal_v2_C_5d3f6f6f_1_ds_f
 *fill*         0x000000000805c785        0xb 9090
 .text          0x000000000805c790     0x3c0d Punch_mechanical_B_sample_v3_6_cal_v2_C_rtwlib.lib(Punch_mechanical_B_sample_v3_6_cal_v2_C_5d3f6f6f_1_ds_update_i.lo86)
                0x000000000805c790                Punch_mechanical_B_sample_v3_6_cal_v2_C_5d3f6f6f_1_ds_update_i
 *fill*         0x000000000806039d        0x3 9090
 .text          0x00000000080603a0     0x1b93 Punch_mechanical_B_sample_v3_6_cal_v2_C_rtwlib.lib(Punch_mechanical_B_sample_v3_6_cal_v2_C_5d3f6f6f_1_ds_qx_p.lo86)
                0x00000000080603a0                Punch_mechanical_B_sample_v3_6_cal_v2_C_5d3f6f6f_1_ds_qx_p
 *fill*         0x0000000008061f33        0xd 9090
 .text          0x0000000008061f40     0x58b1 Punch_mechanical_B_sample_v3_6_cal_v2_C_rtwlib.lib(Punch_mechanical_B_sample_v3_6_cal_v2_C_5d3f6f6f_1_ds_dxf.lo86)
                0x0000000008061f40                Punch_mechanical_B_sample_v3_6_cal_v2_C_5d3f6f6f_1_ds_dxf
 *fill*         0x00000000080677f1        0xf 9090
 .text          0x0000000008067800      0x1b6 Punch_mechanical_B_sample_v3_6_cal_v2_C_rtwlib.lib(Punch_mechanical_B_sample_v3_6_cal_v2_C_5d3f6f6f_1_ds_duf.lo86)
                0x0000000008067800                Punch_mechanical_B_sample_v3_6_cal_v2_C_5d3f6f6f_1_ds_duf
 *fill*         0x00000000080679b6        0xa 9090
 .text          0x00000000080679c0     0x4246 Punch_mechanical_B_sample_v3_6_cal_v2_C_rtwlib.lib(Punch_mechanical_B_sample_v3_6_cal_v2_C_5d3f6f6f_1_ds_obs_act.lo86)
                0x00000000080679c0                Punch_mechanical_B_sample_v3_6_cal_v2_C_5d3f6f6f_1_ds_obs_act
 *fill*         0x000000000806bc06        0xa 9090
 .text          0x000000000806bc10      0xc90 Punch_mechanical_B_sample_v3_6_cal_v2_C_rtwlib.lib(Punch_mechanical_B_sample_v3_6_cal_v2_C_5d3f6f6f_1_ds_a.lo86)
                0x000000000806bc10                Punch_mechanical_B_sample_v3_6_cal_v2_C_5d3f6f6f_1_ds_a
 .text          0x000000000806c8a0     0x1f24 Punch_mechanical_B_sample_v3_6_cal_v2_C_rtwlib.lib(Punch_mechanical_B_sample_v3_6_cal_v2_C_5d3f6f6f_1_ds_obs_exp.lo86)
                0x000000000806c8a0                Punch_mechanical_B_sample_v3_6_cal_v2_C_5d3f6f6f_1_ds_obs_exp
 *fill*         0x000000000806e7c4        0xc 9090
 .text          0x000000000806e7d0     0x1567 Punch_mechanical_B_sample_v3_6_cal_v2_C_rtwlib.lib(Punch_mechanical_B_sample_v3_6_cal_v2_C_5d3f6f6f_1_ds_a_p.lo86)
                0x000000000806e7d0                Punch_mechanical_B_sample_v3_6_cal_v2_C_5d3f6f6f_1_ds_a_p
 *fill*         0x000000000806fd37        0x9 9090
 .text          0x000000000806fd40     0x1e13 Punch_mechanical_B_sample_v3_6_cal_v2_C_rtwlib.lib(Punch_mechanical_B_sample_v3_6_cal_v2_C_5d3f6f6f_1_ds_tdxf_p.lo86)
                0x000000000806fd40                Punch_mechanical_B_sample_v3_6_cal_v2_C_5d3f6f6f_1_ds_tdxf_p
 *fill*         0x0000000008071b53        0xd 9090
 .text          0x0000000008071b60     0x15e5 Punch_mechanical_B_sample_v3_6_cal_v2_C_rtwlib.lib(Punch_mechanical_B_sample_v3_6_cal_v2_C_5d3f6f6f_1_ds_qx.lo86)
                0x0000000008071b60                Punch_mechanical_B_sample_v3_6_cal_v2_C_5d3f6f6f_1_ds_qx
 *fill*         0x0000000008073145        0xb 9090
 .text          0x0000000008073150      0x4cc Punch_mechanical_B_sample_v3_6_cal_v2_C_rtwlib.lib(Punch_mechanical_B_sample_v3_6_cal_v2_C_5d3f6f6f_1_ds_vmf.lo86)
                0x0000000008073150                Punch_mechanical_B_sample_v3_6_cal_v2_C_5d3f6f6f_1_ds_vmf
 *fill*         0x000000000807361c        0x4 9090
 .text          0x0000000008073620      0x4cc Punch_mechanical_B_sample_v3_6_cal_v2_C_rtwlib.lib(Punch_mechanical_B_sample_v3_6_cal_v2_C_5d3f6f6f_1_ds_slf.lo86)
                0x0000000008073620                Punch_mechanical_B_sample_v3_6_cal_v2_C_5d3f6f6f_1_ds_slf
 *fill*         0x0000000008073aec        0x4 9090
 .text          0x0000000008073af0      0x7d0 Punch_mechanical_B_sample_v3_6_cal_v2_C_rtwlib.lib(Punch_mechanical_B_sample_v3_6_cal_v2_C_5d3f6f6f_1_ds_ic.lo86)
                0x0000000008073af0                Punch_mechanical_B_sample_v3_6_cal_v2_C_5d3f6f6f_1_ds_ic
 .text          0x00000000080742c0      0x8a5 Punch_mechanical_B_sample_v3_6_cal_v2_C_rtwlib.lib(Punch_mechanical_B_sample_v3_6_cal_v2_C_5d3f6f6f_1_ds_dxicr_p.lo86)
                0x00000000080742c0                Punch_mechanical_B_sample_v3_6_cal_v2_C_5d3f6f6f_1_ds_dxicr_p
 *fill*         0x0000000008074b65        0xb 9090
 .text          0x0000000008074b70     0x4248 Punch_mechanical_B_sample_v3_6_cal_v2_C_rtwlib.lib(Punch_mechanical_B_sample_v3_6_cal_v2_C_5d3f6f6f_1_ds_log.lo86)
                0x0000000008074b70                Punch_mechanical_B_sample_v3_6_cal_v2_C_5d3f6f6f_1_ds_log
 *fill*         0x0000000008078db8        0x8 9090
 .text          0x0000000008078dc0      0x341 Punch_mechanical_B_sample_v3_6_cal_v2_C_rtwlib.lib(Punch_mechanical_B_sample_v3_6_cal_v2_C_5d3f6f6f_1_ds_m.lo86)
                0x0000000008078dc0                Punch_mechanical_B_sample_v3_6_cal_v2_C_5d3f6f6f_1_ds_m
 *fill*         0x0000000008079101        0xf 9090
 .text          0x0000000008079110      0xb8f Punch_mechanical_B_sample_v3_6_cal_v2_C_rtwlib.lib(Punch_mechanical_B_sample_v3_6_cal_v2_C_5d3f6f6f_1_ds_m_p.lo86)
                0x0000000008079110                Punch_mechanical_B_sample_v3_6_cal_v2_C_5d3f6f6f_1_ds_m_p
 *fill*         0x0000000008079c9f        0x1 9090
 .text          0x0000000008079ca0      0x159 Punch_mechanical_B_sample_v3_6_cal_v2_C_rtwlib.lib(Punch_mechanical_B_sample_v3_6_cal_v2_C_5d3f6f6f_1_ds_vmm.lo86)
                0x0000000008079ca0                Punch_mechanical_B_sample_v3_6_cal_v2_C_5d3f6f6f_1_ds_vmm
 *fill*         0x0000000008079df9        0x7 9090
 .text          0x0000000008079e00     0x36a7 Punch_mechanical_B_sample_v3_6_cal_v2_C_rtwlib.lib(Punch_mechanical_B_sample_v3_6_cal_v2_C_5d3f6f6f_1_ds_mode.lo86)
                0x0000000008079e00                Punch_mechanical_B_sample_v3_6_cal_v2_C_5d3f6f6f_1_ds_mode
 *fill*         0x000000000807d4a7        0x9 9090
 .text          0x000000000807d4b0     0x4be1 Punch_mechanical_B_sample_v3_6_cal_v2_C_rtwlib.lib(Punch_mechanical_B_sample_v3_6_cal_v2_C_5d3f6f6f_1_ds_obs_all.lo86)
                0x000000000807d4b0                Punch_mechanical_B_sample_v3_6_cal_v2_C_5d3f6f6f_1_ds_obs_all
 *fill*         0x0000000008082091        0xf 9090
 .text          0x00000000080820a0      0x2d9 Punch_mechanical_B_sample_v3_6_cal_v2_C_rtwlib.lib(Punch_mechanical_B_sample_v3_6_cal_v2_C_5d3f6f6f_1_ds_q1_p.lo86)
                0x00000000080820a0                Punch_mechanical_B_sample_v3_6_cal_v2_C_5d3f6f6f_1_ds_q1_p
 *fill*         0x0000000008082379        0x7 9090
 .text          0x0000000008082380      0x709 Punch_mechanical_B_sample_v3_6_cal_v2_C_rtwlib.lib(Punch_mechanical_B_sample_v3_6_cal_v2_C_5d3f6f6f_1_ds_var_tol.lo86)
                0x0000000008082380                Punch_mechanical_B_sample_v3_6_cal_v2_C_5d3f6f6f_1_ds_var_tol
 *fill*         0x0000000008082a89        0x7 9090
 .text          0x0000000008082a90      0x709 Punch_mechanical_B_sample_v3_6_cal_v2_C_rtwlib.lib(Punch_mechanical_B_sample_v3_6_cal_v2_C_5d3f6f6f_1_ds_eq_tol.lo86)
                0x0000000008082a90                Punch_mechanical_B_sample_v3_6_cal_v2_C_5d3f6f6f_1_ds_eq_tol
 *fill*         0x0000000008083199        0x7 9090
 .text          0x00000000080831a0      0x4cc Punch_mechanical_B_sample_v3_6_cal_v2_C_rtwlib.lib(Punch_mechanical_B_sample_v3_6_cal_v2_C_5d3f6f6f_1_ds_lv.lo86)
                0x00000000080831a0                Punch_mechanical_B_sample_v3_6_cal_v2_C_5d3f6f6f_1_ds_lv
 *fill*         0x000000000808366c        0x4 9090
 .text          0x0000000008083670      0x4cc Punch_mechanical_B_sample_v3_6_cal_v2_C_rtwlib.lib(Punch_mechanical_B_sample_v3_6_cal_v2_C_5d3f6f6f_1_ds_slv.lo86)
                0x0000000008083670                Punch_mechanical_B_sample_v3_6_cal_v2_C_5d3f6f6f_1_ds_slv
 *fill*         0x0000000008083b3c        0x4 9090
 .text          0x0000000008083b40      0x764 Punch_mechanical_B_sample_v3_6_cal_v2_C_rtwlib.lib(Punch_mechanical_B_sample_v3_6_cal_v2_C_5d3f6f6f_1_ds_y.lo86)
                0x0000000008083b40                Punch_mechanical_B_sample_v3_6_cal_v2_C_5d3f6f6f_1_ds_y
 *fill*         0x00000000080842a4        0xc 9090
 .text          0x00000000080842b0      0x291 Punch_mechanical_B_sample_v3_6_cal_v2_C_rtwlib.lib(Punch_mechanical_B_sample_v3_6_cal_v2_C_5d3f6f6f_1_ds_dxy.lo86)
                0x00000000080842b0                Punch_mechanical_B_sample_v3_6_cal_v2_C_5d3f6f6f_1_ds_dxy
 *fill*         0x0000000008084541        0xf 9090
 .text          0x0000000008084550      0xb3f Punch_mechanical_B_sample_v3_6_cal_v2_C_rtwlib.lib(Punch_mechanical_B_sample_v3_6_cal_v2_C_5d3f6f6f_1_ds_dxy_p.lo86)
                0x0000000008084550                Punch_mechanical_B_sample_v3_6_cal_v2_C_5d3f6f6f_1_ds_dxy_p
 *fill*         0x000000000808508f        0x1 9090
 .text          0x0000000008085090      0x8a5 Punch_mechanical_B_sample_v3_6_cal_v2_C_rtwlib.lib(Punch_mechanical_B_sample_v3_6_cal_v2_C_5d3f6f6f_1_ds_mdxy_p.lo86)
                0x0000000008085090                Punch_mechanical_B_sample_v3_6_cal_v2_C_5d3f6f6f_1_ds_mdxy_p
 *fill*         0x0000000008085935        0xb 9090
 .text          0x0000000008085940      0xb3f Punch_mechanical_B_sample_v3_6_cal_v2_C_rtwlib.lib(Punch_mechanical_B_sample_v3_6_cal_v2_C_5d3f6f6f_1_ds_tdxy_p.lo86)
                0x0000000008085940                Punch_mechanical_B_sample_v3_6_cal_v2_C_5d3f6f6f_1_ds_tdxy_p
 *fill*         0x000000000808647f        0x1 9090
 .text          0x0000000008086480     0x4134 Punch_mechanical_B_sample_v3_6_cal_v2_C_rtwlib.lib(Punch_mechanical_B_sample_v3_6_cal_v2_C_5d3f6f6f_1_ds_zc.lo86)
                0x0000000008086480                Punch_mechanical_B_sample_v3_6_cal_v2_C_5d3f6f6f_1_ds_zc
 *fill*         0x000000000808a5b4        0xc 9090
 .text          0x000000000808a5c0       0xf6 rtwshared.lib(look1_pbinlcapw.lo86)
                0x000000000808a5c0                look1_pbinlcapw
 *fill*         0x000000000808a6b6        0xa 9090
 .text          0x000000000808a6c0      0x20c rtwshared.lib(look2_pbinlcapw.lo86)
                0x000000000808a6c0                look2_pbinlcapw
 *fill*         0x000000000808a8cc        0x4 9090
 .text          0x000000000808a8d0      0x12e rtwshared.lib(rt_backsubrr_dbl.lo86)
                0x000000000808a8d0                rt_BackwardSubstitutionRR_Dbl
 *fill*         0x000000000808a9fe        0x2 9090
 .text          0x000000000808aa00      0x13b rtwshared.lib(rt_forwardsubrr_dbl.lo86)
                0x000000000808aa00                rt_ForwardSubstitutionRR_Dbl
 *fill*         0x000000000808ab3b        0x5 9090
 .text          0x000000000808ab40      0x1f5 rtwshared.lib(rt_lu_real.lo86)
                0x000000000808ab40                rt_lu_real
 *fill*         0x000000000808ad35        0xb 9090
 .text          0x000000000808ad40      0x1ba rtwshared.lib(rt_modd_snf.lo86)
                0x000000000808ad40                rt_modd_snf
 *fill*         0x000000000808aefa        0x6 9090
 .text          0x000000000808af00       0xd3 rtwshared.lib(rt_nonfinite.lo86)
                0x000000000808af00                rt_InitInfAndNaN
                0x000000000808af70                rtIsInf
                0x000000000808afa0                rtIsInfF
                0x000000000808afc0                rtIsNaN
                0x000000000808afd0                rtIsNaNF
 *fill*         0x000000000808afd3        0xd 9090
 .text          0x000000000808afe0       0x86 rtwshared.lib(rt_roundd_snf.lo86)
                0x000000000808afe0                rt_roundd_snf
 *fill*         0x000000000808b066        0xa 9090
 .text          0x000000000808b070       0x37 rtwshared.lib(rtGetInf.lo86)
                0x000000000808b070                rtGetInf
                0x000000000808b080                rtGetInfF
                0x000000000808b090                rtGetMinusInf
                0x000000000808b0a0                rtGetMinusInfF
 *fill*         0x000000000808b0a7        0x9 9090
 .text          0x000000000808b0b0       0x17 rtwshared.lib(rtGetNaN.lo86)
                0x000000000808b0b0                rtGetNaN
                0x000000000808b0c0                rtGetNaNF
 *fill*         0x000000000808b0c7        0x9 9090
 .text          0x000000000808b0d0       0x21 ssc_sli_r2017b_dsx86_32_2.a(ssc_sli_0bd269e6.lo86)
                0x000000000808b0d0                nesl_get_registry
 *fill*         0x000000000808b0f1        0xf 9090
 .text          0x000000000808b100      0x58a ssc_sli_r2017b_dsx86_32_2.a(ssc_sli_5a0cb974.lo86)
                0x000000000808b620                ssc_sli_2ICKAUc2rtXm87BR1bAFp_
 *fill*         0x000000000808b68a        0x6 9090
 .text          0x000000000808b690      0x286 ssc_sli_r2017b_dsx86_32_2.a(ssc_sli_c7dda239.lo86)
                0x000000000808b690                ssc_sli_4pohl6e0FbXT6mM5_ujhR_
                0x000000000808b6a0                ssc_sli_kb6QKbQTGQuW1rGAPnOSc1
                0x000000000808b6c0                ssc_sli_q4ZL4wosX8E8rxBxqVhOS2
                0x000000000808b780                ssc_sli_Yyyyv_FVc98oseOb4QC5s_
                0x000000000808b810                ssc_sli_DPTDo5lZ_ZdickCe_KKtq1
                0x000000000808b860                ssc_sli_fiJi3uM7OyMaTB_wGR7742
 *fill*         0x000000000808b916        0xa 9090
 .text          0x000000000808b920       0x99 ssc_sli_r2017b_dsx86_32_2.a(ssc_sli_fbdf29da.lo86)
                0x000000000808b920                nesl_register_simulator_group
 *fill*         0x000000000808b9b9        0x7 9090
 .text          0x000000000808b9c0      0x796 ssc_sli_r2017b_dsx86_32_2.a(ssc_sli_fa0ce53e.lo86)
                0x000000000808bc20                ssc_sli_Rurh8U_aGE7kCb83oxHdd_
 *fill*         0x000000000808c156        0xa 9090
 .text          0x000000000808c160       0x31 ssc_sli_r2017b_dsx86_32_2.a(ssc_sli_550a4805.lo86)
                0x000000000808c160                ssc_sli_sq4UViwbqBlOn8H31Xq1L2
                0x000000000808c170                ssc_sli_gFKP6pUbMSJAvH4pOgOLr0
 *fill*         0x000000000808c191        0xf 9090
 .text          0x000000000808c1a0     0x25f5 ssc_sli_r2017b_dsx86_32_2.a(ssc_sli_89d0f30a.lo86)
                0x000000000808dca0                ssc_sli__3HpsuD4tEkysyRqYOVuN2
 *fill*         0x000000000808e795        0xb 9090
 .text          0x000000000808e7a0      0x17f ssc_sli_r2017b_dsx86_32_2.a(ssc_sli_9c030181.lo86)
                0x000000000808e820                ssc_sli_E8RSLrfHgkqgx4wfXO6642
 *fill*         0x000000000808e91f        0x1 9090
 .text          0x000000000808e920       0x51 ssc_sli_r2017b_dsx86_32_2.a(ssc_sli_dcd66f69.lo86)
                0x000000000808e920                ssc_sli_uVz2_8dEWPK_VhOuU1W_61
 *fill*         0x000000000808e971        0xf 9090
 .text          0x000000000808e980      0x5a9 ssc_sli_r2017b_dsx86_32_2.a(ssc_sli_eb0a5702.lo86)
                0x000000000808e980                ssc_sli_sHgG6i7aCvAP6u9uurhOT2
                0x000000000808eec0                ssc_sli_buT8J3b8CZdWR5__10pAc0
 *fill*         0x000000000808ef29        0x7 9090
 .text          0x000000000808ef30      0x185 ssc_sli_r2017b_dsx86_32_2.a(ssc_sli_0763c151.lo86)
                0x000000000808f040                ssc_sli_V7p69pHXW4rgivU3cJW5B2
 *fill*         0x000000000808f0b5        0xb 9090
 .text          0x000000000808f0c0      0x378 ssc_sli_r2017b_dsx86_32_2.a(ssc_sli_360cfd63.lo86)
                0x000000000808f340                ssc_sli_c8_UTMsLTHfyr5CjubrN51
 *fill*         0x000000000808f438        0x8 9090
 .text          0x000000000808f440       0x8d ssc_sli_r2017b_dsx86_32_2.a(ssc_sli_43618287.lo86)
                0x000000000808f490                ssc_sli_EB3M9tXZx509ANBJLEnDY0
 *fill*         0x000000000808f4cd        0x3 9090
 .text          0x000000000808f4d0      0x5e4 ssc_sli_r2017b_dsx86_32_2.a(ssc_sli_466b08dd.lo86)
                0x000000000808f800                ssc_sli_pFxqqiId48ny9EvEamQrt1
 *fill*         0x000000000808fab4        0xc 9090
 .text          0x000000000808fac0      0xbe0 ssc_sli_r2017b_dsx86_32_2.a(ssc_sli_4e028390.lo86)
                0x0000000008090190                ssc_sli_t1mz1m4tkH_gEly9HfvtD_
 .text          0x00000000080906a0      0x6eb ssc_sli_r2017b_dsx86_32_2.a(ssc_sli_51dbd3b5.lo86)
                0x0000000008090d10                ssc_sli_2x_QtpMTlSMJAjr57lVrn1
                0x0000000008090d50                ssc_sli_ye694KsHY_9o40PF9hQgK1
 .text          0x0000000008090d8b        0x0 ssc_sli_r2017b_dsx86_32_2.a(ssc_sli_62d81790.lo86)
 *fill*         0x0000000008090d8b        0x5 9090
 .text          0x0000000008090d90      0x247 ssc_sli_r2017b_dsx86_32_2.a(ssc_sli_77063d8b.lo86)
                0x0000000008090e30                ssc_sli_C6J30L4RPDHSYMVHsit8f2
 *fill*         0x0000000008090fd7        0x9 9090
 .text          0x0000000008090fe0      0x1e2 ssc_sli_r2017b_dsx86_32_2.a(ssc_sli_7a618260.lo86)
                0x0000000008091140                ssc_sli_oOi2yMLNCrDwFx73MCtXx0
 *fill*         0x00000000080911c2        0xe 9090
 .text          0x00000000080911d0      0x5a0 ssc_sli_r2017b_dsx86_32_2.a(ssc_sli_7f630b0f.lo86)
                0x00000000080914c0                ssc_sli_jJ8u_rhn_sDwC_Zjeutny_
 .text          0x0000000008091770      0x336 ssc_sli_r2017b_dsx86_32_2.a(ssc_sli_8a64c4e2.lo86)
                0x00000000080919d0                ssc_sli_gSpjnXrXH0lEZ69cTLftW_
 *fill*         0x0000000008091aa6        0xa 9090
 .text          0x0000000008091ab0      0x271 ssc_core_r2017b_dsx86_32_2.a(ssc_core_05058dd9.lo86)
                0x0000000008091ab0                ne_dae_create
 *fill*         0x0000000008091d21        0xf 9090
 .text          0x0000000008091d30       0x91 ssc_core_r2017b_dsx86_32_2.a(ssc_core_1c6b0332.lo86)
                0x0000000008091d30                ssc_core_dRWp9JbibX_UMin4k570c2
                0x0000000008091d40                ssc_core_LhAARrcW_BZ5uJQX4PVan0
                0x0000000008091d70                ssc_core_yVTkMg4qQje1n6xjR3qhB1
                0x0000000008091da0                ssc_core_LVQvYF25W9LKQ2akKjewr2
 *fill*         0x0000000008091dc1        0xf 9090
 .text          0x0000000008091dd0      0xced ssc_core_r2017b_dsx86_32_2.a(ssc_core_2568b075.lo86)
                0x0000000008092a80                neu_create_diagnostic_tree_printer
 *fill*         0x0000000008092abd        0x3 9090
 .text          0x0000000008092ac0      0x1b7 ssc_core_r2017b_dsx86_32_2.a(ssc_core_360a4baf.lo86)
                0x0000000008092b70                ssc_core__PyfTe0_4mfaADZpzds3p_
 *fill*         0x0000000008092c77        0x9 9090
 .text          0x0000000008092c80       0x50 ssc_core_r2017b_dsx86_32_2.a(ssc_core_4965213d.lo86)
                0x0000000008092c80                ssc_core_uGpjxUnuZoGTn3A2UEAnr1
                0x0000000008092c90                ssc_core_BmcZfnah8TT3gDeIhSzt8_
                0x0000000008092ca0                ssc_core_YEzfn1J8w7BuxrSNeK2Ps2
                0x0000000008092cb0                ssc_core_YY9DJzPlh7Ys_RY9yOhZP1
                0x0000000008092cc0                ssc_core_TqsXlXk3ucCm_drC9Du9l2
 .text          0x0000000008092cd0     0x5c16 ssc_core_r2017b_dsx86_32_2.a(ssc_core_67d1f118.lo86)
                0x00000000080974b0                ssc_core_eXAQ36tHqky1NKtnqYAID0
                0x00000000080974e0                ssc_core_2ck4gAPWwcjZmJeLgOk742
 *fill*         0x00000000080988e6        0xa 9090
 .text          0x00000000080988f0      0x166 ssc_core_r2017b_dsx86_32_2.a(ssc_core_6b6b89d2.lo86)
                0x00000000080988f0                ssc_core_TliJB7XydE72SBNNVAEtu1
 *fill*         0x0000000008098a56        0xa 9090
 .text          0x0000000008098a60      0x101 ssc_core_r2017b_dsx86_32_2.a(ssc_core_6dd833f3.lo86)
                0x0000000008098a60                ssc_core_elG0Z6m31zdm6FxOcNTzA2
 *fill*         0x0000000008098b61        0xf 9090
 .text          0x0000000008098b70      0x5ba ssc_core_r2017b_dsx86_32_2.a(ssc_core_8569edc5.lo86)
                0x0000000008098f10                ssc_core_5C0xhLOoRC3fJgi4RTlPT0
 *fill*         0x000000000809912a        0x6 9090
 .text          0x0000000008099130      0xcb1 ssc_core_r2017b_dsx86_32_2.a(ssc_core_8a6471dc.lo86)
                0x0000000008099870                ssc_core_J3Ao_kQl749J_gAaotgXj1
                0x0000000008099bc0                ssc_core_XL1l34fMXFir6F19y1M0I2
 *fill*         0x0000000008099de1        0xf 9090
 .text          0x0000000008099df0      0x8f5 ssc_core_r2017b_dsx86_32_2.a(ssc_core_97d767fe.lo86)
                0x000000000809a3a0                neu_create_diagnostic_manager
                0x000000000809a4a0                ssc_core_ngsKQfybc3dXXgWu3kMDK_
                0x000000000809a4d0                ssc_core_IKSN8QHwicUJYTLVFP7Ia0
                0x000000000809a500                ssc_core_7iomSuWDwroANLyLpFWrN_
                0x000000000809a530                ssc_core_D4HdOXDY4msISsxzAoWjV_
                0x000000000809a610                ssc_core_1C51fYR3zpbOEkQ1RRAIQ0
 *fill*         0x000000000809a6e5        0xb 9090
 .text          0x000000000809a6f0       0xc4 ssc_core_r2017b_dsx86_32_2.a(ssc_core_a4d4c45e.lo86)
                0x000000000809a6f0                ssc_core_cFMkGB7h_L63UXdmos2Ip2
 *fill*         0x000000000809a7b4        0xc 9090
 .text          0x000000000809a7c0     0x1da5 ssc_core_r2017b_dsx86_32_2.a(ssc_core_abd5e7b4.lo86)
                0x000000000809b5f0                ssc_core_UwsNphqb6KAoBdO6EsIW22
                0x000000000809b650                ssc_core_lC87bxvqqA2YcLjum2V6F0
 *fill*         0x000000000809c565        0xb 9090
 .text          0x000000000809c570      0xa2f ssc_core_r2017b_dsx86_32_2.a(ssc_core_acb64294.lo86)
                0x000000000809c570                ssc_core_Rw3BkFzG8gnY9kEHCmowX0
 *fill*         0x000000000809cf9f        0x1 9090
 .text          0x000000000809cfa0      0x539 ssc_core_r2017b_dsx86_32_2.a(ssc_core_acb6462e.lo86)
                0x000000000809d250                ssc_core_rQuTqmilQ6n8XJr5DJcYk_
 *fill*         0x000000000809d4d9        0x7 9090
 .text          0x000000000809d4e0       0xc6 ssc_core_r2017b_dsx86_32_2.a(ssc_core_b1038cbb.lo86)
                0x000000000809d4e0                ssc_core_TPvw9_TNPmPodt127xmJ4_
                0x000000000809d540                ssc_core_iIxgs0hqqLm0qm_pJCX6y1
                0x000000000809d5a0                ssc_core_Ck0wX_rJ_iktUtP5JT98A2
 *fill*         0x000000000809d5a6        0xa 9090
 .text          0x000000000809d5b0      0x1f2 ssc_core_r2017b_dsx86_32_2.a(ssc_core_b10e34f4.lo86)
                0x000000000809d5b0                ssc_core_upzasIKI73T5H12GhcJKO_
                0x000000000809d630                ssc_core_Bf6HdQWxCVqHVEtYe__F2_
                0x000000000809d6b0                ssc_core_MzhO1QYLYIub_iE0Lh69Y_
                0x000000000809d730                ssc_core_kSO9pLYpaKWggY19SNw322
 *fill*         0x000000000809d7a2        0xe 9090
 .text          0x000000000809d7b0     0x8104 ssc_core_r2017b_dsx86_32_2.a(ssc_core_b2b3b239.lo86)
                0x00000000080a3760                ssc_core_qQM68xQyJ_RcWKVcqW9sD_
                0x00000000080a39a0                ssc_core_vSY5w86KE4mlbRi2_97sE0
                0x00000000080a4100                ssc_core_dbrEvcqKNUSn1WX_d_SnU_
 *fill*         0x00000000080a58b4        0xc 9090
 .text          0x00000000080a58c0       0x7c ssc_core_r2017b_dsx86_32_2.a(ssc_core_b402b40d.lo86)
                0x00000000080a58c0                ssc_core_gk2YzOMNaO1L10iL2MTWo_
 *fill*         0x00000000080a593c        0x4 9090