<*GNU-Linker-generated-mapfile*> 
generated for DSx86_32 platform 
collect2 version 5.2.0
C:/ProgramData/dSPACE/071346ea-bffa-4465-9551-2e48edf35320/Compiler/QNX650_520/host/win32/x86/usr/bin/i486-pc-nto-qnx6.5.0-ld.exe -plugin c:/programdata/dspace/071346ea-bffa-4465-9551-2e48edf35320/compiler/qnx650_520/host/win32/x86/usr/bin/../lib/gcc/i486-pc-nto-qnx6.5.0/5.2.0/liblto_plugin-0.dll -plugin-opt=c:/programdata/dspace/071346ea-bffa-4465-9551-2e48edf35320/compiler/qnx650_520/host/win32/x86/usr/bin/../lib/gcc/i486-pc-nto-qnx6.5.0/5.2.0/lto-wrapper.exe -plugin-opt=-fresolution=C:\Users\INCA\AppData\Local\Temp\ccJTz1YV.res -plugin-opt=-pass-through=-lgcc -plugin-opt=-pass-through=-lc -plugin-opt=-pass-through=-lc -plugin-opt=-pass-through=-lgcc --sysroot=/opt/qnx650/target/qnx6/ --eh-frame-hdr --build-id=md5 -Y P,/opt/qnx650/target/qnx6//lib -Qy -m i386nto --dynamic-linker /usr/lib/ldqnx.so.2 C:\ProgramData\dSPACE\071346ea-bffa-4465-9551-2e48edf35320\Compiler\QNX650_520\target\qnx6/x86/lib/crt1.o C:\ProgramData\dSPACE\071346ea-bffa-4465-9551-2e48edf35320\Compiler\QNX650_520\target\qnx6/x86/lib/crti.o c:/programdata/dspace/071346ea-bffa-4465-9551-2e48edf35320/compiler/qnx650_520/host/win32/x86/usr/bin/../lib/gcc/i486-pc-nto-qnx6.5.0/5.2.0/crtbegin.o -Lc:/programdata/dspace/071346ea-bffa-4465-9551-2e48edf35320/compiler/qnx650_520/host/win32/x86/usr/bin/../lib/gcc/i486-pc-nto-qnx6.5.0/5.2.0 -Lc:/programdata/dspace/071346ea-bffa-4465-9551-2e48edf35320/compiler/qnx650_520/host/win32/x86/usr/bin/../lib/gcc -L C:\ProgramData\dSPACE\071346ea-bffa-4465-9551-2e48edf35320\Compiler\QNX650_520\target\qnx6/x86/lib/gcc/5.2.0 -L C:\ProgramData\dSPACE\071346ea-bffa-4465-9551-2e48edf35320\Compiler\QNX650_520\target\qnx6/x86/lib -L C:\ProgramData\dSPACE\071346ea-bffa-4465-9551-2e48edf35320\Compiler\QNX650_520\target\qnx6/x86/usr/lib -L C:\ProgramData\dSPACE\071346ea-bffa-4465-9551-2e48edf35320\Compiler\QNX650_520\target\qnx6/x86/opt/lib -rpath-link C:\ProgramData\dSPACE\071346ea-bffa-4465-9551-2e48edf35320\Compiler\QNX650_520\target\qnx6/x86/lib/gcc/5.2.0:C:\ProgramData\dSPACE\071346ea-bffa-4465-9551-2e48edf35320\Compiler\QNX650_520\target\qnx6/x86/lib:C:\ProgramData\dSPACE\071346ea-bffa-4465-9551-2e48edf35320\Compiler\QNX650_520\target\qnx6/x86/usr/lib:C:\ProgramData\dSPACE\071346ea-bffa-4465-9551-2e48edf35320\Compiler\QNX650_520\target\qnx6/x86/opt/lib -v --unresolved-symbols=ignore-all -lstdc++ -lm -lgcc -lc -Bstatic -lc -lgcc c:/programdata/dspace/071346ea-bffa-4465-9551-2e48edf35320/compiler/qnx650_520/host/win32/x86/usr/bin/../lib/gcc/i486-pc-nto-qnx6.5.0/5.2.0/crtend.o C:\ProgramData\dSPACE\071346ea-bffa-4465-9551-2e48edf35320\Compiler\QNX650_520\target\qnx6/x86/lib/crtn.o
GNU ld (GNU Binutils) 2.25.1
Archive member included to satisfy reference by file (symbol)

STLA_MECHANICAL.a(STLA_MECHANICAL_dsrtmdlfcn.lo86)
                              dssimengine_accesspoint.o86 (STLA_MECHANICAL_DSRTInitMdl)
STLA_MECHANICAL.a(STLA_MECHANICAL_dsrttf.lo86)
                              rtosal_task.o86 (STLA_MECHANICAL_DSRTMdlOutputs0)
STLA_MECHANICAL.a(STLA_MECHANICAL.lo86)
                              STLA_MECHANICAL.a(STLA_MECHANICAL_dsrttf.lo86) (STLA_MECHANICAL_output)
STLA_MECHANICAL.a(STLA_MECHANICAL_dsrtvdf.lo86)
                              STLA_MECHANICAL.a(STLA_MECHANICAL.lo86) (STLA_MECHANICAL_rti_init_trc_pointers)
Punch_mechanical_B_sample_v3_6_cal_v1_rtwlib.lib(Punch_mechanical_B_sample_v3_6_cal_v1.lo86)
                              STLA_MECHANICAL.a(STLA_MECHANICAL.lo86) (Punch_mechanical_B_sample_v3_6_cal_v1_Init)
Punch_mechanical_B_sample_v3_6_cal_v1_rtwlib.lib(Punch_mechanical_B_sample_v3_6_cal_v1_dsrtvdf.lo86)
                              Punch_mechanical_B_sample_v3_6_cal_v1_rtwlib.lib(Punch_mechanical_B_sample_v3_6_cal_v1.lo86) (Punch_mechanical_B_sample_v3_6_cal_v1_rti_init_trc_pointers)
Punch_mechanical_B_sample_v3_6_cal_v1_rtwlib.lib(Punch_mechanical_B_sample_v3_6_cal_v1_edb1d8b5_1_gateway.lo86)
                              Punch_mechanical_B_sample_v3_6_cal_v1_rtwlib.lib(Punch_mechanical_B_sample_v3_6_cal_v1.lo86) (Punch_mechanical_B_sample_v3_6_cal_v1_edb1d8b5_1_gateway)
Punch_mechanical_B_sample_v3_6_cal_v1_rtwlib.lib(Punch_mechanical_B_sample_v3_6_cal_v1_edb1d8b5_1.lo86)
                              Punch_mechanical_B_sample_v3_6_cal_v1_rtwlib.lib(Punch_mechanical_B_sample_v3_6_cal_v1_edb1d8b5_1_gateway.lo86) (Punch_mechanical_B_sample_v3_6_cal_v1_edb1d8b5_1_dae)
Punch_mechanical_B_sample_v3_6_cal_v1_rtwlib.lib(Punch_mechanical_B_sample_v3_6_cal_v1_edb1d8b5_1_ds.lo86)
                              Punch_mechanical_B_sample_v3_6_cal_v1_rtwlib.lib(Punch_mechanical_B_sample_v3_6_cal_v1_edb1d8b5_1.lo86) (Punch_mechanical_B_sample_v3_6_cal_v1_edb1d8b5_1_dae_ds)
Punch_mechanical_B_sample_v3_6_cal_v1_rtwlib.lib(Punch_mechanical_B_sample_v3_6_cal_v1_edb1d8b5_1_ds_cache_i.lo86)
[...]
Memory Configuration

Name             Origin             Length             Attributes
*default*        0x0000000000000000 0xffffffffffffffff

Linker script and memory map

LOAD C:\ProgramData\dSPACE\071346ea-bffa-4465-9551-2e48edf35320\Compiler\QNX650_520\target\qnx6/x86/lib/crt1.o
LOAD C:\ProgramData\dSPACE\071346ea-bffa-4465-9551-2e48edf35320\Compiler\QNX650_520\target\qnx6/x86/lib/crti.o
LOAD c:/programdata/dspace/071346ea-bffa-4465-9551-2e48edf35320/compiler/qnx650_520/host/win32/x86/usr/bin/../lib/gcc/i486-pc-nto-qnx6.5.0/5.2.0/crtbegin.o
                0x0000000000000000                _DSPACE_START = 0x0
                0x0000000000000000                _DSPACE_START_ = 0x0
                0x00000000000009ce                DS_TARGET_PLATFORM = 0x9ce
START GROUP
LOAD mdladapter_mdlfunctions.o86
LOAD mdlCode_ap.o86
LOAD dssimengine_accesspoint.o86
LOAD dssimengine_api.o86
LOAD dssimengine_main.o86
LOAD rtosal_task.o86
LOAD rtosal_taskap.o86
LOAD rtosal_simengineap.o86
LOAD IOCode_Data.o86
LOAD dssimengine_accesspoint_CAN.o86
LOAD mdlcfg_interapplcom.o86
LOAD rtosal_interapplcom.o86
LOAD rtwshared.lib
LOAD ssc_sli_r2017b_dsx86_32_2.a
LOAD ssc_core_r2017b_dsx86_32_2.a
LOAD ne_r2017b_dsx86_32_2.a
LOAD mc_r2017b_dsx86_32_2.a
LOAD ex_r2017b_dsx86_32_2.a
LOAD pm_r2017b_dsx86_32_2.a
LOAD STLA_MECHANICAL.a
LOAD Punch_mechanical_B_sample_v3_6_cal_v1_rtwlib.lib
LOAD C:\Program Files\dSPACE RCPHIL 2018-A\SCALEXIO\Lib/libdscandrv.so
LOAD C:\Program Files\dSPACE RCPHIL 2018-A\SCALEXIO\Lib/libdsmpcommdrv.so
LOAD C:\Program Files\dSPACE RCPHIL 2018-A\SCALEXIO\Lib/libdslindrv.so
END GROUP
LOAD C:\Program Files\dSPACE RCPHIL 2018-A\SCALEXIO\Lib/libDsRtLib.so
LOAD C:\Program Files\dSPACE RCPHIL 2018-A\SCALEXIO\Lib\libm_fastpow.a
LOAD C:\ProgramData\dSPACE\071346ea-bffa-4465-9551-2e48edf35320\Compiler\QNX650_520\target\qnx6/x86/lib/gcc/5.2.0/libstdc++.so
LOAD C:\ProgramData\dSPACE\071346ea-bffa-4465-9551-2e48edf35320\Compiler\QNX650_520\target\qnx6/x86/lib/libm.so
LOAD c:/programdata/dspace/071346ea-bffa-4465-9551-2e48edf35320/compiler/qnx650_520/host/win32/x86/usr/bin/../lib/gcc/i486-pc-nto-qnx6.5.0/5.2.0\libgcc.a
LOAD C:\ProgramData\dSPACE\071346ea-bffa-4465-9551-2e48edf35320\Compiler\QNX650_520\target\qnx6/x86/lib/libc.so
LOAD C:\ProgramData\dSPACE\071346ea-bffa-4465-9551-2e48edf35320\Compiler\QNX650_520\target\qnx6/x86/lib\libc.a
LOAD c:/programdata/dspace/071346ea-bffa-4465-9551-2e48edf35320/compiler/qnx650_520/host/win32/x86/usr/bin/../lib/gcc/i486-pc-nto-qnx6.5.0/5.2.0\libgcc.a
LOAD c:/programdata/dspace/071346ea-bffa-4465-9551-2e48edf35320/compiler/qnx650_520/host/win32/x86/usr/bin/../lib/gcc/i486-pc-nto-qnx6.5.0/5.2.0/crtend.o
LOAD C:\ProgramData\dSPACE\071346ea-bffa-4465-9551-2e48edf35320\Compiler\QNX650_520\target\qnx6/x86/lib/crtn.o
                [!provide]                        PROVIDE (__executable_start, 0x8048000)
                0x0000000008048134                . = (0x8048000 + SIZEOF_HEADERS)

.interp         0x0000000008048134       0x14
 *(.interp)
 .interp        0x0000000008048134       0x14 C:\ProgramData\dSPACE\071346ea-bffa-4465-9551-2e48edf35320\Compiler\QNX650_520\target\qnx6/x86/lib/crt1.o

.note           0x0000000008048148       0x18
 .note          0x0000000008048148       0x18 C:\ProgramData\dSPACE\071346ea-bffa-4465-9551-2e48edf35320\Compiler\QNX650_520\target\qnx6/x86/lib/crtn.o

.note.gnu.build-id
                0x0000000008048160       0x20
 *(.note.gnu.build-id)
 .note.gnu.build-id
                0x0000000008048160       0x20 C:\ProgramData\dSPACE\071346ea-bffa-4465-9551-2e48edf35320\Compiler\QNX650_520\target\qnx6/x86/lib/crt1.o

.hash           0x0000000008048180      0x350
 *(.hash)
 .hash          0x0000000008048180      0x350 C:\ProgramData\dSPACE\071346ea-bffa-4465-9551-2e48edf35320\Compiler\QNX650_520\target\qnx6/x86/lib/crt1.o

.gnu.hash
 *(.gnu.hash)

.dynsym         0x00000000080484d0      0x710
 *(.dynsym)
 .dynsym        0x00000000080484d0      0x710 C:\ProgramData\dSPACE\071346ea-bffa-4465-9551-2e48edf35320\Compiler\QNX650_520\target\qnx6/x86/lib/crt1.o

.dynstr         0x0000000008048be0      0xc03
 *(.dynstr)
 .dynstr        0x0000000008048be0      0xc03 C:\ProgramData\dSPACE\071346ea-bffa-4465-9551-2e48edf35320\Compiler\QNX650_520\target\qnx6/x86/lib/crt1.o

.gnu.version    0x00000000080497e4        0x0
 *(.gnu.version)
 .gnu.version   0x00000000080497e4        0x0 C:\ProgramData\dSPACE\071346ea-bffa-4465-9551-2e48edf35320\Compiler\QNX650_520\target\qnx6/x86/lib/crt1.o

.gnu.version_d  0x00000000080497e4        0x0
 *(.gnu.version_d)
 .gnu.version_d
                0x00000000080497e4        0x0 C:\ProgramData\dSPACE\071346ea-bffa-4465-9551-2e48edf35320\Compiler\QNX650_520\target\qnx6/x86/lib/crt1.o

.gnu.version_r  0x00000000080497e4        0x0
 *(.gnu.version_r)
 .gnu.version_r
                0x00000000080497e4        0x0 C:\ProgramData\dSPACE\071346ea-bffa-4465-9551-2e48edf35320\Compiler\QNX650_520\target\qnx6/x86/lib/crt1.o

.rel.dyn        0x00000000080497e4       0x50
 *(.rel.init)
 *(.rel.text .rel.text.* .rel.gnu.linkonce.t.*)
 .rel.text      0x00000000080497e4        0x0 C:\ProgramData\dSPACE\071346ea-bffa-4465-9551-2e48edf35320\Compiler\QNX650_520\target\qnx6/x86/lib/crt1.o
 *(.rel.fini)
 *(.rel.rodata .rel.rodata.* .rel.gnu.linkonce.r.*)
 .rel.rodata._ZTI18DsCApplicationMain
                0x00000000080497e4        0x0 C:\ProgramData\dSPACE\071346ea-bffa-4465-9551-2e48edf35320\Compiler\QNX650_520\target\qnx6/x86/lib/crt1.o
 .rel.rodata._ZTV18DsCApplicationMain
                0x00000000080497e4        0x0 C:\ProgramData\dSPACE\071346ea-bffa-4465-9551-2e48edf35320\Compiler\QNX650_520\target\qnx6/x86/lib/crt1.o
 .rel.rodata._ZTI24DsCRtosAlPeriodic_Task_2
                0x00000000080497e4        0x0 C:\ProgramData\dSPACE\071346ea-bffa-4465-9551-2e48edf35320\Compiler\QNX650_520\target\qnx6/x86/lib/crt1.o
 .rel.rodata._ZTV24DsCRtosAlPeriodic_Task_2
                0x00000000080497e4        0x0 C:\ProgramData\dSPACE\071346ea-bffa-4465-9551-2e48edf35320\Compiler\QNX650_520\target\qnx6/x86/lib/crt1.o
 *(.rel.data.rel.ro .rel.data.rel.ro.* .rel.gnu.linkonce.d.rel.ro.*)
 *(.rel.data .rel.data.* .rel.gnu.linkonce.d.*)
 *(.rel.tdata .rel.tdata.* .rel.gnu.linkonce.td.*)
 *(.rel.tbss .rel.tbss.* .rel.gnu.linkonce.tb.*)
 *(.rel.ctors)
 *(.rel.dtors)
 *(.rel.got)
 .rel.got       0x00000000080497e4       0x30 C:\ProgramData\dSPACE\071346ea-bffa-4465-9551-2e48edf35320\Compiler\QNX650_520\target\qnx6/x86/lib/crt1.o
 *(.rel.sdata .rel.sdata.* .rel.gnu.linkonce.s.*)
 *(.rel.sbss .rel.sbss.* .rel.gnu.linkonce.sb.*)
 *(.rel.sdata2 .rel.sdata2.* .rel.gnu.linkonce.s2.*)
 *(.rel.sbss2 .rel.sbss2.* .rel.gnu.linkonce.sb2.*)
 *(.rel.bss .rel.bss.* .rel.gnu.linkonce.b.*)
 .rel.bss       0x0000000008049814       0x20 C:\ProgramData\dSPACE\071346ea-bffa-4465-9551-2e48edf35320\Compiler\QNX650_520\target\qnx6/x86/lib/crt1.o
                [!provide]                        PROVIDE (__rel_iplt_start, .)
 *(.rel.iplt)
 .rel.iplt      0x0000000008049834        0x0 C:\ProgramData\dSPACE\071346ea-bffa-4465-9551-2e48edf35320\Compiler\QNX650_520\target\qnx6/x86/lib/crt1.o
                [!provide]                        PROVIDE (__rel_iplt_end, .)
 .rel.eh_frame  0x0000000008049834        0x0 C:\ProgramData\dSPACE\071346ea-bffa-4465-9551-2e48edf35320\Compiler\QNX650_520\target\qnx6/x86/lib/crt1.o

.rel.plt        0x0000000008049834      0x310
 *(.rel.plt)
 .rel.plt       0x0000000008049834      0x310 C:\ProgramData\dSPACE\071346ea-bffa-4465-9551-2e48edf35320\Compiler\QNX650_520\target\qnx6/x86/lib/crt1.o

.init           0x0000000008049b44        0xd
 *(SORT(.init))
 .init          0x0000000008049b44        0x0 C:\ProgramData\dSPACE\071346ea-bffa-4465-9551-2e48edf35320\Compiler\QNX650_520\target\qnx6/x86/lib/crti.o
                0x0000000008049b44                _init
 .init          0x0000000008049b44        0x5 c:/programdata/dspace/071346ea-bffa-4465-9551-2e48edf35320/compiler/qnx650_520/host/win32/x86/usr/bin/../lib/gcc/i486-pc-nto-qnx6.5.0/5.2.0/crtbegin.o
 .init          0x0000000008049b49        0x5 c:/programdata/dspace/071346ea-bffa-4465-9551-2e48edf35320/compiler/qnx650_520/host/win32/x86/usr/bin/../lib/gcc/i486-pc-nto-qnx6.5.0/5.2.0/crtend.o
 .init          0x0000000008049b4e        0x3 C:\ProgramData\dSPACE\071346ea-bffa-4465-9551-2e48edf35320\Compiler\QNX650_520\target\qnx6/x86/lib/crtn.o

.plt            0x0000000008049b60      0x630
 *(.plt)
 .plt           0x0000000008049b60      0x630 C:\ProgramData\dSPACE\071346ea-bffa-4465-9551-2e48edf35320\Compiler\QNX650_520\target\qnx6/x86/lib/crt1.o
                0x0000000008049b70                _ZN7DsCTask10daqServiceEj
                0x0000000008049b80                __register_frame_info
                0x0000000008049b90                _Z18dsrtt_set_rtt_taskP7DsCTask
                0x0000000008049ba0                _ZN14DsCApplication15createErrorListEv
                0x0000000008049bb0                calloc
                0x0000000008049bc0                _Znaj
                0x0000000008049bd0                _ZN7DsCTask11bindTriggerER16DsCErrorListPoolP8DsCTimer
                0x0000000008049be0                _ZN14DsCApplication16setIoResourceMapER16DsCErrorListPoolPv
                0x0000000008049bf0                memcpy
                0x0000000008049c00                _ZN11DsCIoDriver7setNameER16DsCErrorListPoolPKc
                0x0000000008049c10                DsCanCh_setBusOffRecoveryMode
                0x0000000008049c20                _ZN11DsCIoDriver13bindIoChannelER16DsCErrorListPoolP12DsCIoChanneljj
                0x0000000008049c30                realloc
                0x0000000008049c40                _ZN14DsCApplicationC2ER16DsCErrorListPool
                0x0000000008049c50                dsrtt_mp_register_config
                0x0000000008049c60                DsCanCh_setFeature
                0x0000000008049c70                DsCanCh_setTxRetryCount
                0x0000000008049c80                _ZN12DsCFcnModule12updateInputsEv
                0x0000000008049c90                _ZN7DsCTaskC2ER16DsCErrorListPoolP14DsCApplicationPKcjjjjjjjPS_j
                0x0000000008049ca0                __wrap_printf
                0x0000000008049cb0                __cxa_finalize
                0x0000000008049cc0                _ZN14DsCApplicationD2Ev
                0x0000000008049cd0                malloc
                0x0000000008049ce0                _ZdlPv
                0x0000000008049cf0                DsCanBoard_create
                0x0000000008049d00                _init_array
                0x0000000008049d10                strncmp
                0x0000000008049d20                DsCanBoard_destroy
                0x0000000008049d30                _ZN12DsCFcnModule13updateOutputsEv
                0x0000000008049d40                _ZN23DsNApplicationInterface16registerResourceEPKcPv
                0x0000000008049d50                _ZN23DsNApplicationInterface12registerApplEPv
                0x0000000008049d60                dsrtt_script_service_post_computation
                0x0000000008049d70                _ZN11DsCMpSender4sendEv
                0x0000000008049d80                snprintf
                0x0000000008049d90                _ZN12DsCIoChannel11getInstanceER16DsCErrorListPoolPK22DsSIonetChannelAddress
                0x0000000008049da0                atexit
                0x0000000008049db0                asin
                0x0000000008049dc0                _ZN7DsCTask14getCallCounterEv
                0x0000000008049dd0                DsCanCh_setBusMode
                0x0000000008049de0                __gxx_personality_v0
                0x0000000008049df0                _Unwind_Resume
                0x0000000008049e00                memmove
                0x0000000008049e10                vsprintf
                0x0000000008049e20                _ZN7DsCTask18setSimTimeVariableEPd
                0x0000000008049e30                vprintf
                0x0000000008049e40                _init_libc
                0x0000000008049e50                _ZN14DsCApplication12setSlowStartER16DsCErrorListPooldd
                0x0000000008049e60                _ZN14DsCApplication4stopEv
                0x0000000008049e70                _ZN7DsCTaskD2Ev
                0x0000000008049e80                _ZN13DsCMpReceiver6createER16DsCErrorListPoolP14DsCApplicationPKcjjjj
                0x0000000008049e90                DsCanCh_setSamplePoint
                0x0000000008049ea0                DsCanCh_setFeedThroughMode
                0x0000000008049eb0                strncpy
                0x0000000008049ec0                _ZN7DsCTask17getOverrunCounterEv
                0x0000000008049ed0                DsCanCh_setReceiveMode
                0x0000000008049ee0                dsrtt_script_service_pre_computation
                0x0000000008049ef0                _ZN7DsCTask28setDeadlineViolationFunctionER16DsCErrorListPoolPFvS1_PS_E
                0x0000000008049f00                _ZN11DsCMpSender9getBufferEv
                0x0000000008049f10                DsCanCh_setDescriptor
                0x0000000008049f20                memset
                0x0000000008049f30                _Z27DsBusAccessRP_updateOutputsR16DsCErrorListPoolPKcPvS3_
                0x0000000008049f40                qsort
                0x0000000008049f50                DsCanCh_setBaudRateDataPhase
                0x0000000008049f60                DsCanCh_apply
                0x0000000008049f70                DsCanCh_create
                0x0000000008049f80                DsCanCh_setTermination
                0x0000000008049f90                memcmp
                0x0000000008049fa0                __wrap_exit
                0x0000000008049fb0                acos
                0x0000000008049fc0                _fini_array
                0x0000000008049fd0                _Log
                0x0000000008049fe0                _preinit_array
                0x0000000008049ff0                exp
                0x000000000804a000                _ZN7DsCTask14getDescriptionEv
                0x000000000804a010                _ZN12DsCIoFuncCan6createER16DsCErrorListPoolP14DsCApplication
                0x000000000804a020                DsCanCh_setTransceiver
                0x000000000804a030                _ZN14DsCApplication9terminateEv
                0x000000000804a040                _ZN12DsCFcnModule6createER16DsCErrorListPoolP14DsCApplicationPKc
                0x000000000804a050                strcmp
                0x000000000804a060                DsCanCh_setSamplePointDataPhase
                0x000000000804a070                DsCanBoard_update
                0x000000000804a080                free
                0x000000000804a090                _ZN7DsCTask16setTaskVariablesER16DsCErrorListPoolP25tagDsSKernelTaskVariables
                0x000000000804a0a0                dsrtt_set_step_size
                0x000000000804a0b0                _ZN8DsCTimer6createER16DsCErrorListPoolddPKc
                0x000000000804a0c0                _ZN11DsCMpSender6createER16DsCErrorListPoolP14DsCApplicationPKcjjjj
                0x000000000804a0d0                _ZN14DsCApplication18getDiagnosticBlockER16DsCErrorListPool
                0x000000000804a0e0                DsCanCh_destroy
                0x000000000804a0f0                _Znwj
                0x000000000804a100                _ZN14DsCApplication12errorMessageEhjjPKcjjS1_S1_z
                0x000000000804a110                _ZN13DsCMpReceiver7receiveEPPv
                0x000000000804a120                _Z26DsBusAccessRP_updateInputsR16DsCErrorListPoolPKcPvS3_
                0x000000000804a130                _ZN7DsCTask13bindFcnModuleER16DsCErrorListPoolP12DsCFcnModule
                0x000000000804a140                _ZN14DsCApplication25getFailureSimulationBlockER16DsCErrorListPool
                0x000000000804a150                main
                0x000000000804a160                strcpy
                0x000000000804a170                DsCanCh_setBaudRate
                0x000000000804a180                __deregister_frame_info

.iplt           0x000000000804a190        0x0
 *(.iplt)
 .iplt          0x000000000804a190        0x0 C:\ProgramData\dSPACE\071346ea-bffa-4465-9551-2e48edf35320\Compiler\QNX650_520\target\qnx6/x86/lib/crt1.o

.text           0x000000000804a190    0x806d4
                0x000000000804a190                _btext = .
 *(.text.unlikely .text.*_unlikely .text.unlikely.*)
 .text.unlikely
                0x000000000804a190        0x0 c:/programdata/dspace/071346ea-bffa-4465-9551-2e48edf35320/compiler/qnx650_520/host/win32/x86/usr/bin/../lib/gcc/i486-pc-nto-qnx6.5.0/5.2.0/crtbegin.o
 .text.unlikely
                0x000000000804a190        0x0 c:/programdata/dspace/071346ea-bffa-4465-9551-2e48edf35320/compiler/qnx650_520/host/win32/x86/usr/bin/../lib/gcc/i486-pc-nto-qnx6.5.0/5.2.0/crtend.o
 *(.text.exit .text.exit.*)
 *(.text.startup .text.startup.*)
 *(.text.hot .text.hot.*)
 *(.text .stub .text.* .gnu.linkonce.t.*)
 .text          0x000000000804a190       0x91 C:\ProgramData\dSPACE\071346ea-bffa-4465-9551-2e48edf35320\Compiler\QNX650_520\target\qnx6/x86/lib/crt1.o
                0x000000000804a198                _start
 *fill*         0x000000000804a221        0x3 9090
 .text          0x000000000804a224        0x0 C:\ProgramData\dSPACE\071346ea-bffa-4465-9551-2e48edf35320\Compiler\QNX650_520\target\qnx6/x86/lib/crti.o
 *fill*         0x000000000804a224        0xc 9090
 .text          0x000000000804a230      0x1a5 c:/programdata/dspace/071346ea-bffa-4465-9551-2e48edf35320/compiler/qnx650_520/host/win32/x86/usr/bin/../lib/gcc/i486-pc-nto-qnx6.5.0/5.2.0/crtbegin.o
 .text.__x86.get_pc_thunk.dx
                0x000000000804a3d5        0x4 c:/programdata/dspace/071346ea-bffa-4465-9551-2e48edf35320/compiler/qnx650_520/host/win32/x86/usr/bin/../lib/gcc/i486-pc-nto-qnx6.5.0/5.2.0/crtbegin.o
                0x000000000804a3d5                __x86.get_pc_thunk.dx
 .text.__x86.get_pc_thunk.bx
                0x000000000804a3d9        0x4 c:/programdata/dspace/071346ea-bffa-4465-9551-2e48edf35320/compiler/qnx650_520/host/win32/x86/usr/bin/../lib/gcc/i486-pc-nto-qnx6.5.0/5.2.0/crtbegin.o
                0x000000000804a3d9                __x86.get_pc_thunk.bx
 .text          0x000000000804a3dd       0x3e mdladapter_mdlfunctions.o86
                0x000000000804a3dd                STLA_MECHANICAL_APTerminateSimulation
                0x000000000804a3e9                STLA_MECHANICAL_APLastApplStateStopped
                0x000000000804a3ff                STLA_MECHANICAL_APStopSimulation
                0x000000000804a40b                STLA_MECHANICAL_APPrintMessage
 .text          0x000000000804a41b      0x96f mdlCode_ap.o86
                0x000000000804a41b                ap_entry_STLA_MECHANICAL_SIDRoot_TID0
                0x000000000804a449                ap_exit_STLA_MECHANICAL_SIDRoot_TID0
                0x000000000804a45b                ap_read_STLA_MECHANICAL_DataInportSFcn_BR1_P0
                0x000000000804a47b                ap_read_STLA_MECHANICAL_DataInportSFcn_BR1_P1
                0x000000000804a49b                ap_read_STLA_MECHANICAL_DataInportSFcn_BR1_P2
                0x000000000804a4bb                ap_read_STLA_MECHANICAL_DataInportSFcn_BR1_P3
                0x000000000804a4db                ap_read_STLA_MECHANICAL_DataInportSFcn_BR1_P4
                0x000000000804a4fb                ap_read_STLA_MECHANICAL_DataInportSFcn_BR1_P5
                0x000000000804a51b                ap_read_STLA_MECHANICAL_DataInportSFcn_BR1_P6
                0x000000000804a53b                ap_read_STLA_MECHANICAL_DataInportSFcn_BR1_P7
                0x000000000804a55b                ap_read_STLA_MECHANICAL_DataInportSFcn_BR1_P8
                0x000000000804a57b                ap_read_STLA_MECHANICAL_DataInportSFcn_BR1_P9
                0x000000000804a59b                ap_read_STLA_MECHANICAL_DataInportSFcn_BR1_P10
                0x000000000804a5bb                ap_read_STLA_MECHANICAL_DataInportSFcn_BR1_P11
                0x000000000804a5db                ap_read_STLA_MECHANICAL_DataInportSFcn_BR1_P12
                0x000000000804a5fb                ap_read_STLA_MECHANICAL_DataInportSFcn_BR1_P13
                0x000000000804a61b                ap_read_STLA_MECHANICAL_DataInportSFcn_BR1_P14
                0x000000000804a63b                ap_read_STLA_MECHANICAL_DataInportSFcn_BR1_P15
                0x000000000804a65b                ap_read_STLA_MECHANICAL_DataInportSFcn_BR1_P16
                0x000000000804a67b                ap_read_STLA_MECHANICAL_DataInportSFcn_BR1_P17
                0x000000000804a69b                ap_read_STLA_MECHANICAL_DataInportSFcn_BR1_P18
                0x000000000804a6bb                ap_read_STLA_MECHANICAL_DataInportSFcn_BR1_P19
                0x000000000804a6db                ap_write_STLA_MECHANICAL_DataOutportSFcn_BW1_P0
                0x000000000804a6f9                ap_write_STLA_MECHANICAL_DataOutportSFcn_BW1_P1
                0x000000000804a717                ap_write_STLA_MECHANICAL_DataOutportSFcn_BW1_P2
                0x000000000804a735                ap_write_STLA_MECHANICAL_DataOutportSFcn_BW1_P3
                0x000000000804a753                ap_write_STLA_MECHANICAL_DataOutportSFcn_BW1_P4
                0x000000000804a771                ap_write_STLA_MECHANICAL_DataOutportSFcn_BW1_P5
                0x000000000804a78f                ap_write_STLA_MECHANICAL_DataOutportSFcn_BW1_P6
                0x000000000804a7ad                ap_write_STLA_MECHANICAL_DataOutportSFcn_BW1_P7
                0x000000000804a7cb                ap_write_STLA_MECHANICAL_DataOutportSFcn_BW1_P8
                0x000000000804a7e9                ap_write_STLA_MECHANICAL_DataOutportSFcn_BW1_P9
                0x000000000804a807                ap_write_STLA_MECHANICAL_DataOutportSFcn_BW1_P10
                0x000000000804a825                ap_write_STLA_MECHANICAL_DataOutportSFcn_BW1_P11
                0x000000000804a843                ap_write_STLA_MECHANICAL_DataOutportSFcn_BW1_P12
                0x000000000804a861                ap_write_STLA_MECHANICAL_DataOutportSFcn_BW1_P13
                0x000000000804a87f                ap_write_STLA_MECHANICAL_DataOutportSFcn_BW1_P14
                0x000000000804a89d                ap_write_STLA_MECHANICAL_DataOutportSFcn_BW1_P15
                0x000000000804a8bb                ap_write_STLA_MECHANICAL_DataOutportSFcn_BW1_P16
                0x000000000804a8d9                ap_write_STLA_MECHANICAL_DataOutportSFcn_BW1_P17
                0x000000000804a8f7                ap_write_STLA_MECHANICAL_DataOutportSFcn_BW1_P18
                0x000000000804a915                ap_write_STLA_MECHANICAL_DataOutportSFcn_BW1_P19
                0x000000000804a933                ap_write_STLA_MECHANICAL_DataOutportSFcn_BW1_P20
                0x000000000804a951                ap_write_STLA_MECHANICAL_DataOutportSFcn_BW1_P21
                0x000000000804a96f                ap_write_STLA_MECHANICAL_DataOutportSFcn_BW1_P22
                0x000000000804a98d                ap_write_STLA_MECHANICAL_DataOutportSFcn_BW1_P23
                0x000000000804a9ab                ap_write_STLA_MECHANICAL_DataOutportSFcn_BW1_P24
                0x000000000804a9c9                ap_write_STLA_MECHANICAL_DataOutportSFcn_BW1_P25
                0x000000000804a9e7                ap_write_STLA_MECHANICAL_DataOutportSFcn_BW1_P26
                0x000000000804aa05                ap_write_STLA_MECHANICAL_DataOutportSFcn_BW1_P27
                0x000000000804aa23                ap_write_STLA_MECHANICAL_DataOutportSFcn_BW1_P28
                0x000000000804aa41                ap_write_STLA_MECHANICAL_DataOutportSFcn_BW1_P29
                0x000000000804aa5f                ap_write_STLA_MECHANICAL_DataOutportSFcn_BW1_P30
                0x000000000804aa7d                ap_write_STLA_MECHANICAL_DataOutportSFcn_BW1_P31
                0x000000000804aa9b                ap_write_STLA_MECHANICAL_DataOutportSFcn_BW1_P32
                0x000000000804aab9                ap_write_STLA_MECHANICAL_DataOutportSFcn_BW1_P33
                0x000000000804aad7                ap_write_STLA_MECHANICAL_DataOutportSFcn_BW1_P34
                0x000000000804aaf5                ap_write_STLA_MECHANICAL_DataOutportSFcn_BW1_P35
                0x000000000804ab13                ap_write_STLA_MECHANICAL_DataOutportSFcn_BW1_P36
                0x000000000804ab31                ap_write_STLA_MECHANICAL_DataOutportSFcn_BW1_P37
                0x000000000804ab4f                ap_write_STLA_MECHANICAL_DataOutportSFcn_BW1_P38
                0x000000000804ab6d                ap_write_STLA_MECHANICAL_DataOutportSFcn_BW1_P39
                0x000000000804ab8b                ap_write_STLA_MECHANICAL_DataOutportSFcn_BW1_P40
                0x000000000804aba9                ap_write_STLA_MECHANICAL_DataOutportSFcn_BW1_P41
                0x000000000804abc7                ap_write_STLA_MECHANICAL_DataOutportSFcn_BW1_P42
                0x000000000804abe5                ap_write_STLA_MECHANICAL_DataOutportSFcn_BW1_P43
                0x000000000804ac03                ap_write_STLA_MECHANICAL_DataOutportSFcn_BW1_P44
                0x000000000804ac21                ap_write_STLA_MECHANICAL_DataOutportSFcn_BW1_P45
                0x000000000804ac3f                ap_write_STLA_MECHANICAL_DataOutportSFcn_BW1_P46
                0x000000000804ac5d                ap_write_STLA_MECHANICAL_DataOutportSFcn_BW1_P47
                0x000000000804ac7b                ap_write_STLA_MECHANICAL_DataOutportSFcn_BW1_P48
                0x000000000804ac99                ap_write_STLA_MECHANICAL_DataOutportSFcn_BW1_P49
                0x000000000804acb7                ap_write_STLA_MECHANICAL_DataOutportSFcn_BW1_P50
                0x000000000804acd5                ap_write_STLA_MECHANICAL_DataOutportSFcn_BW1_P51
                0x000000000804acf3                ap_write_STLA_MECHANICAL_DataOutportSFcn_BW1_P52
                0x000000000804ad11                ap_write_STLA_MECHANICAL_DataOutportSFcn_BW1_P53
                0x000000000804ad2f                ap_write_STLA_MECHANICAL_DataOutportSFcn_BW1_P54
                0x000000000804ad4d                ap_write_STLA_MECHANICAL_DataOutportSFcn_BW1_P55
                0x000000000804ad6b                ap_write_STLA_MECHANICAL_DataOutportSFcn_BW1_P56
                0x000000000804ad6c                ap_write_STLA_MECHANICAL_DataOutportSFcn_BW1_P57
 .text          0x000000000804ad8a      0x29c dssimengine_accesspoint.o86
                0x000000000804ad8a                _Z17ApSimEngineOnStopR16DsCErrorListPool
                0x000000000804ad96                _Z22ApSimEngineOnTerminateR16DsCErrorListPool
                0x000000000804ada6                _Z19ApSimEngineOnUnloadR16DsCErrorListPool
                0x000000000804adb6                _Z20ApSimEngineOnInitMdlR16DsCErrorListPool
                0x000000000804adc2                _Z21ApSimEngineOnStartMdlR16DsCErrorListPool
                0x000000000804adce                _Z20ApSimEngineOnStopMdlR16DsCErrorListPool
                0x000000000804adda                _Z25ApSimEngineOnTerminateMdlR16DsCErrorListPool
                0x000000000804addb                _Z22ApSimEngineOnUnloadMdlR16DsCErrorListPool
                0x000000000804addc                _Z20ApSimEngineOnInitImcR16DsCErrorListPool
                0x000000000804ae6b                _Z21ApSimEngineOnStartImcR16DsCErrorListPool
                0x000000000804ae6c                _Z20ApSimEngineOnStopImcR16DsCErrorListPool
                0x000000000804ae6d                _Z25ApSimEngineOnTerminateImcR16DsCErrorListPool
                0x000000000804ae6e                _Z22ApSimEngineOnUnloadImcR16DsCErrorListPool
                0x000000000804ae6f                _Z30ApSimEngineOnInitIoPreRtosInitR16DsCErrorListPool
                0x000000000804aeaf                _Z31ApSimEngineOnInitIoPostRtosInitR16DsCErrorListPool
                0x000000000804aebf                _Z30ApSimEngineOnInitHwDiagnosticsR16DsCErrorListPool
                0x000000000804af50                _Z20ApSimEngineOnStartIoR16DsCErrorListPool
                0x000000000804af61                _Z18ApSimEngineOnStartR16DsCErrorListPool
                0x000000000804af84                _Z19ApSimEngineOnStopIoR16DsCErrorListPool
                0x000000000804af85                _Z24ApSimEngineOnTerminateIoR16DsCErrorListPool
                0x000000000804af95                _Z21ApSimEngineOnUnloadIoR16DsCErrorListPool
                0x000000000804afa5                _Z21ApSimEngineOnInitRtosR16DsCErrorListPool
                0x000000000804afd5                _Z17ApSimEngineOnInitR16DsCErrorListPool
                0x000000000804b011                _Z22ApSimEngineOnStartRtosR16DsCErrorListPool
                0x000000000804b021                _Z21ApSimEngineOnStopRtosR16DsCErrorListPool
                0x000000000804b022                _Z26ApSimEngineOnTerminateRtosR16DsCErrorListPool
                0x000000000804b023                _Z23ApSimEngineOnUnloadRtosR16DsCErrorListPool
                0x000000000804b024                _Z15ApSimEngineIdleR16DsCErrorListPool
                0x000000000804b025                _Z22ApSimEngineRunTimeInitR16DsCErrorListPooli
 .text          0x000000000804b026       0x30 dssimengine_api.o86
                0x000000000804b026                _Z25SimEngineLastApplStateGetv
                0x000000000804b02c                _Z17SimEngineApplStopv
                0x000000000804b03e                _Z22SimEngineApplTerminatev
                0x000000000804b050                _Z16SimEngineApplGetv
 .text          0x000000000804b056      0x16b dssimengine_main.o86
                0x000000000804b056                destroyApplication
                0x000000000804b071                getApplicationErrorList
                0x000000000804b078                _ZN18DsCApplicationMainD1Ev
                0x000000000804b078                _ZN18DsCApplicationMainD2Ev
                0x000000000804b09a                _ZN18DsCApplicationMainD0Ev
                0x000000000804b0b6                _ZN18DsCApplicationMain6onInitER16DsCErrorListPool
                0x000000000804b0d0                _ZN18DsCApplicationMain7onStartER16DsCErrorListPool
                0x000000000804b0ea                _ZN18DsCApplicationMain6onStopER16DsCErrorListPool
                0x000000000804b104                _ZN18DsCApplicationMain11onTerminateER16DsCErrorListPool
                0x000000000804b11e                _ZN18DsCApplicationMain8onUnloadER16DsCErrorListPool
                0x000000000804b12e                _ZN18DsCApplicationMain6onIdleER16DsCErrorListPool
                0x000000000804b13e                _ZN18DsCApplicationMainC2ER16DsCErrorListPool
                0x000000000804b13e                _ZN18DsCApplicationMainC1ER16DsCErrorListPool
                0x000000000804b161                createApplication
                0x000000000804b19f                _Z32__registerApplDsCApplicationMainv
 *fill*         0x000000000804b1c1        0x1 9090
 .text          0x000000000804b1c2      0x23e rtosal_task.o86
                0x000000000804b1c2                _ZN24DsCRtosAlPeriodic_Task_2D1Ev
                0x000000000804b1c2                _ZN24DsCRtosAlPeriodic_Task_2D2Ev
                0x000000000804b1da                _ZN24DsCRtosAlPeriodic_Task_2D0Ev
                0x000000000804b1f6                _ZN24DsCRtosAlPeriodic_Task_25onRunER16DsCErrorListPool
                0x000000000804b22e                _ZN24DsCRtosAlPeriodic_Task_2C1ER16DsCErrorListPoolP14DsCApplicationPKcjjjjjjjP7DsCTaskj
                0x000000000804b22e                _ZN24DsCRtosAlPeriodic_Task_2C2ER16DsCErrorListPoolP14DsCApplicationPKcjjjjjjjP7DsCTaskj
                0x000000000804b278                _ZN24DsCRtosAlPeriodic_Task_26createER16DsCErrorListPoolP14DsCApplicationPKcjjjjjjjP7DsCTaskj
                0x000000000804b2ef                _Z37RtosAlDefaultDeadlineViolationHandlerR16DsCErrorListPoolP7DsCTask
                0x000000000804b35f                _Z20RtosAlHandleOverrunsP7DsCTaski
                0x000000000804b3ec                _ZN24DsCRtosAlPeriodic_Task_29onOverrunER16DsCErrorListPool
 .text          0x000000000804b400       0xa8 rtosal_taskap.o86
                0x000000000804b400                RtosAlTask_02_TaskEntry
                0x000000000804b431                RtosAlTask_02_TaskExit
 .text          0x000000000804b4a8      0x1df rtosal_simengineap.o86
                0x000000000804b4a8                _Z21__registerRTTMPConfigv
                0x000000000804b4bb                _Z12RtosAlOnInitR16DsCErrorListPool
                0x000000000804b569                _Z13RtosAlOnStartR16DsCErrorListPool
 .text          0x000000000804b687       0x16 IOCode_Data.o86
                0x000000000804b687                _Z31__registerResourceg_ResourceMapv
 .text          0x000000000804b69d      0x597 dssimengine_accesspoint_CAN.o86
                0x000000000804b69d                _Z49ApSimEngineOnInitIoPreRtosInit_ctlcBODY_2_CAN_i6_R16DsCErrorListPoolP14DsCApplication
                0x000000000804b6e7                _Z50ApSimEngineOnInitIoPostRtosInit_ctlcBODY_0_CAN_i6_R16DsCErrorListPool
                0x000000000804bc16                _Z43ApSimEngineOnTerminateIo_ctlcBODY_0_CAN_i6_R16DsCErrorListPool
                0x000000000804bc17                _Z40ApSimEngineOnUnloadIo_ctlcBODY_0_CAN_i6_R16DsCErrorListPool
 .text          0x000000000804bc34        0x0 mdlcfg_interapplcom.o86
 .text          0x000000000804bc34      0x74d rtosal_interapplcom.o86
                0x000000000804bc34                _ZN13DsCSendBuffer16CreateSendBufferER16DsCErrorListPooljjjPKcj
                0x000000000804bc7a                _ZN13DsCSendBufferC1EP11DsCMpSenderjj
                0x000000000804bc7a                _ZN13DsCSendBufferC2EP11DsCMpSenderjj
                0x000000000804bc94                _ZN13DsCSendBuffer5ResetEv
                0x000000000804bca0                _ZN13DsCSendBuffer18SendIfBufferFilledEv
                0x000000000804bcc0                _ZN13DsCSendBuffer12WriteFloat64EjPdj
                0x000000000804bcfe                _ZN13DsCSendBuffer12WriteFloat32EjPfj
                0x000000000804bd3c                _ZN13DsCSendBuffer10WriteInt32EjPij
                0x000000000804bd7a                _ZN13DsCSendBuffer11WriteUInt32EjPjj
                0x000000000804bdb8                _ZN13DsCSendBuffer10WriteInt16EjPsj
                0x000000000804bdf2                _ZN13DsCSendBuffer11WriteUInt16EjPtj
                0x000000000804be2c                _ZN13DsCSendBuffer9WriteInt8EjPcj
                0x000000000804be62                _ZN13DsCSendBuffer10WriteUInt8EjPhj
                0x000000000804be98                _ZN13DsCSendBuffer9WriteBoolEjPhj
                0x000000000804bece                _ZN22DsCCommunicationBundle12OnReadAccessEv
                0x000000000804bfb0                _ZN22DsCCommunicationBundle11ReadFloat64EjPdjj
                0x000000000804bffc                _ZN22DsCCommunicationBundle11ReadFloat32EjPfjj
                0x000000000804c048                _ZN22DsCCommunicationBundle9ReadInt32EjPijj
                0x000000000804c094                _ZN22DsCCommunicationBundle10ReadUInt32EjPjjj
                0x000000000804c0e0                _ZN22DsCCommunicationBundle9ReadInt16EjPsjj
                0x000000000804c128                _ZN22DsCCommunicationBundle10ReadUInt16EjPtjj
                0x000000000804c170                _ZN22DsCCommunicationBundle8ReadInt8EjPcjj
                0x000000000804c1b4                _ZN22DsCCommunicationBundle9ReadUInt8EjPhjj
                0x000000000804c1f8                _ZN22DsCCommunicationBundle8ReadBoolEjPhjj
                0x000000000804c23c                _ZN22DsCCommunicationBundle5ResetEv
                0x000000000804c246                _ZN22DsCCommunicationBundleC1ENS_8ProtocolEj
                0x000000000804c246                _ZN22DsCCommunicationBundleC2ENS_8ProtocolEj
                0x000000000804c2fc                _ZN22DsCCommunicationBundle25CreateCommunicationBundleENS_8ProtocolEj
                0x000000000804c33e                _ZN22DsCCommunicationBundle19CreateReceiveBufferER16DsCErrorListPooljjjPKcj
 .text          0x000000000804c381       0xd7 STLA_MECHANICAL.a(STLA_MECHANICAL_dsrtmdlfcn.lo86)
                0x000000000804c381                STLA_MECHANICAL_DSRTCheckForErrorStatus
                0x000000000804c3c8                STLA_MECHANICAL_DSRTInitMdl
                0x000000000804c3e3                STLA_MECHANICAL_DSRTStartMdl
                0x000000000804c403                STLA_MECHANICAL_DSRTStopMdl
                0x000000000804c414                STLA_MECHANICAL_DSRTCheckForSimulationStopCondition
 .text          0x000000000804c458       0x18 STLA_MECHANICAL.a(STLA_MECHANICAL_dsrttf.lo86)
                0x000000000804c458                STLA_MECHANICAL_DSRTMdlOutputs0
                0x000000000804c464                STLA_MECHANICAL_DSRTMdlUpdate0
 .text          0x000000000804c470      0x6b5 STLA_MECHANICAL.a(STLA_MECHANICAL.lo86)
                0x000000000804c470                STLA_MECHANICAL_output
                0x000000000804c9bc                STLA_MECHANICAL_update
                0x000000000804c9e0                STLA_MECHANICAL_initialize
                0x000000000804cb19                STLA_MECHANICAL_terminate
 .text          0x000000000804cb25       0x27 STLA_MECHANICAL.a(STLA_MECHANICAL_dsrtvdf.lo86)
                0x000000000804cb45                STLA_MECHANICAL_rti_init_trc_pointers
 .text          0x000000000804cb4c     0x3bbd Punch_mechanical_B_sample_v3_6_cal_v1_rtwlib.lib(Punch_mechanical_B_sample_v3_6_cal_v1.lo86)
                0x000000000804ce10                Punch_mechanical_B_sample_v3_6_cal_v1_Init
                0x000000000804d029                Punch_mechanical_B_sample_v3_6_cal_v1_Reset
                0x000000000804d17a                Punch_mechanical_B_sample_v3_6_cal_v1_Disable
                0x000000000804d25b                Punch_mechanical_B_sample_v3_6_cal_v1_Start
                0x000000000804d811                Punch_mechanical_B_sample_v3_6_cal_v1
                0x000000000805015d                Punch_mechanical_B_sample_v3_6_cal_v1_Update
                0x000000000805064b                Punch_mechanical_B_sample_v3_6_cal_v1_Term
                0x00000000080506b2                Punch_mechanical_B_sample_v3_6_cal_v1_initialize
 .text          0x0000000008050709       0x6d Punch_mechanical_B_sample_v3_6_cal_v1_rtwlib.lib(Punch_mechanical_B_sample_v3_6_cal_v1_dsrtvdf.lo86)
                0x000000000805076f                Punch_mechanical_B_sample_v3_6_cal_v1_rti_init_trc_pointers
 .text          0x0000000008050776       0xcb Punch_mechanical_B_sample_v3_6_cal_v1_rtwlib.lib(Punch_mechanical_B_sample_v3_6_cal_v1_edb1d8b5_1_gateway.lo86)
                0x0000000008050776                Punch_mechanical_B_sample_v3_6_cal_v1_edb1d8b5_1_gateway
 .text          0x0000000008050841      0x359 Punch_mechanical_B_sample_v3_6_cal_v1_rtwlib.lib(Punch_mechanical_B_sample_v3_6_cal_v1_edb1d8b5_1.lo86)
                0x0000000008050acf                Punch_mechanical_B_sample_v3_6_cal_v1_edb1d8b5_1_dae
 .text          0x0000000008050b9a     0x32bb Punch_mechanical_B_sample_v3_6_cal_v1_rtwlib.lib(Punch_mechanical_B_sample_v3_6_cal_v1_edb1d8b5_1_ds.lo86)
                0x00000000080525f8                Punch_mechanical_B_sample_v3_6_cal_v1_edb1d8b5_1_dae_ds
 .text          0x0000000008053e55     0x13a0 Punch_mechanical_B_sample_v3_6_cal_v1_rtwlib.lib(Punch_mechanical_B_sample_v3_6_cal_v1_edb1d8b5_1_ds_cache_i.lo86)
                0x0000000008053e55                Punch_mechanical_B_sample_v3_6_cal_v1_edb1d8b5_1_ds_cache_i
 .text          0x00000000080551f5      0x1ee Punch_mechanical_B_sample_v3_6_cal_v1_rtwlib.lib(Punch_mechanical_B_sample_v3_6_cal_v1_edb1d8b5_1_ds_assert.lo86)
                0x00000000080551f5                Punch_mechanical_B_sample_v3_6_cal_v1_edb1d8b5_1_ds_assert
 .text          0x00000000080553e3      0x298 Punch_mechanical_B_sample_v3_6_cal_v1_rtwlib.lib(Punch_mechanical_B_sample_v3_6_cal_v1_edb1d8b5_1_ds_q1.lo86)
                0x00000000080553e3                Punch_mechanical_B_sample_v3_6_cal_v1_edb1d8b5_1_ds_q1
 .text          0x000000000805567b     0x1074 Punch_mechanical_B_sample_v3_6_cal_v1_rtwlib.lib(Punch_mechanical_B_sample_v3_6_cal_v1_edb1d8b5_1_ds_dxf_p.lo86)
                0x000000000805567b                Punch_mechanical_B_sample_v3_6_cal_v1_edb1d8b5_1_ds_dxf_p
 .text          0x00000000080566ef      0x95c Punch_mechanical_B_sample_v3_6_cal_v1_rtwlib.lib(Punch_mechanical_B_sample_v3_6_cal_v1_edb1d8b5_1_ds_dxm_p.lo86)
                0x00000000080566ef                Punch_mechanical_B_sample_v3_6_cal_v1_edb1d8b5_1_ds_dxm_p
 .text          0x000000000805704b      0x95c Punch_mechanical_B_sample_v3_6_cal_v1_rtwlib.lib(Punch_mechanical_B_sample_v3_6_cal_v1_edb1d8b5_1_ds_dxdelt_p.lo86)
                0x000000000805704b                Punch_mechanical_B_sample_v3_6_cal_v1_edb1d8b5_1_ds_dxdelt_p
 .text          0x00000000080579a7     0x4bbd Punch_mechanical_B_sample_v3_6_cal_v1_rtwlib.lib(Punch_mechanical_B_sample_v3_6_cal_v1_edb1d8b5_1_ds_f.lo86)
                0x00000000080579a7                Punch_mechanical_B_sample_v3_6_cal_v1_edb1d8b5_1_ds_f
 .text          0x000000000805c564     0x4274 Punch_mechanical_B_sample_v3_6_cal_v1_rtwlib.lib(Punch_mechanical_B_sample_v3_6_cal_v1_edb1d8b5_1_ds_update_i.lo86)
                0x000000000805c564                Punch_mechanical_B_sample_v3_6_cal_v1_edb1d8b5_1_ds_update_i
 .text          0x00000000080607d8     0x1d44 Punch_mechanical_B_sample_v3_6_cal_v1_rtwlib.lib(Punch_mechanical_B_sample_v3_6_cal_v1_edb1d8b5_1_ds_qx_p.lo86)
                0x00000000080607d8                Punch_mechanical_B_sample_v3_6_cal_v1_edb1d8b5_1_ds_qx_p
 .text          0x000000000806251c     0x5cec Punch_mechanical_B_sample_v3_6_cal_v1_rtwlib.lib(Punch_mechanical_B_sample_v3_6_cal_v1_edb1d8b5_1_ds_dxf.lo86)
                0x000000000806251c                Punch_mechanical_B_sample_v3_6_cal_v1_edb1d8b5_1_ds_dxf
 .text          0x0000000008068208      0x14e Punch_mechanical_B_sample_v3_6_cal_v1_rtwlib.lib(Punch_mechanical_B_sample_v3_6_cal_v1_edb1d8b5_1_ds_duf.lo86)
                0x0000000008068208                Punch_mechanical_B_sample_v3_6_cal_v1_edb1d8b5_1_ds_duf
 .text          0x0000000008068356     0x47bf Punch_mechanical_B_sample_v3_6_cal_v1_rtwlib.lib(Punch_mechanical_B_sample_v3_6_cal_v1_edb1d8b5_1_ds_obs_act.lo86)
                0x0000000008068356                Punch_mechanical_B_sample_v3_6_cal_v1_edb1d8b5_1_ds_obs_act
 .text          0x000000000806cb15      0xdb7 Punch_mechanical_B_sample_v3_6_cal_v1_rtwlib.lib(Punch_mechanical_B_sample_v3_6_cal_v1_edb1d8b5_1_ds_a.lo86)
                0x000000000806cb15                Punch_mechanical_B_sample_v3_6_cal_v1_edb1d8b5_1_ds_a
 .text          0x000000000806d8cc     0x218b Punch_mechanical_B_sample_v3_6_cal_v1_rtwlib.lib(Punch_mechanical_B_sample_v3_6_cal_v1_edb1d8b5_1_ds_obs_exp.lo86)
                0x000000000806d8cc                Punch_mechanical_B_sample_v3_6_cal_v1_edb1d8b5_1_ds_obs_exp
 .text          0x000000000806fa57     0x172c Punch_mechanical_B_sample_v3_6_cal_v1_rtwlib.lib(Punch_mechanical_B_sample_v3_6_cal_v1_edb1d8b5_1_ds_a_p.lo86)
                0x000000000806fa57                Punch_mechanical_B_sample_v3_6_cal_v1_edb1d8b5_1_ds_a_p
 .text          0x0000000008071183     0x20d2 Punch_mechanical_B_sample_v3_6_cal_v1_rtwlib.lib(Punch_mechanical_B_sample_v3_6_cal_v1_edb1d8b5_1_ds_tdxf_p.lo86)
                0x0000000008071183                Punch_mechanical_B_sample_v3_6_cal_v1_edb1d8b5_1_ds_tdxf_p
 .text          0x0000000008073255     0x1622 Punch_mechanical_B_sample_v3_6_cal_v1_rtwlib.lib(Punch_mechanical_B_sample_v3_6_cal_v1_edb1d8b5_1_ds_qx.lo86)
                0x0000000008073255                Punch_mechanical_B_sample_v3_6_cal_v1_edb1d8b5_1_ds_qx
 .text          0x0000000008074877      0x54d Punch_mechanical_B_sample_v3_6_cal_v1_rtwlib.lib(Punch_mechanical_B_sample_v3_6_cal_v1_edb1d8b5_1_ds_vmf.lo86)
                0x0000000008074877                Punch_mechanical_B_sample_v3_6_cal_v1_edb1d8b5_1_ds_vmf
 .text          0x0000000008074dc4      0x54d Punch_mechanical_B_sample_v3_6_cal_v1_rtwlib.lib(Punch_mechanical_B_sample_v3_6_cal_v1_edb1d8b5_1_ds_slf.lo86)
                0x0000000008074dc4                Punch_mechanical_B_sample_v3_6_cal_v1_edb1d8b5_1_ds_slf
 .text          0x0000000008075311      0x863 Punch_mechanical_B_sample_v3_6_cal_v1_rtwlib.lib(Punch_mechanical_B_sample_v3_6_cal_v1_edb1d8b5_1_ds_ic.lo86)
                0x0000000008075311                Punch_mechanical_B_sample_v3_6_cal_v1_edb1d8b5_1_ds_ic
 .text          0x0000000008075b74      0x95c Punch_mechanical_B_sample_v3_6_cal_v1_rtwlib.lib(Punch_mechanical_B_sample_v3_6_cal_v1_edb1d8b5_1_ds_dxicr_p.lo86)
                0x0000000008075b74                Punch_mechanical_B_sample_v3_6_cal_v1_edb1d8b5_1_ds_dxicr_p
 .text          0x00000000080764d0     0x47a4 Punch_mechanical_B_sample_v3_6_cal_v1_rtwlib.lib(Punch_mechanical_B_sample_v3_6_cal_v1_edb1d8b5_1_ds_log.lo86)
                0x00000000080764d0                Punch_mechanical_B_sample_v3_6_cal_v1_edb1d8b5_1_ds_log
 .text          0x000000000807ac74      0x37c Punch_mechanical_B_sample_v3_6_cal_v1_rtwlib.lib(Punch_mechanical_B_sample_v3_6_cal_v1_edb1d8b5_1_ds_m.lo86)
                0x000000000807ac74                Punch_mechanical_B_sample_v3_6_cal_v1_edb1d8b5_1_ds_m
 .text          0x000000000807aff0      0xc78 Punch_mechanical_B_sample_v3_6_cal_v1_rtwlib.lib(Punch_mechanical_B_sample_v3_6_cal_v1_edb1d8b5_1_ds_m_p.lo86)
                0x000000000807aff0                Punch_mechanical_B_sample_v3_6_cal_v1_edb1d8b5_1_ds_m_p
 .text          0x000000000807bc68      0x170 Punch_mechanical_B_sample_v3_6_cal_v1_rtwlib.lib(Punch_mechanical_B_sample_v3_6_cal_v1_edb1d8b5_1_ds_vmm.lo86)
                0x000000000807bc68                Punch_mechanical_B_sample_v3_6_cal_v1_edb1d8b5_1_ds_vmm
 .text          0x000000000807bdd8     0x341c Punch_mechanical_B_sample_v3_6_cal_v1_rtwlib.lib(Punch_mechanical_B_sample_v3_6_cal_v1_edb1d8b5_1_ds_mode.lo86)
                0x000000000807bdd8                Punch_mechanical_B_sample_v3_6_cal_v1_edb1d8b5_1_ds_mode
 .text          0x000000000807f1f4     0x51fb Punch_mechanical_B_sample_v3_6_cal_v1_rtwlib.lib(Punch_mechanical_B_sample_v3_6_cal_v1_edb1d8b5_1_ds_obs_all.lo86)
                0x000000000807f1f4                Punch_mechanical_B_sample_v3_6_cal_v1_edb1d8b5_1_ds_obs_all
 .text          0x00000000080843ef      0x322 Punch_mechanical_B_sample_v3_6_cal_v1_rtwlib.lib(Punch_mechanical_B_sample_v3_6_cal_v1_edb1d8b5_1_ds_q1_p.lo86)
                0x00000000080843ef                Punch_mechanical_B_sample_v3_6_cal_v1_edb1d8b5_1_ds_q1_p
 .text          0x0000000008084711      0x79c Punch_mechanical_B_sample_v3_6_cal_v1_rtwlib.lib(Punch_mechanical_B_sample_v3_6_cal_v1_edb1d8b5_1_ds_var_tol.lo86)
                0x0000000008084711                Punch_mechanical_B_sample_v3_6_cal_v1_edb1d8b5_1_ds_var_tol
 .text          0x0000000008084ead      0x79c Punch_mechanical_B_sample_v3_6_cal_v1_rtwlib.lib(Punch_mechanical_B_sample_v3_6_cal_v1_edb1d8b5_1_ds_eq_tol.lo86)
                0x0000000008084ead                Punch_mechanical_B_sample_v3_6_cal_v1_edb1d8b5_1_ds_eq_tol
 .text          0x0000000008085649      0x54d Punch_mechanical_B_sample_v3_6_cal_v1_rtwlib.lib(Punch_mechanical_B_sample_v3_6_cal_v1_edb1d8b5_1_ds_lv.lo86)
                0x0000000008085649                Punch_mechanical_B_sample_v3_6_cal_v1_edb1d8b5_1_ds_lv
 .text          0x0000000008085b96      0x54d Punch_mechanical_B_sample_v3_6_cal_v1_rtwlib.lib(Punch_mechanical_B_sample_v3_6_cal_v1_edb1d8b5_1_ds_slv.lo86)
                0x0000000008085b96                Punch_mechanical_B_sample_v3_6_cal_v1_edb1d8b5_1_ds_slv
 .text          0x00000000080860e3      0x807 Punch_mechanical_B_sample_v3_6_cal_v1_rtwlib.lib(Punch_mechanical_B_sample_v3_6_cal_v1_edb1d8b5_1_ds_y.lo86)
                0x00000000080860e3                Punch_mechanical_B_sample_v3_6_cal_v1_edb1d8b5_1_ds_y
 .text          0x00000000080868ea      0x2d4 Punch_mechanical_B_sample_v3_6_cal_v1_rtwlib.lib(Punch_mechanical_B_sample_v3_6_cal_v1_edb1d8b5_1_ds_dxy.lo86)
                0x00000000080868ea                Punch_mechanical_B_sample_v3_6_cal_v1_edb1d8b5_1_ds_dxy
 .text          0x0000000008086bbe      0xc32 Punch_mechanical_B_sample_v3_6_cal_v1_rtwlib.lib(Punch_mechanical_B_sample_v3_6_cal_v1_edb1d8b5_1_ds_dxy_p.lo86)
                0x0000000008086bbe                Punch_mechanical_B_sample_v3_6_cal_v1_edb1d8b5_1_ds_dxy_p
 .text          0x00000000080877f0      0x95c Punch_mechanical_B_sample_v3_6_cal_v1_rtwlib.lib(Punch_mechanical_B_sample_v3_6_cal_v1_edb1d8b5_1_ds_mdxy_p.lo86)
                0x00000000080877f0                Punch_mechanical_B_sample_v3_6_cal_v1_edb1d8b5_1_ds_mdxy_p
 .text          0x000000000808814c      0xc32 Punch_mechanical_B_sample_v3_6_cal_v1_rtwlib.lib(Punch_mechanical_B_sample_v3_6_cal_v1_edb1d8b5_1_ds_tdxy_p.lo86)
                0x000000000808814c                Punch_mechanical_B_sample_v3_6_cal_v1_edb1d8b5_1_ds_tdxy_p
 .text          0x0000000008088d7e     0x41bb Punch_mechanical_B_sample_v3_6_cal_v1_rtwlib.lib(Punch_mechanical_B_sample_v3_6_cal_v1_edb1d8b5_1_ds_zc.lo86)
                0x0000000008088d7e                Punch_mechanical_B_sample_v3_6_cal_v1_edb1d8b5_1_ds_zc
 .text          0x000000000808cf39       0xc9 rtwshared.lib(look1_pbinlcapw.lo86)
                0x000000000808cf39                look1_pbinlcapw
 .text          0x000000000808d002      0x196 rtwshared.lib(look2_pbinlcapw.lo86)
                0x000000000808d002                look2_pbinlcapw
 .text          0x000000000808d198      0x153 rtwshared.lib(rt_backsubrr_dbl.lo86)
                0x000000000808d198                rt_BackwardSubstitutionRR_Dbl
 .text          0x000000000808d2eb      0x143 rtwshared.lib(rt_forwardsubrr_dbl.lo86)
                0x000000000808d2eb                rt_ForwardSubstitutionRR_Dbl
 .text          0x000000000808d42e      0x20d rtwshared.lib(rt_lu_real.lo86)
                0x000000000808d42e                rt_lu_real
 .text          0x000000000808d63b       0xb9 rtwshared.lib(rt_nonfinite.lo86)
                0x000000000808d63b                rt_InitInfAndNaN
                0x000000000808d6a8                rtIsInf
                0x000000000808d6c9                rtIsInfF
                0x000000000808d6e8                rtIsNaN
                0x000000000808d6ee                rtIsNaNF
 .text          0x000000000808d6f4       0x1c rtwshared.lib(rtGetInf.lo86)
                0x000000000808d6f4                rtGetInf
                0x000000000808d6fb                rtGetInfF
                0x000000000808d702                rtGetMinusInf
                0x000000000808d709                rtGetMinusInfF
 .text          0x000000000808d710        0xe rtwshared.lib(rtGetNaN.lo86)
                0x000000000808d710                rtGetNaN
                0x000000000808d717                rtGetNaNF
 .text          0x000000000808d71e       0x25 ssc_sli_r2017b_dsx86_32_2.a(ssc_sli_0bd269e6.lo86)
                0x000000000808d71e                nesl_get_registry
 .text          0x000000000808d743      0x412 ssc_sli_r2017b_dsx86_32_2.a(ssc_sli_5a0cb974.lo86)
                0x000000000808daeb                ssc_sli_2ICKAUc2rtXm87BR1bAFp_
 .text          0x000000000808db55      0x26f ssc_sli_r2017b_dsx86_32_2.a(ssc_sli_c7dda239.lo86)
                0x000000000808db55                ssc_sli_4pohl6e0FbXT6mM5_ujhR_
                0x000000000808db62                ssc_sli_kb6QKbQTGQuW1rGAPnOSc1
                0x000000000808db73                ssc_sli_q4ZL4wosX8E8rxBxqVhOS2
                0x000000000808dc1f                ssc_sli_Yyyyv_FVc98oseOb4QC5s_
                0x000000000808dcb7                ssc_sli_DPTDo5lZ_ZdickCe_KKtq1
                0x000000000808dcfe                ssc_sli_fiJi3uM7OyMaTB_wGR7742
 .text          0x000000000808ddc4       0x97 ssc_sli_r2017b_dsx86_32_2.a(ssc_sli_fbdf29da.lo86)
                0x000000000808ddc4                nesl_register_simulator_group
 .text          0x000000000808de5b      0x6d4 ssc_sli_r2017b_dsx86_32_2.a(ssc_sli_fa0ce53e.lo86)
                0x000000000808e093                ssc_sli_Rurh8U_aGE7kCb83oxHdd_
 .text          0x000000000808e52f       0x36 ssc_sli_r2017b_dsx86_32_2.a(ssc_sli_550a4805.lo86)
                0x000000000808e52f                ssc_sli_sq4UViwbqBlOn8H31Xq1L2
                0x000000000808e53e                ssc_sli_gFKP6pUbMSJAvH4pOgOLr0
 .text          0x000000000808e565     0x23c2 ssc_sli_r2017b_dsx86_32_2.a(ssc_sli_89d0f30a.lo86)
                0x000000000808fe50                ssc_sli__3HpsuD4tEkysyRqYOVuN2
 .text          0x0000000008090927      0x17c ssc_sli_r2017b_dsx86_32_2.a(ssc_sli_9c030181.lo86)
                0x000000000809099f                ssc_sli_E8RSLrfHgkqgx4wfXO6642
 .text          0x0000000008090aa3       0x48 ssc_sli_r2017b_dsx86_32_2.a(ssc_sli_dcd66f69.lo86)
                0x0000000008090aa3                ssc_sli_uVz2_8dEWPK_VhOuU1W_61
 .text          0x0000000008090aeb      0x571 ssc_sli_r2017b_dsx86_32_2.a(ssc_sli_eb0a5702.lo86)
                0x0000000008090b1d                ssc_sli_sHgG6i7aCvAP6u9uurhOT2
                0x0000000008090fea                ssc_sli_buT8J3b8CZdWR5__10pAc0
 .text          0x000000000809105c      0x170 ssc_sli_r2017b_dsx86_32_2.a(ssc_sli_0763c151.lo86)
                0x0000000008091157                ssc_sli_V7p69pHXW4rgivU3cJW5B2
 .text          0x00000000080911cc      0x2ae ssc_sli_r2017b_dsx86_32_2.a(ssc_sli_360cfd63.lo86)
                0x00000000080913fa                ssc_sli_c8_UTMsLTHfyr5CjubrN51
 .text          0x000000000809147a       0x95 ssc_sli_r2017b_dsx86_32_2.a(ssc_sli_43618287.lo86)
                0x00000000080914d2                ssc_sli_EB3M9tXZx509ANBJLEnDY0
 .text          0x000000000809150f      0x585 ssc_sli_r2017b_dsx86_32_2.a(ssc_sli_466b08dd.lo86)
                0x0000000008091813                ssc_sli_pFxqqiId48ny9EvEamQrt1
 .text          0x0000000008091a94      0xa91 ssc_sli_r2017b_dsx86_32_2.a(ssc_sli_4e028390.lo86)
                0x0000000008092028                ssc_sli_t1mz1m4tkH_gEly9HfvtD_
 .text          0x0000000008092525      0x6e3 ssc_sli_r2017b_dsx86_32_2.a(ssc_sli_51dbd3b5.lo86)
                0x0000000008092bb0                ssc_sli_2x_QtpMTlSMJAjr57lVrn1
                0x0000000008092bdb                ssc_sli_ye694KsHY_9o40PF9hQgK1
 .text          0x0000000008092c08        0x0 ssc_sli_r2017b_dsx86_32_2.a(ssc_sli_62d81790.lo86)
 .text          0x0000000008092c08      0x222 ssc_sli_r2017b_dsx86_32_2.a(ssc_sli_77063d8b.lo86)
                0x0000000008092ca7                ssc_sli_C6J30L4RPDHSYMVHsit8f2
 .text          0x0000000008092e2a      0x1d2 ssc_sli_r2017b_dsx86_32_2.a(ssc_sli_7a618260.lo86)
                0x0000000008092f78                ssc_sli_oOi2yMLNCrDwFx73MCtXx0
 .text          0x0000000008092ffc      0x4c4 ssc_sli_r2017b_dsx86_32_2.a(ssc_sli_7f630b0f.lo86)
                0x000000000809320b                ssc_sli_jJ8u_rhn_sDwC_Zjeutny_
 .text          0x00000000080934c0      0x312 ssc_sli_r2017b_dsx86_32_2.a(ssc_sli_8a64c4e2.lo86)
                0x00000000080936ff                ssc_sli_gSpjnXrXH0lEZ69cTLftW_
 .text          0x00000000080937d2      0x22f ssc_core_r2017b_dsx86_32_2.a(ssc_core_05058dd9.lo86)
                0x00000000080937d2                ne_dae_create
 .text          0x0000000008093a01       0x8a ssc_core_r2017b_dsx86_32_2.a(ssc_core_1c6b0332.lo86)
                0x0000000008093a01                ssc_core_dRWp9JbibX_UMin4k570c2
                0x0000000008093a10                ssc_core_LhAARrcW_BZ5uJQX4PVan0
                0x0000000008093a37                ssc_core_yVTkMg4qQje1n6xjR3qhB1
                0x0000000008093a63                ssc_core_LVQvYF25W9LKQ2akKjewr2
 .text          0x0000000008093a8b      0x224 ssc_core_r2017b_dsx86_32_2.a(ssc_core_2568b075.lo86)
                0x0000000008093c72                neu_create_diagnostic_tree_printer
 .text          0x0000000008093caf      0x1a7 ssc_core_r2017b_dsx86_32_2.a(ssc_core_360a4baf.lo86)
                0x0000000008093d4b                ssc_core__PyfTe0_4mfaADZpzds3p_
 .text          0x0000000008093e56       0x40 ssc_core_r2017b_dsx86_32_2.a(ssc_core_4965213d.lo86)
                0x0000000008093e56                ssc_core_uGpjxUnuZoGTn3A2UEAnr1
                0x0000000008093e5e                ssc_core_BmcZfnah8TT3gDeIhSzt8_
                0x0000000008093e66                ssc_core_YEzfn1J8w7BuxrSNeK2Ps2
                0x0000000008093e6e                ssc_core_YY9DJzPlh7Ys_RY9yOhZP1
                0x0000000008093e80                ssc_core_TqsXlXk3ucCm_drC9Du9l2
 .text          0x0000000008093e96     0x4671 ssc_core_r2017b_dsx86_32_2.a(ssc_core_67d1f118.lo86)
                0x0000000008097134                ssc_core_eXAQ36tHqky1NKtnqYAID0
                0x000000000809737e                ssc_core_2ck4gAPWwcjZmJeLgOk742
 .text          0x0000000008098507      0x142 ssc_core_r2017b_dsx86_32_2.a(ssc_core_6b6b89d2.lo86)
                0x0000000008098507                ssc_core_TliJB7XydE72SBNNVAEtu1
 .text          0x0000000008098649       0xe1 ssc_core_r2017b_dsx86_32_2.a(ssc_core_6dd833f3.lo86)
                0x0000000008098649                ssc_core_elG0Z6m31zdm6FxOcNTzA2
 .text          0x000000000809872a      0x57b ssc_core_r2017b_dsx86_32_2.a(ssc_core_8569edc5.lo86)
                0x0000000008098a84                ssc_core_5C0xhLOoRC3fJgi4RTlPT0
 .text          0x0000000008098ca5      0xb2a ssc_core_r2017b_dsx86_32_2.a(ssc_core_8a6471dc.lo86)
                0x00000000080992c4                ssc_core_J3Ao_kQl749J_gAaotgXj1
                0x0000000008099612                ssc_core_XL1l34fMXFir6F19y1M0I2
 .text          0x00000000080997cf      0x628 ssc_core_r2017b_dsx86_32_2.a(ssc_core_97d767fe.lo86)
                0x0000000008099bf0                neu_create_diagnostic_manager
                0x0000000008099ccf                ssc_core_ngsKQfybc3dXXgWu3kMDK_
                0x0000000008099cf7                ssc_core_IKSN8QHwicUJYTLVFP7Ia0
                0x0000000008099d1f                ssc_core_7iomSuWDwroANLyLpFWrN_
                0x0000000008099d49                ssc_core_D4HdOXDY4msISsxzAoWjV_
                0x0000000008099dd0                ssc_core_1C51fYR3zpbOEkQ1RRAIQ0
 .text          0x0000000008099df7       0x96 ssc_core_r2017b_dsx86_32_2.a(ssc_core_a4d4c45e.lo86)
                0x0000000008099df7                ssc_core_cFMkGB7h_L63UXdmos2Ip2
 .text          0x0000000008099e8d     0x1d3c ssc_core_r2017b_dsx86_32_2.a(ssc_core_abd5e7b4.lo86)
                0x000000000809adf3                ssc_core_UwsNphqb6KAoBdO6EsIW22
                0x000000000809ae3a                ssc_core_lC87bxvqqA2YcLjum2V6F0
 .text          0x000000000809bbc9      0x3e4 ssc_core_r2017b_dsx86_32_2.a(ssc_core_acb64294.lo86)
                0x000000000809bc94                ssc_core_Rw3BkFzG8gnY9kEHCmowX0
 .text          0x000000000809bfad      0x50a ssc_core_r2017b_dsx86_32_2.a(ssc_core_acb6462e.lo86)
                0x000000000809c232                ssc_core_rQuTqmilQ6n8XJr5DJcYk_
 .text          0x000000000809c4b7       0x99 ssc_core_r2017b_dsx86_32_2.a(ssc_core_b1038cbb.lo86)
                0x000000000809c4b7                ssc_core_TPvw9_TNPmPodt127xmJ4_
                0x000000000809c4f6                ssc_core_iIxgs0hqqLm0qm_pJCX6y1
                0x000000000809c54a                ssc_core_Ck0wX_rJ_iktUtP5JT98A2
 .text          0x000000000809c550      0x1d0 ssc_core_r2017b_dsx86_32_2.a(ssc_core_b10e34f4.lo86)
                0x000000000809c550                ssc_core_upzasIKI73T5H12GhcJKO_
                0x000000000809c5c4                ssc_core_Bf6HdQWxCVqHVEtYe__F2_
                0x000000000809c638                ssc_core_MzhO1QYLYIub_iE0Lh69Y_
                0x000000000809c6ac                ssc_core_kSO9pLYpaKWggY19SNw322
 .text          0x000000000809c720     0x3514 ssc_core_r2017b_dsx86_32_2.a(ssc_core_b2b3b239.lo86)
                0x000000000809d6d7                ssc_core_qQM68xQyJ_RcWKVcqW9sD_
                0x000000000809d917                ssc_core_vSY5w86KE4mlbRi2_97sE0
                0x000000000809e871                ssc_core_dbrEvcqKNUSn1WX_d_SnU_
 .text          0x000000000809fc34       0x7f ssc_core_r2017b_dsx86_32_2.a(ssc_core_b402b40d.lo86)
                0x000000000809fc34                ssc_core_gk2YzOMNaO1L10iL2MTWo_
 .text          0x000000000809fcb3      0x1e9 ssc_core_r2017b_dsx86_32_2.a(ssc_core_bb0b2992.lo86)
                0x000000000809fcb3                ssc_core_adZYJyhnmlQ1TPOWbUmYi0
                0x000000000809fcba                ssc_core_LoQn0uLUE6zUi3fsB1sK30
                0x000000000809fcc2                ssc_core_i7iQCl1Adxj10R2tia2wP1
                0x000000000809fcdc                ssc_core__6H0tw9QLljpzOsy0qpQr1
                0x000000000809fd21                ssc_core_gVy5pHnfANfvKZbIAsefs0
 .text          0x000000000809fe9c      0x19d ssc_core_r2017b_dsx86_32_2.a(ssc_core_c3003040.lo86)
                0x000000000809fefb                ssc_core_wglk5bklrG2pvHB9b5jui0
                0x000000000809ff7e                ssc_core_nahQuflEVft3jG6R2nPsv_
 .text          0x00000000080a0039       0xa9 ssc_core_r2017b_dsx86_32_2.a(ssc_core_c5b63cb2.lo86)
                0x00000000080a0039                ssc_core_umtzGYFtjuHkNtzcoD4qX0
                0x00000000080a004d                ssc_core_BBCtUOPmIaGxuGJNUc5N92
                0x00000000080a0095                ssc_core_NOTmCu_46oVHaFNXLGESF2
                0x00000000080a00a5                ssc_core_RRA1wZLLXZ5Tlm7pg0CL8_
 .text          0x00000000080a00e2      0x669 ssc_core_r2017b_dsx86_32_2.a(ssc_core_c607b660.lo86)
                0x00000000080a02ef                ssc_core_sm_3M_JEK3Vj6_N2PRYR5_
                0x00000000080a036a                ssc_core_KdXO1aybH6t3ec3pG457O_
                0x00000000080a0499                ssc_core_GY1Hesggjx3z24Bz87NxC2
                0x00000000080a0528                ssc_core_EqCb_9yUbnbrwHTmcz3iQ2
 .text          0x00000000080a074b     0x247f ssc_core_r2017b_dsx86_32_2.a(ssc_core_c8d83e88.lo86)
                0x00000000080a0cb7                ssc_core_N16yo9abWY8Biio_75C4b1
                0x00000000080a0cbd                ssc_core_gEyIAehr6EsMWfY_86nbm_
                0x00000000080a0cc4                ssc_core_c4zEEmuEIkxdRfOE9BhGM_
                0x00000000080a0cca                ssc_core_V25ZP4KBzUrJbGUYJh8TR2
                0x00000000080a0cd0                ssc_core_vtfq1J_fVp_C9s5bGi7DA1
                0x00000000080a0d8c                ssc_core_1xnGGKUdA8Okl5fpmfQ6w_
                0x00000000080a14e0                ssc_core_XQgVrVu3DeLNYl_qSutzw2
                0x00000000080a155e                ssc_core_cy6PYRv6Fhv2Wac2sLnIv2
                0x00000000080a1f50                ssc_core_Fr35HkcazkW8nT0Zob5QG0
                0x00000000080a1f6c                ssc_core_ljAJtXQnFmFKn9DvR2luT2
                0x00000000080a1f88                ssc_core_YzZWWS5tWVx8pxMll02Zp0
                0x00000000080a1fa4                ssc_core_z5_M_MI_Ay9YiX9B8rs56_
 .text          0x00000000080a2bca       0xbf ssc_core_r2017b_dsx86_32_2.a(ssc_core_cab615c8.lo86)
                0x00000000080a2bca                ssc_core_TFLMyp9S46TGiMjNWQngU_
 .text          0x00000000080a2c89      0x1b1 ssc_core_r2017b_dsx86_32_2.a(ssc_core_cabdc251.lo86)
                0x00000000080a2d7d                ssc_core_aSSVcmMMljSzLU_YlJkGl1
 .text          0x00000000080a2e3a      0x376 ssc_core_r2017b_dsx86_32_2.a(ssc_core_cc067f58.lo86)
                0x00000000080a2e3a                ssc_core_eQQZn0mK4z_YcF5hR7yJk2
                0x00000000080a2e7f                ssc_core__gIXCdq5UKaugd526_pk6_
                0x00000000080a2ecc                ssc_core_Uc_Q9LupTJHDYS4lx0BDn1
                0x00000000080a2f02                ssc_core_8psaRrpCCOn6HriRMVxgC2
                0x00000000080a2f3c                ssc_core_v0faJq3LrwKiwnBxqq2iq0
                0x00000000080a2f93                ssc_core_KFBiw10ACp_Ew_Z1qNSHa1
                0x00000000080a2ffb                ssc_core_f5MHumOCch0tCq79cG1VH0
                0x00000000080a30c8                ssc_core_Z3mz9xG04iN_4XIJorDOA_
                0x00000000080a3116                ssc_core_0QeH76q46BQvLprm_Tlld_
                0x00000000080a3164                ssc_core_fCsjJ_IGaPmqFgfw11ykx2
 .text          0x00000000080a31b0       0xa8 ssc_core_r2017b_dsx86_32_2.a(ssc_core_d06d763c.lo86)
                0x00000000080a31b0                ssc_core_biIXXeRoHRpAgC9_WCCbS2
 .text          0x00000000080a3258      0x2f1 ssc_core_r2017b_dsx86_32_2.a(ssc_core_d3d34d7c.lo86)
                0x00000000080a3506                ssc_core_Q8zN4VSHEAuFGp3fK_2A02
                0x00000000080a3529                ssc_core_h3nMF5ioSGva4wRX7_cqk_
 .text          0x00000000080a3549      0x162 ssc_core_r2017b_dsx86_32_2.a(ssc_core_d807fa59.lo86)
                0x00000000080a35fe                ssc_core_4SD6l8P8QouU0LAfzJ7VA_
 .text          0x00000000080a36ab      0x5b8 ssc_core_r2017b_dsx86_32_2.a(ssc_core_d9d13dac.lo86)
                0x00000000080a3aef                ssc_core_cQ8TKXZ5_7JiUDwtUDzmq0
 .text          0x00000000080a3c63      0x4e9 ssc_core_r2017b_dsx86_32_2.a(ssc_core_deb7fd8d.lo86)
                0x00000000080a3cbb                ssc_core_SY5iq88lE_ZpbWdK29FMr2
                0x00000000080a3e7c                ssc_core_HXOOLijT3btWX73yDmy4C0
                0x00000000080a3ec8                ssc_core_jrP2XJJ6jaHt_vYbyMjUr0
 .text          0x00000000080a414c      0x642 ssc_core_r2017b_dsx86_32_2.a(ssc_core_e0d0866d.lo86)
                0x00000000080a425a                ssc_core_G4vlAAXeG84zHWDRpyPp_2
                0x00000000080a4328                ssc_core_cJSI_5dkPgnGMqGb6z87a0
                0x00000000080a46c9                ssc_core_EJJnO9nC1on7tSybeFclI0
                0x00000000080a474f                ssc_core_h0V_61vV8dBbOBJrH6nFe1
 .text          0x00000000080a478e      0x180 ssc_core_r2017b_dsx86_32_2.a(ssc_core_e2b61d72.lo86)
                0x00000000080a478e                ssc_core_XHMFCG29I7WpkhrSZPbru_
                0x00000000080a480c                ssc_core_UZFFgfCEhNw6X7zG55m2G0
                0x00000000080a4846                ssc_core_btkFlX3M7ra4wAM8jMp4P0
                0x00000000080a4890                ssc_core_c9LjIn6cucAugpiTuQIA7_
                0x00000000080a48c2                ssc_core_2jsvF43lgBo1VuHGwMtml0
 .text          0x00000000080a490e        0x0 ssc_core_r2017b_dsx86_32_2.a(ssc_core_e400c1c2.lo86)
 .text          0x00000000080a490e        0x0 ssc_core_r2017b_dsx86_32_2.a(ssc_core_ee000fbe.lo86)
 .text          0x00000000080a490e     0x1f31 ssc_core_r2017b_dsx86_32_2.a(ssc_core_ee01086d.lo86)
                0x00000000080a4aa5                ssc_core_6AM9yuJG69_vY7HJ4nHiq2
                0x00000000080a608a                ssc_core_ARW3tZa9qG4qBAJmW7_6O2
 .text          0x00000000080a683f      0x391 ssc_core_r2017b_dsx86_32_2.a(ssc_core_ee0f0141.lo86)
                0x00000000080a6911                ssc_core_ZwHAm_2NMKU_gz_gq26x9_
                0x00000000080a6966                ssc_core_gvKJ_W0W1PnZIi_aCZvZT1
                0x00000000080a69b7                ssc_core_CLxt84L2za1h7gT9YaGTg_
                0x00000000080a69f9                ssc_core_ycXveUjkzrD7Kv03WTD3w_
                0x00000000080a6a98                ssc_core_I_20CA0ycVr6HlLYHEI1f2
                0x00000000080a6b37                ssc_core__1o3AtLL_X0mbhwEfCQLs2
                0x00000000080a6b88                ssc_core_r9YDnT7vZB3uR5K1liVVB1
                0x00000000080a6bab                ssc_core_6GsKYZLmXL6fHT5iWWFd9_
 .text          0x00000000080a6bd0      0xde3 ssc_core_r2017b_dsx86_32_2.a(ssc_core_f9b6dbed.lo86)
                0x00000000080a78c0                ssc_core_XJ98Rdp7LAWduCaQ2G0kM_
 .text          0x00000000080a79b3      0x4fb ssc_core_r2017b_dsx86_32_2.a(ssc_core_fa09e9e6.lo86)
                0x00000000080a7d10                ssc_core_TZx5kGCYj_WuTkCj8X1uF_
 .text          0x00000000080a7eae      0x33c ssc_core_r2017b_dsx86_32_2.a(ssc_core_fbd34e62.lo86)
                0x00000000080a7eae                ssc_core_fwQZmJzPHBi_PGsHDk3fx0
                0x00000000080a7f2c                ssc_core_llS5Vqs90UNHMz4VuNZRx2
                0x00000000080a7f94                ssc_core_MvzPpKhPmzGeGp9HvmxhL2
                0x00000000080a7f9c                ssc_core_zDagGGu9id7ephBmtA23t2
                0x00000000080a7fa4                ssc_core_OLdTMNH34fSEV35KqfpoY_
                0x00000000080a801a                ssc_core_3eilWz9sAQaBWBd52c_oS_
 .text          0x00000000080a81ea       0x7e ssc_core_r2017b_dsx86_32_2.a(ssc_core_ff06d9a4.lo86)
                0x00000000080a81ea                ssc_core_Kl6RwWmygRWr5BUjV6IGx_
                0x00000000080a822a                ssc_core_mkjpR0vQmcrhrlni2eedU2
 .text          0x00000000080a8268      0x102 ssc_core_r2017b_dsx86_32_2.a(ssc_core_01dcc633.lo86)
                0x00000000080a831f                ssc_core_ygIXPaw9WDUPsc2lj0Yoh0
 .text          0x00000000080a836a      0xbdd ssc_core_r2017b_dsx86_32_2.a(ssc_core_06ba68a6.lo86)
                0x00000000080a8e0a                ssc_core_MduakhLy6AP85_FyUVoJX2
 .text          0x00000000080a8f47     0x1a58 ssc_core_r2017b_dsx86_32_2.a(ssc_core_0f019bd9.lo86)
                0x00000000080a9de2                ssc_core_MK_VphneVajX_SldLmEQq0
 .text          0x00000000080aa99f       0x76 ssc_core_r2017b_dsx86_32_2.a(ssc_core_0f0420a6.lo86)
                0x00000000080aa9d8                ssc_core_4j__kh8z8I8ltQ6wGYrps0
 .text          0x00000000080aaa15      0x177 ssc_core_r2017b_dsx86_32_2.a(ssc_core_1b0cafd5.lo86)
                0x00000000080aab1b                ssc_core_JslMZiKqcnP95ggOb5exk_
 .text          0x00000000080aab8c      0x14f ssc_core_r2017b_dsx86_32_2.a(ssc_core_3169e4b7.lo86)
                0x00000000080aac76                ssc_core_dhrA8zmAPxlQneG4eVGDJ2
 .text          0x00000000080aacdb      0x50b ssc_core_r2017b_dsx86_32_2.a(ssc_core_37d4ea84.lo86)
                0x00000000080aaec1                ssc_core_b0_xSyIJLUuOxv2Y8lAda2
 .text          0x00000000080ab1e6      0x4c2 ssc_core_r2017b_dsx86_32_2.a(ssc_core_40dfdbdc.lo86)
                0x00000000080ab49e                ssc_core_j1O7IJIgs7AcYJ6LVs67f1
 .text          0x00000000080ab6a8       0x2a ssc_core_r2017b_dsx86_32_2.a(ssc_core_41017299.lo86)
                0x00000000080ab6a8                ssc_core_vSaQKcUZagg_AJCptR5FT0
 .text          0x00000000080ab6d2       0x7b ssc_core_r2017b_dsx86_32_2.a(ssc_core_4666b45b.lo86)
                0x00000000080ab710                ssc_core_QASum97EN_NK90eDhNPce2
 .text          0x00000000080ab74d      0x3f2 ssc_core_r2017b_dsx86_32_2.a(ssc_core_48b1386a.lo86)
                0x00000000080ab8e2                ssc_core_PTIgSdOWO79t38OEhoj3W0
                0x00000000080ab95e                ssc_core_8owQ6c6PoSFm1om138B9c2
                0x00000000080ab9da                ssc_core_ekcPneRciHO64IFPAbzzO2
                0x00000000080abab3                ssc_core_ZlXnDtW2Np748DkSv2msV_
 .text          0x00000000080abb3f      0x697 ssc_core_r2017b_dsx86_32_2.a(ssc_core_4ad9135b.lo86)
                0x00000000080abf00                ssc_core_JWxzH_YHSy8uo86Pw3QdG2
 .text          0x00000000080ac1d6       0x99 ssc_core_r2017b_dsx86_32_2.a(ssc_core_4db6bd68.lo86)
                0x00000000080ac22e                ssc_core_1izsJmzPgj3MH27vTH1dI0
 .text          0x00000000080ac26f      0x2a0 ssc_core_r2017b_dsx86_32_2.a(ssc_core_4db86fcc.lo86)
                0x00000000080ac426                ssc_core_eMT7Y6pGw19X0pZ8H2FnJ_
 .text          0x00000000080ac50f      0x5ca ssc_core_r2017b_dsx86_32_2.a(ssc_core_4e03e39d.lo86)
                0x00000000080ac9cd                ssc_core_uZUXTgv2iOFXdsIkhCCl71
 .text          0x00000000080acad9      0x32e ssc_core_r2017b_dsx86_32_2.a(ssc_core_54d55ae9.lo86)
                0x00000000080acc9a                ssc_core_7Z4mSc7C1zHVb1rnZadkB1
 .text          0x00000000080ace07      0x339 ssc_core_r2017b_dsx86_32_2.a(ssc_core_56b1a2bf.lo86)
                0x00000000080ace07                ssc_core_QZOt0DWUV_2evkoHyS77Q0
 .text          0x00000000080ad140      0x8db ssc_core_r2017b_dsx86_32_2.a(ssc_core_59b034b8.lo86)
                0x00000000080ad708                ssc_core_vDtkhv5OPK3G6obtMq0b4_
 .text          0x00000000080ada1b     0x2129 ssc_core_r2017b_dsx86_32_2.a(ssc_core_5d6ba758.lo86)
                0x00000000080ae9bc                ssc_core_ofFEKk7FVuRIzJM86WlQW0
                0x00000000080aea0f                ssc_core_A4cxMKUqzZnEkyTRrpIYy0
 .text          0x00000000080afb44      0x21f ssc_core_r2017b_dsx86_32_2.a(ssc_core_68da074b.lo86)
                0x00000000080afb44                ssc_core_t4R1bBstEd4CW_gAokYLf1
 .text          0x00000000080afd63      0x7d8 ssc_core_r2017b_dsx86_32_2.a(ssc_core_73d9c2b7.lo86)
                0x00000000080b019d                ssc_core_3s2N3qN8bFWNmjMUJ6y_g0
 .text          0x00000000080b053b      0x101 ssc_core_r2017b_dsx86_32_2.a(ssc_core_79dd08ab.lo86)
                0x00000000080b05e9                ssc_core_Lo4EESuguNsJuDmGHU97O1
 .text          0x00000000080b063c      0x674 ssc_core_r2017b_dsx86_32_2.a(ssc_core_7a613edb.lo86)
                0x00000000080b0a78                ssc_core_sKWsTuamPLkQUraSYYjOE_
 .text          0x00000000080b0cb0      0xe44 ssc_core_r2017b_dsx86_32_2.a(ssc_core_83db8762.lo86)
                0x00000000080b0cb0                ssc_core_cS_tsSPxRFnA51nNyNl7n0
                0x00000000080b14df                ssc_core_rc2_jKrQ5UbdY4md_8wRJ_
 .text          0x00000000080b1af4      0x846 ssc_core_r2017b_dsx86_32_2.a(ssc_core_856738f2.lo86)
                0x00000000080b1c89                ssc_core_cWqk_iwoDHWIrWXWSJQ4b_
                0x00000000080b2131                ssc_core_bX_IcBRA9CQZUddsJ8FM_0
                0x00000000080b217b                ssc_core_KLu_sZ9utjY7RTHXmh7ZH0
                0x00000000080b2190                ssc_core_20uoDTG3vXgVNBLRvaOjK2
 .text          0x00000000080b233a      0x351 ssc_core_r2017b_dsx86_32_2.a(ssc_core_8d0064b8.lo86)
                0x00000000080b24a3                ssc_core_2cGqYaxvHAPXxZ_Wgb6IU1
 .text          0x00000000080b268b      0x352 ssc_core_r2017b_dsx86_32_2.a(ssc_core_96061071.lo86)
                0x00000000080b2776                ssc_core_zQSfi0_ws5bNbEBAHyaPS1
 .text          0x00000000080b29dd       0x10 ssc_core_r2017b_dsx86_32_2.a(ssc_core_9c016445.lo86)
                0x00000000080b29dd                ssc_core_oxvHxb12AGWV7LUiBCr_42
                0x00000000080b29e3                ssc_core_95gp3t149sj5jDNU1IE6T2
 .text          0x00000000080b29ed      0x2ac ssc_core_r2017b_dsx86_32_2.a(ssc_core_9dd110ad.lo86)
                0x00000000080b2ac4                ssc_core_6qiax1ZuRLZo_dHHA3PrV2
 .text          0x00000000080b2c99     0x1412 ssc_core_r2017b_dsx86_32_2.a(ssc_core_9fb0e229.lo86)
                0x00000000080b394c                ssc_core_8An1jaQnclgay5AHdupKI2
                0x00000000080b39eb                ssc_core_aWD5mNedAofOsYHOjTGDe0
                0x00000000080b3f18                ssc_core_EcKyFAYoUyoV7uB1o_1as2
                0x00000000080b3fa6                ssc_core_vbFZYbtrbh7GvRawixt4R1
                0x00000000080b400f                ssc_core_0YzcETjCDYvJFn36c2nhE2
                0x00000000080b406c                ssc_core_Sj1VePFcguWtrhG_FS_eB_
 .text          0x00000000080b40ab      0x226 ssc_core_r2017b_dsx86_32_2.a(ssc_core_9fb25b4f.lo86)
                0x00000000080b4162                ssc_core_k8C24ESd5mwOJJgWi_ed91
 .text          0x00000000080b42d1      0x4d6 ssc_core_r2017b_dsx86_32_2.a(ssc_core_a1d393be.lo86)
                0x00000000080b4497                ssc_core_2AZ4Z_6qCmnYOMypncuh11
 .text          0x00000000080b47a7      0x5a4 ssc_core_r2017b_dsx86_32_2.a(ssc_core_a6b78ccc.lo86)
                0x00000000080b4b10                ssc_core_Fo_bBRjc39YHa5cwwd9GT2
 .text          0x00000000080b4d4b      0x60b ssc_core_r2017b_dsx86_32_2.a(ssc_core_a867d880.lo86)
                0x00000000080b4d4b                ssc_core_77C_fj8_84Tux6T6vciln2
                0x00000000080b4d6a                ssc_core_YYYQ1xpQTBjtNQ_bGnKny1
                0x00000000080b4f49                ssc_core_9uGylseTy8OwzIejx96Pd1
 .text          0x00000000080b5356       0x58 ssc_core_r2017b_dsx86_32_2.a(ssc_core_a9bf1ff2.lo86)
                0x00000000080b5356                ssc_core_8lSd1f9j2wcPN2pVMfmls2
 .text          0x00000000080b53ae      0x56d ssc_core_r2017b_dsx86_32_2.a(ssc_core_abd05c18.lo86)
                0x00000000080b55f0                ssc_core_nj9t3kS2eGwK_wZ_6I5gT_
 .text          0x00000000080b591b      0x5ae ssc_core_r2017b_dsx86_32_2.a(ssc_core_b3671372.lo86)
                0x00000000080b5b9e                ssc_core_JO3hmfj_hUpfsJsDp6btV1
 .text          0x00000000080b5ec9      0x130 ssc_core_r2017b_dsx86_32_2.a(ssc_core_b7b88213.lo86)
                0x00000000080b5f87                ssc_core_VidamJOL1TN7ZwpE1QEqW2
 .text          0x00000000080b5ff9       0x61 ssc_core_r2017b_dsx86_32_2.a(ssc_core_b96ebc21.lo86)
                0x00000000080b5ff9                ssc_core_sSWn9cdxHQhGj7S5B9N462
 .text          0x00000000080b605a      0x5a2 ssc_core_r2017b_dsx86_32_2.a(ssc_core_c5b050d7.lo86)
                0x00000000080b62a5                ssc_core_DWAv09NEtcA43YPg64BmR0
                0x00000000080b62f6                ssc_core_RqBg1QBO_ajmloj_8ONNg1
                0x00000000080b63ab                ssc_core_jkFjhNF3ezT1jIUYVq_iO2
                0x00000000080b63db                ssc_core_icB0wBmxt5kyjxW_PLOWE_
 .text          0x00000000080b65fc      0x103 ssc_core_r2017b_dsx86_32_2.a(ssc_core_d70a6a09.lo86)
                0x00000000080b65fc                ssc_core_y0L_5RA_m0h06ACnMw_Fl2
                0x00000000080b6617                ssc_core_lfpHq6NwMbuUGoZWyfo6L1
                0x00000000080b6685                ssc_core_L6hdvLg_SzjNPn7HyIwkb2
                0x00000000080b66cc                ssc_core_Dkq9C7vnsAitu_SB40tna0
 .text          0x00000000080b66ff      0x7fc ssc_core_r2017b_dsx86_32_2.a(ssc_core_dcda6edd.lo86)
                0x00000000080b6970                ssc_core_Zbw8qNvuRLOoK_W_L8bN62
 .text          0x00000000080b6efb      0x8ae ssc_core_r2017b_dsx86_32_2.a(ssc_core_09b5fa6e.lo86)
                0x00000000080b74e0                ssc_core_XkdjHdhExi4c12TaBfbhD2
 .text          0x00000000080b77a9      0x3f4 ssc_core_r2017b_dsx86_32_2.a(ssc_core_0bd666aa.lo86)
                0x00000000080b799e                ssc_core_Q37iY0lJeqkuf7fZ5fKWW_
 .text          0x00000000080b7b9d      0x396 ssc_core_r2017b_dsx86_32_2.a(ssc_core_76d825be.lo86)
                0x00000000080b7dc3                ssc_core_GM1KHeKei9njxwMsNf13J2
 .text          0x00000000080b7f33      0x288 ssc_core_r2017b_dsx86_32_2.a(ssc_core_a4da1d0a.lo86)
                0x00000000080b80e6                ssc_core_JrUPWlC9AHbSrGrR4F1Xz0
 .text          0x00000000080b81bb      0x1b7 ssc_core_r2017b_dsx86_32_2.a(ssc_core_bc648043.lo86)
                0x00000000080b8322                ssc_core_KMTE_aBT_xXzVzJx5akgC1
 .text          0x00000000080b8372      0x3dc ssc_core_r2017b_dsx86_32_2.a(ssc_core_ce6a84bb.lo86)
                0x00000000080b866b                ssc_core_f3kF7iQ_PEBvfrAHvLQe72
 .text          0x00000000080b874e      0xdb1 ne_r2017b_dsx86_32_2.a(ne_59b4e14a.lo86)
                0x00000000080b874e                ne_m89OQc0hz9qDQnRsnDCyE2
                0x00000000080b879a                ne_OYjOyGec_Cu_P2TYG7Jwp_
                0x00000000080b87e1                ne_04nTccAGGfTttdxxhMsLp_
                0x00000000080b88a2                ne_296I30o7aJcMtBtmNyw1p0
                0x00000000080b8943                ne_Y_6lPNpUGK52BGRkt0rBo_
                0x00000000080b89d5                ne_EFH9i6kjHBTVR6bR1ohlZ2
                0x00000000080b8a64                ne_gR3bRQOBxSCjR6TMEGTrv0
                0x00000000080b8bde                ne_wK6KZjafZpo5jnFki5ykU1
                0x00000000080b8d0d                ne_qtVk1IoavdeVD014l534e1
                0x00000000080b8db7                ne_K7UYeZG0gB_hTqXd_kepN1
                0x00000000080b8e10                ne_kuH8Z11ko4YbthBt_N5L01
                0x00000000080b8f72                ne_NWDrMiW9XOMkH3JIw1n_P0
                0x00000000080b8fb2                ne_6T3HyncMpUk8SEKgIaz361
                0x00000000080b90e9                ne_tCn6pEvZvwHwrS4Aj_3Wp1
                0x00000000080b937c                ne__L2qaG38npPGuE3csQYxh1
                0x00000000080b93ea                ne_t18koedu3KGwd8SoraEF82
 .text          0x00000000080b94ff       0x1e mc_r2017b_dsx86_32_2.a(mc_0bd30dee.lo86)
                0x00000000080b94ff                mc_Zra4dUIxxYK_M2KNCwYsF_
 .text          0x00000000080b951d      0x3b5 mc_r2017b_dsx86_32_2.a(mc_110e6c6c.lo86)
                0x00000000080b9601                mc_NlZU_fU2r5ky1zQSpwoUA1
 .text          0x00000000080b98d2      0x122 mc_r2017b_dsx86_32_2.a(mc_15d828ca.lo86)
                0x00000000080b99b2                mc_aMPI1g4IJzx_se88DNXxp_
                0x00000000080b99d5                mc_ojEKe9_35QoXUYpthE8Iy2
 .text          0x00000000080b99f4      0x2b1 mc_r2017b_dsx86_32_2.a(mc_2565d6e0.lo86)
                0x00000000080b9b28                mc_mxm21WWs6l5c_8l2dz6850
 .text          0x00000000080b9ca5      0x2e3 mc_r2017b_dsx86_32_2.a(mc_47b8cebe.lo86)
                0x00000000080b9ea9                mc_get_csparse_linear_algebra
                0x00000000080b9ef5                mc_NJmshN8PS2OjjJ_PhuETJ2
 .text          0x00000000080b9f88     0x14e4 mc_r2017b_dsx86_32_2.a(mc_4b0301c6.lo86)
                0x00000000080ba036                mc_KLKWK_FbEAF724qPNbehq1
                0x00000000080ba1f6                mc_KpKqaZjZ2rh3lSToFa7Oa2
                0x00000000080ba229                mc_JM1DLKwRGzo9Uyq32V72E_
                0x00000000080ba253                mc_uJ_iGAyluQ5NndhonaPXl1
                0x00000000080ba28b                mc_oT_HwSgZBfR7LPqZomt0Y0
                0x00000000080ba2c1                mc_mMmDjYPdSIEEQHj__7cd71
                0x00000000080ba2de                mc_zYvj4jole4TnufsPoZWW_2
                0x00000000080ba322                mc_TJe2EtJyyhfHpuJYOjxfC0
                0x00000000080ba368                mc_si_irLJWyQLY_l4tqebAe_
                0x00000000080ba38a                mc_SKE1EUStKD_KtRTTXrxqv2
                0x00000000080ba3bf                mc_OT_v_IC_x9R85Z4eHn1jA0
                0x00000000080ba3fd                mc_J9HotRGeuZtxiip_GSZPb0
                0x00000000080ba427                mc_lp5J2bZ8EcxnhyI1PKPZd2
                0x00000000080ba459                mc__xr97Mh4VU4bdE2CcyEVf_
                0x00000000080ba48f                mc_pdD80p5I4a4oDKki08oZ50
                0x00000000080ba4ba                mc_a_dd0x8Rstf0HD74BJt9A2
                0x00000000080ba4f2                mc_8u8_LRBN9SbcEOkeum7ag0
                0x00000000080ba51c                mc_Ukc2BYyTIIZDpb_lFOWTt0
                0x00000000080ba55a                mc_l26oJh0UM_xwSgKIeOC5J0
                0x00000000080ba59f                mc_ocDPr6f6C4_v9b5NDj8JH_
                0x00000000080ba5e5                mc_fuQc8C9CyCuf_KkBLV8eb0
                0x00000000080ba617                mc_8BTcsQ6C8h5zrW1ZQRhKf1
                0x00000000080ba645                mc_fjtK_RGCYgp34_TjPN6zv1
                0x00000000080ba677                mc_W0fX8K54ez0qAgM9tXjsi_
                0x00000000080ba6c0                mc_fIL9UyKjuKeUlnGmcXq5r2
                0x00000000080ba6fe                mc_v7V5uZPqLRlsEpMCWsoMJ0
                0x00000000080ba735                mc_LlLyVwCApgTvSBfIvzOuk0
                0x00000000080ba771                mc_DnL_y_DaeSoRsDtnK0hpB1
                0x00000000080ba79d                mc_I_W_409sg28ysFYlBfPcr_
                0x00000000080ba7d5                mc_MI5F4RaYNQR7pPk1GRkvn_
                0x00000000080ba804                mc_lkC6x3YtrvW6L16S6aM60_
                0x00000000080ba836                mc_vfuXLuRk3KtAfbvK_cTrv2
                0x00000000080ba868                mc_tOKZMGNlSqK650YhjgeKv0
                0x00000000080ba88c                mc_Uy10YSjkY75ViJd9dTdYI1
                0x00000000080ba8ab                mc_Rhhlgu4QH_WTKd_5kpe4I2
                0x00000000080ba8d0                mc_nLc17gFNFcvBlJrwxJV4w_
                0x00000000080ba8ed                mc_WmHTznO_Ih_dJw_MhKtIQ1
                0x00000000080ba90f                mc_W7kR8viSTKC_By0UjXE_A1
                0x00000000080ba934                mc_AQtCbBjZ792h1_Xaj_dR92
                0x00000000080ba963                mc_pJmDkwzzX3Iu6_VR_MyvL_
                0x00000000080ba999                mc_tLxHiRii5tbHWjrunaI2i1
                0x00000000080ba9bb                mc_AZRifAjle326aZku91XJU2
                0x00000000080ba9dd                mc_mGD4FL6_MDLg2bdqzdpfx_
                0x00000000080baa06                mc_x2bRmxKlHWAMEwOZuiA_62
                0x00000000080baa32                mc_eJ9VFRIFMWxO52_BT7X_C_
                0x00000000080baa5e                mc_WJAbbKueqClxuItYQx7b61
                0x00000000080baaa0                mc_TuU8NakpY91qxLM4is2wV2
                0x00000000080baad2                mc_dLmR9a64iWQBHX4QM5zCr2
                0x00000000080baaf9                mc_eIjmwucqCUJT1PyCl_z5b_
                0x00000000080bab20                mc_loSQGFba0sjWysbLdmqzS1
                0x00000000080bab61                mc_O_flPmjeFB4ZmON9Xp2iV_
                0x00000000080babec                mc_K1ezq3TzhoNUE_SEp0Dr12
                0x00000000080bac52                mc_WuGlfcFda9zO01qKeAxMn_
                0x00000000080bacd2                mc_qEYnRq0Ff87lxOQck1Gqi_
                0x00000000080bad4f                mc_SZGAWN4U4XTzc5RKGKSk5_
                0x00000000080bae28                mc_FoRQvfcV_dWdjx5L1lyM_0
                0x00000000080baf08                mc_lBp5wbXG7AvQ3hxoerNOW_
                0x00000000080bafa4                mc_z041e_QXd3uR2ef2CH37s1
                0x00000000080baff6                mc_6IsBGrycIJELSxeQVWGP02
                0x00000000080bb057                mc_fDK_uVHGu_qFAztUmYrXG0
                0x00000000080bb091                mc_Pv5PxBp1nNTpA2nv2TKO50
                0x00000000080bb0cb                mc_57l_YQYSoo0Ro6WNuRptH_
                0x00000000080bb116                mc_rQYUV3yV8oYU8KnRKkDRk1
                0x00000000080bb164                mc_Xx__kIPwzSZkrHpStVmJF_
                0x00000000080bb1ae                mc__oSPLVBiXeFzzJsThp3Cn_
                0x00000000080bb1e1                mc_BtNbeiWJf_2ScS2FihDGI0
                0x00000000080bb220                mc_GXd0l4NyYg6UNbaEbfuyY1
                0x00000000080bb24e                mc_rxnwynr09yoIhr_7WJOnw2
                0x00000000080bb26e                mc_0IN6lZI7UaPeQvvz13t6Z_
                0x00000000080bb2bd                mc_jk3AE9w8Z153JpwqOK4cP_
                0x00000000080bb337                mc_PUtu_CUnyMAexj3n9ThPz1
                0x00000000080bb398                mc_wMbxp0k7MHKEjpdy17fjt_
                0x00000000080bb3e3                mc_5PAUXWifOqPPHW3wOzFa92
                0x00000000080bb44a                mc_mnPo3YlQdExsVqjHael_W2
 .text          0x00000000080bb46c      0x20c mc_r2017b_dsx86_32_2.a(mc_52623861.lo86)
                0x00000000080bb46c                mc_f2vwQIrcxUZfF8toz63Ia0
 .text          0x00000000080bb678      0x4fa mc_r2017b_dsx86_32_2.a(mc_53b1fc84.lo86)
                0x00000000080bb69b                mc_ag7JLdCZl_dARV0e1eXxW2
                0x00000000080bbb20                mc_jn62AV6O9_qg9YBv46ewI_
 .text          0x00000000080bbb72       0xde mc_r2017b_dsx86_32_2.a(mc_550847c3.lo86)
                0x00000000080bbbed                mc_GPwfjJHcyafYihHgGCzGj1
 .text          0x00000000080bbc50      0x309 mc_r2017b_dsx86_32_2.a(mc_5766048f.lo86)
                0x00000000080bbe9d                mc_4RuRZ7lx0_AIV_2RbGDcv2
 .text          0x00000000080bbf59      0x99d mc_r2017b_dsx86_32_2.a(mc_59b6e413.lo86)
                0x00000000080bc8a0                mc_unUcHqjWIYGRq_Mtqq_Nn2
                0x00000000080bc8ca                mc_H4E5qy2gElz_ZzQWqCBUr1
 .text          0x00000000080bc8f6       0xc6 mc_r2017b_dsx86_32_2.a(mc_630dda0e.lo86)
                0x00000000080bc8f6                mc_myrncps3Bp4niT9SMNSFU0
 .text          0x00000000080bc9bc      0x28e mc_r2017b_dsx86_32_2.a(mc_67da4f41.lo86)
                0x00000000080bcc0d                mc_lWin2S7t5q07svjpaKvX60
 .text          0x00000000080bcc4a      0xf54 mc_r2017b_dsx86_32_2.a(mc_6b6d311a.lo86)
                0x00000000080bcc4a                mc_KsHKr785vZol8pKqB3aCB_
 .text          0x00000000080bdb9e      0x1d7 mc_r2017b_dsx86_32_2.a(mc_7bbf41f0.lo86)
                0x00000000080bdc87                mc_FtZHnvAu1ydcKmSyTHoPB_
 .text          0x00000000080bdd75      0x990 mc_r2017b_dsx86_32_2.a(mc_7d0547c8.lo86)
                0x00000000080bdd75                mc_7Utwm4UP5EbKnr_ZlI1rM0
                0x00000000080bddd7                mc_hi2C1FdA4yvzwtyhiEpLf_
                0x00000000080bde1c                mc_rKjDE_AmbMZonmcHpiUlF1
                0x00000000080bde5a                mc_6FVLtwvEtwZZEx0IrCbSN2
                0x00000000080bde96                mc_XPd7yGMWFG3KbpflsI_GY0
                0x00000000080bdedf                mc_mZFOWT0aPE1StpucCfoDM1
                0x00000000080bdf45                mc_unPaCMmYpqovJtaEkLzyN1
                0x00000000080bdfb4                mc__PSxZYNlHzTq74xTEuRVj0
                0x00000000080be004                mc_qP6AnJ_Ei4yw5QTYCEPwt1
                0x00000000080be044                mc_98Iaz4fhzQI48PBv4_WiP1
                0x00000000080be08d                mc_6vECghaEBo2t_m2BMLpQG1
                0x00000000080be110                mc_e1VfSiMgTtGRWHAR2ryPb_
                0x00000000080be193                mc_wVymHZk9mNp4ZXEZOzo4W_
                0x00000000080be1f1                mc_Q1Ex_NgE5y9PuUgpZWKDz2
                0x00000000080be232                mc_ctmDXqtr5oRwV0C8sxgt_2
                0x00000000080be290                mc_qvI9jhqDXNPz_o6c5YwIH_
                0x00000000080be304                mc_KlD4siTDVGCr_hHFkaT5u2
                0x00000000080be378                mc_GbGkA_AntJv_J5PoE7OWF0
                0x00000000080be3ef                mc_KnhMCkpZXB7ZHMoHOGTgf_
                0x00000000080be466                mc_lkrFDcUiR663Ni3ZTyROd0
                0x00000000080be49f                mc_solyOVPZWIj1_pu1stGfb0
                0x00000000080be50a                mc_JXBtkP6XktDn46ROAvtrZ0
                0x00000000080be60e                mc_q4X4I4aw_A_s3GAV3n5kp2
 .text          0x00000000080be705      0x452 mc_r2017b_dsx86_32_2.a(mc_7d099de7.lo86)
                0x00000000080bea84                mc_SJYqDKFkTaQ8OxPd4_Kr52
 .text          0x00000000080beb57      0x71b mc_r2017b_dsx86_32_2.a(mc_7eb21b39.lo86)
                0x00000000080beb57                mc_BJuEXiSuHOWFCMLaHSHwO_
                0x00000000080bf116                mc_abIAarmr8Ew9IVTjehCYM1
                0x00000000080bf1c4                mc_V1eM5h3AXnIYwRoPylAkZ0
 .text          0x00000000080bf272       0x97 mc_r2017b_dsx86_32_2.a(mc_81b5717e.lo86)
                0x00000000080bf272                mc_4NUC47j4aJxHBwMhDbTZV0
                0x00000000080bf292                mc_y1rJRp21YhZDKCX1eSUsS1
                0x00000000080bf2b1                mc_LxZ4GcxGp0D4_SX8kV0GM_
                0x00000000080bf2d1                mc_Fzj5zJ9NnkLsRO10o4n_t1
 .text          0x00000000080bf309      0x4ea mc_r2017b_dsx86_32_2.a(mc_89d597cf.lo86)
                0x00000000080bf309                mc_UIJXHcO0bfWk_WsGNAlpf0
 .text          0x00000000080bf7f3     0x15f8 mc_r2017b_dsx86_32_2.a(mc_90b6aa0a.lo86)
                0x00000000080bfb6d                mc_S33zPe8SknN9LcYhCb5wi0
                0x00000000080bfc66                mc_I9gOpdxdkDtFisWaAcueS2
                0x00000000080bfd01                mc_8PNvEo7OREfPPqdHoj4v91
                0x00000000080bfda8                mc_fs9G14AuSjx6a7_fW1jDc2
                0x00000000080bfdc6                mc_QrDTyksvE_fzwQPgWfWMo0
                0x00000000080bfde4                mc_lya_e_YIJ3zOEAoJRDe0c1
                0x00000000080bff1f                mc_UQyLykYxB6RfV3R5UafUE0
                0x00000000080bffca                mc_OvyDOAB_3upKwMOnK3EZV1
                0x00000000080c0193                mc_dCGqQVZgg5nte_jY9_Cd01
                0x00000000080c027c                mc_oA0IbcqlgIdVsQKAmscwa0
                0x00000000080c02fa                mc_zxKlKqk_QHLlgCOo_2ImC_
                0x00000000080c0327                mc_Tdqt4n_f38OzgBkReWoiP1
                0x00000000080c0333                mc_4gIlQP6_fYrNISbOZFNkP_
                0x00000000080c03c4                mc_83hy7P7oW7aRSDM7TcBsA2
                0x00000000080c046a                mc_PPbEGaGW9CGqvjemmEymj2
                0x00000000080c06b7                mc_SNiMSuxDEldsSjsl5k9Ry1
                0x00000000080c0844                mc_pPG5PIgnV_OuwvOl9CVnj_
                0x00000000080c0ba2                mc_qmyb9URRq9IoJgMqa3xih1
                0x00000000080c0cfe                mc_LFaZy0_889U2Wsk9bwBoz1
 .text          0x00000000080c0deb      0x183 mc_r2017b_dsx86_32_2.a(mc_9ab7d9b0.lo86)
                0x00000000080c0ec1                mc_OL48aY8jC_rr0I80efya01
 .text          0x00000000080c0f6e      0x2aa mc_r2017b_dsx86_32_2.a(mc_9b6c1529.lo86)
                0x00000000080c118b                mc_get_csparse_rect_la
                0x00000000080c1191                mc_vIJTcGDC8YKlnmvc5Nk210
 .text          0x00000000080c1218       0x30 mc_r2017b_dsx86_32_2.a(mc_a2647600.lo86)
                0x00000000080c1218                mc_t_X32k0vqEkR0plJgGFe_1
 .text          0x00000000080c1248      0x183 mc_r2017b_dsx86_32_2.a(mc_a26bab1a.lo86)
                0x00000000080c131e                mc_Xavb0madru2NAUNgFTYba_