<*GNU-Linker-generated-mapfile*> 
generated for DSx86_32 platform 
collect2 version 5.2.0
C:/ProgramData/dSPACE/071346ea-bffa-4465-9551-2e48edf35320/Compiler/QNX650_520/host/win32/x86/usr/bin/i486-pc-nto-qnx6.5.0-ld.exe -plugin c:/programdata/dspace/071346ea-bffa-4465-9551-2e48edf35320/compiler/qnx650_520/host/win32/x86/usr/bin/../lib/gcc/i486-pc-nto-qnx6.5.0/5.2.0/liblto_plugin-0.dll -plugin-opt=c:/programdata/dspace/071346ea-bffa-4465-9551-2e48edf35320/compiler/qnx650_520/host/win32/x86/usr/bin/../lib/gcc/i486-pc-nto-qnx6.5.0/5.2.0/lto-wrapper.exe -plugin-opt=-fresolution=C:\Users\INCA\AppData\Local\Temp\ccPQ0fcY.res -plugin-opt=-pass-through=-lgcc -plugin-opt=-pass-through=-lc -plugin-opt=-pass-through=-lc -plugin-opt=-pass-through=-lgcc --sysroot=/opt/qnx650/target/qnx6/ --eh-frame-hdr --build-id=md5 -Y P,/opt/qnx650/target/qnx6//lib -Qy -m i386nto --dynamic-linker /usr/lib/ldqnx.so.2 C:\ProgramData\dSPACE\071346ea-bffa-4465-9551-2e48edf35320\Compiler\QNX650_520\target\qnx6/x86/lib/crt1.o C:\ProgramData\dSPACE\071346ea-bffa-4465-9551-2e48edf35320\Compiler\QNX650_520\target\qnx6/x86/lib/crti.o c:/programdata/dspace/071346ea-bffa-4465-9551-2e48edf35320/compiler/qnx650_520/host/win32/x86/usr/bin/../lib/gcc/i486-pc-nto-qnx6.5.0/5.2.0/crtbegin.o -Lc:/programdata/dspace/071346ea-bffa-4465-9551-2e48edf35320/compiler/qnx650_520/host/win32/x86/usr/bin/../lib/gcc/i486-pc-nto-qnx6.5.0/5.2.0 -Lc:/programdata/dspace/071346ea-bffa-4465-9551-2e48edf35320/compiler/qnx650_520/host/win32/x86/usr/bin/../lib/gcc -L C:\ProgramData\dSPACE\071346ea-bffa-4465-9551-2e48edf35320\Compiler\QNX650_520\target\qnx6/x86/lib/gcc/5.2.0 -L C:\ProgramData\dSPACE\071346ea-bffa-4465-9551-2e48edf35320\Compiler\QNX650_520\target\qnx6/x86/lib -L C:\ProgramData\dSPACE\071346ea-bffa-4465-9551-2e48edf35320\Compiler\QNX650_520\target\qnx6/x86/usr/lib -L C:\ProgramData\dSPACE\071346ea-bffa-4465-9551-2e48edf35320\Compiler\QNX650_520\target\qnx6/x86/opt/lib -rpath-link C:\ProgramData\dSPACE\071346ea-bffa-4465-9551-2e48edf35320\Compiler\QNX650_520\target\qnx6/x86/lib/gcc/5.2.0:C:\ProgramData\dSPACE\071346ea-bffa-4465-9551-2e48edf35320\Compiler\QNX650_520\target\qnx6/x86/lib:C:\ProgramData\dSPACE\071346ea-bffa-4465-9551-2e48edf35320\Compiler\QNX650_520\target\qnx6/x86/usr/lib:C:\ProgramData\dSPACE\071346ea-bffa-4465-9551-2e48edf35320\Compiler\QNX650_520\target\qnx6/x86/opt/lib -v --unresolved-symbols=ignore-all -lstdc++ -lm -lgcc -lc -Bstatic -lc -lgcc c:/programdata/dspace/071346ea-bffa-4465-9551-2e48edf35320/compiler/qnx650_520/host/win32/x86/usr/bin/../lib/gcc/i486-pc-nto-qnx6.5.0/5.2.0/crtend.o C:\ProgramData\dSPACE\071346ea-bffa-4465-9551-2e48edf35320\Compiler\QNX650_520\target\qnx6/x86/lib/crtn.o
GNU ld (GNU Binutils) 2.25.1
Archive member included to satisfy reference by file (symbol)

STLA_MECHANICAL.a(STLA_MECHANICAL_dsrtmdlfcn.lo86)
                              dssimengine_accesspoint.o86 (STLA_MECHANICAL_DSRTInitMdl)
STLA_MECHANICAL.a(STLA_MECHANICAL_dsrttf.lo86)
                              rtosal_task.o86 (STLA_MECHANICAL_DSRTMdlOutputs0)
STLA_MECHANICAL.a(STLA_MECHANICAL.lo86)
                              STLA_MECHANICAL.a(STLA_MECHANICAL_dsrttf.lo86) (STLA_MECHANICAL_output)
STLA_MECHANICAL.a(STLA_MECHANICAL_data.lo86)
                              STLA_MECHANICAL.a(STLA_MECHANICAL.lo86) (rtP_r_gearUP)
STLA_MECHANICAL.a(STLA_MECHANICAL_dsrtvdf.lo86)
                              STLA_MECHANICAL.a(STLA_MECHANICAL.lo86) (STLA_MECHANICAL_rti_init_trc_pointers)
Punch_mechanical_B_sample_v3_6_cal_v2_C_rtwlib.lib(Punch_mechanical_B_sample_v3_6_cal_v2_C.lo86)
                              STLA_MECHANICAL.a(STLA_MECHANICAL.lo86) (Punch_mechanical_B_sample_v3_6_cal_v2_C_Init)
Punch_mechanical_B_sample_v3_6_cal_v2_C_rtwlib.lib(Punch_mechanical_B_sample_v3_6_cal_v2_C_dsrtvdf.lo86)
                              Punch_mechanical_B_sample_v3_6_cal_v2_C_rtwlib.lib(Punch_mechanical_B_sample_v3_6_cal_v2_C.lo86) (Punch_mechanical_B_sample_v3_6_cal_v2_C_rti_init_trc_pointers)
Punch_mechanical_B_sample_v3_6_cal_v2_C_rtwlib.lib(Punch_mechanical_B_sample_v3_6_cal_v2_C_9a4b384b_1_gateway.lo86)
                              Punch_mechanical_B_sample_v3_6_cal_v2_C_rtwlib.lib(Punch_mechanical_B_sample_v3_6_cal_v2_C.lo86) (Punch_mechanical_B_sample_v3_6_cal_v2_C_9a4b384b_1_gateway)
Punch_mechanical_B_sample_v3_6_cal_v2_C_rtwlib.lib(Punch_mechanical_B_sample_v3_6_cal_v2_C_9a4b384b_1.lo86)
                              Punch_mechanical_B_sample_v3_6_cal_v2_C_rtwlib.lib(Punch_mechanical_B_sample_v3_6_cal_v2_C_9a4b384b_1_gateway.lo86) (Punch_mechanical_B_sample_v3_6_cal_v2_C_9a4b384b_1_dae)
Punch_mechanical_B_sample_v3_6_cal_v2_C_rtwlib.lib(Punch_mechanical_B_sample_v3_6_cal_v2_C_9a4b384b_1_ds.lo86)
                              Punch_mechanical_B_sample_v3_6_cal_v2_C_rtwlib.lib(Punch_mechanical_B_sample_v3_6_cal_v2_C_9a4b384b_1.lo86) (Punch_mechanical_B_sample_v3_6_cal_v2_C_9a4b384b_1_dae_ds)
[...]
Memory Configuration

Name             Origin             Length             Attributes
*default*        0x0000000000000000 0xffffffffffffffff

Linker script and memory map

LOAD C:\ProgramData\dSPACE\071346ea-bffa-4465-9551-2e48edf35320\Compiler\QNX650_520\target\qnx6/x86/lib/crt1.o
LOAD C:\ProgramData\dSPACE\071346ea-bffa-4465-9551-2e48edf35320\Compiler\QNX650_520\target\qnx6/x86/lib/crti.o
LOAD c:/programdata/dspace/071346ea-bffa-4465-9551-2e48edf35320/compiler/qnx650_520/host/win32/x86/usr/bin/../lib/gcc/i486-pc-nto-qnx6.5.0/5.2.0/crtbegin.o
                0x0000000000000000                _DSPACE_START = 0x0
                0x0000000000000000                _DSPACE_START_ = 0x0
                0x00000000000009ce                DS_TARGET_PLATFORM = 0x9ce
START GROUP
LOAD mdladapter_mdlfunctions.o86
LOAD mdlCode_ap.o86
LOAD dssimengine_accesspoint.o86
LOAD dssimengine_api.o86
LOAD dssimengine_main.o86
LOAD rtosal_task.o86
LOAD rtosal_taskap.o86
LOAD rtosal_simengineap.o86
LOAD IOCode_Data.o86
LOAD mdlcfg_interapplcom.o86
LOAD rtosal_interapplcom.o86
LOAD rtwshared.lib
LOAD ssc_sli_r2017b_dsx86_32_2.a
LOAD ssc_core_r2017b_dsx86_32_2.a
LOAD ne_r2017b_dsx86_32_2.a
LOAD mc_r2017b_dsx86_32_2.a
LOAD ex_r2017b_dsx86_32_2.a
LOAD pm_r2017b_dsx86_32_2.a
LOAD STLA_MECHANICAL.a
LOAD Punch_mechanical_B_sample_v3_6_cal_v2_C_rtwlib.lib
LOAD C:\Program Files\dSPACE RCPHIL 2018-A\SCALEXIO\Lib/libdsmpcommdrv.so
LOAD C:\Program Files\dSPACE RCPHIL 2018-A\SCALEXIO\Lib/libdscandrv.so
LOAD C:\Program Files\dSPACE RCPHIL 2018-A\SCALEXIO\Lib/libdslindrv.so
END GROUP
LOAD C:\Program Files\dSPACE RCPHIL 2018-A\SCALEXIO\Lib/libDsRtLib.so
LOAD C:\Program Files\dSPACE RCPHIL 2018-A\SCALEXIO\Lib\libm_fastpow.a
LOAD C:\ProgramData\dSPACE\071346ea-bffa-4465-9551-2e48edf35320\Compiler\QNX650_520\target\qnx6/x86/lib/gcc/5.2.0/libstdc++.so
LOAD C:\ProgramData\dSPACE\071346ea-bffa-4465-9551-2e48edf35320\Compiler\QNX650_520\target\qnx6/x86/lib/libm.so
LOAD c:/programdata/dspace/071346ea-bffa-4465-9551-2e48edf35320/compiler/qnx650_520/host/win32/x86/usr/bin/../lib/gcc/i486-pc-nto-qnx6.5.0/5.2.0\libgcc.a
LOAD C:\ProgramData\dSPACE\071346ea-bffa-4465-9551-2e48edf35320\Compiler\QNX650_520\target\qnx6/x86/lib/libc.so
LOAD C:\ProgramData\dSPACE\071346ea-bffa-4465-9551-2e48edf35320\Compiler\QNX650_520\target\qnx6/x86/lib\libc.a
LOAD c:/programdata/dspace/071346ea-bffa-4465-9551-2e48edf35320/compiler/qnx650_520/host/win32/x86/usr/bin/../lib/gcc/i486-pc-nto-qnx6.5.0/5.2.0\libgcc.a
LOAD c:/programdata/dspace/071346ea-bffa-4465-9551-2e48edf35320/compiler/qnx650_520/host/win32/x86/usr/bin/../lib/gcc/i486-pc-nto-qnx6.5.0/5.2.0/crtend.o
LOAD C:\ProgramData\dSPACE\071346ea-bffa-4465-9551-2e48edf35320\Compiler\QNX650_520\target\qnx6/x86/lib/crtn.o
                [!provide]                        PROVIDE (__executable_start, 0x8048000)
                0x0000000008048134                . = (0x8048000 + SIZEOF_HEADERS)

.interp         0x0000000008048134       0x14
 *(.interp)
 .interp        0x0000000008048134       0x14 C:\ProgramData\dSPACE\071346ea-bffa-4465-9551-2e48edf35320\Compiler\QNX650_520\target\qnx6/x86/lib/crt1.o

.note           0x0000000008048148       0x18
 .note          0x0000000008048148       0x18 C:\ProgramData\dSPACE\071346ea-bffa-4465-9551-2e48edf35320\Compiler\QNX650_520\target\qnx6/x86/lib/crtn.o

.note.gnu.build-id
                0x0000000008048160       0x20
 *(.note.gnu.build-id)
 .note.gnu.build-id
                0x0000000008048160       0x20 C:\ProgramData\dSPACE\071346ea-bffa-4465-9551-2e48edf35320\Compiler\QNX650_520\target\qnx6/x86/lib/crt1.o

.hash           0x0000000008048180      0x274
 *(.hash)
 .hash          0x0000000008048180      0x274 C:\ProgramData\dSPACE\071346ea-bffa-4465-9551-2e48edf35320\Compiler\QNX650_520\target\qnx6/x86/lib/crt1.o

.gnu.hash
 *(.gnu.hash)

.dynsym         0x00000000080483f4      0x580
 *(.dynsym)
 .dynsym        0x00000000080483f4      0x580 C:\ProgramData\dSPACE\071346ea-bffa-4465-9551-2e48edf35320\Compiler\QNX650_520\target\qnx6/x86/lib/crt1.o

.dynstr         0x0000000008048974      0x8bb
 *(.dynstr)
 .dynstr        0x0000000008048974      0x8bb C:\ProgramData\dSPACE\071346ea-bffa-4465-9551-2e48edf35320\Compiler\QNX650_520\target\qnx6/x86/lib/crt1.o

.gnu.version    0x0000000008049230        0x0
 *(.gnu.version)
 .gnu.version   0x0000000008049230        0x0 C:\ProgramData\dSPACE\071346ea-bffa-4465-9551-2e48edf35320\Compiler\QNX650_520\target\qnx6/x86/lib/crt1.o

.gnu.version_d  0x0000000008049230        0x0
 *(.gnu.version_d)
 .gnu.version_d
                0x0000000008049230        0x0 C:\ProgramData\dSPACE\071346ea-bffa-4465-9551-2e48edf35320\Compiler\QNX650_520\target\qnx6/x86/lib/crt1.o

.gnu.version_r  0x0000000008049230        0x0
 *(.gnu.version_r)
 .gnu.version_r
                0x0000000008049230        0x0 C:\ProgramData\dSPACE\071346ea-bffa-4465-9551-2e48edf35320\Compiler\QNX650_520\target\qnx6/x86/lib/crt1.o

.rel.dyn        0x0000000008049230       0x50
 *(.rel.init)
 *(.rel.text .rel.text.* .rel.gnu.linkonce.t.*)
 .rel.text      0x0000000008049230        0x0 C:\ProgramData\dSPACE\071346ea-bffa-4465-9551-2e48edf35320\Compiler\QNX650_520\target\qnx6/x86/lib/crt1.o
 .rel.text.startup
                0x0000000008049230        0x0 C:\ProgramData\dSPACE\071346ea-bffa-4465-9551-2e48edf35320\Compiler\QNX650_520\target\qnx6/x86/lib/crt1.o
 *(.rel.fini)
 *(.rel.rodata .rel.rodata.* .rel.gnu.linkonce.r.*)
 .rel.rodata._ZTI18DsCApplicationMain
                0x0000000008049230        0x0 C:\ProgramData\dSPACE\071346ea-bffa-4465-9551-2e48edf35320\Compiler\QNX650_520\target\qnx6/x86/lib/crt1.o
 .rel.rodata._ZTV18DsCApplicationMain
                0x0000000008049230        0x0 C:\ProgramData\dSPACE\071346ea-bffa-4465-9551-2e48edf35320\Compiler\QNX650_520\target\qnx6/x86/lib/crt1.o
 .rel.rodata._ZTI24DsCRtosAlPeriodic_Task_2
                0x0000000008049230        0x0 C:\ProgramData\dSPACE\071346ea-bffa-4465-9551-2e48edf35320\Compiler\QNX650_520\target\qnx6/x86/lib/crt1.o
 .rel.rodata._ZTV24DsCRtosAlPeriodic_Task_2
                0x0000000008049230        0x0 C:\ProgramData\dSPACE\071346ea-bffa-4465-9551-2e48edf35320\Compiler\QNX650_520\target\qnx6/x86/lib/crt1.o
 *(.rel.data.rel.ro .rel.data.rel.ro.* .rel.gnu.linkonce.d.rel.ro.*)
 *(.rel.data .rel.data.* .rel.gnu.linkonce.d.*)
 *(.rel.tdata .rel.tdata.* .rel.gnu.linkonce.td.*)
 *(.rel.tbss .rel.tbss.* .rel.gnu.linkonce.tb.*)
 *(.rel.ctors)
 *(.rel.dtors)
 *(.rel.got)
 .rel.got       0x0000000008049230       0x30 C:\ProgramData\dSPACE\071346ea-bffa-4465-9551-2e48edf35320\Compiler\QNX650_520\target\qnx6/x86/lib/crt1.o
 *(.rel.sdata .rel.sdata.* .rel.gnu.linkonce.s.*)
 *(.rel.sbss .rel.sbss.* .rel.gnu.linkonce.sb.*)
 *(.rel.sdata2 .rel.sdata2.* .rel.gnu.linkonce.s2.*)
 *(.rel.sbss2 .rel.sbss2.* .rel.gnu.linkonce.sb2.*)
 *(.rel.bss .rel.bss.* .rel.gnu.linkonce.b.*)
 .rel.bss       0x0000000008049260       0x20 C:\ProgramData\dSPACE\071346ea-bffa-4465-9551-2e48edf35320\Compiler\QNX650_520\target\qnx6/x86/lib/crt1.o
                [!provide]                        PROVIDE (__rel_iplt_start, .)
 *(.rel.iplt)
 .rel.iplt      0x0000000008049280        0x0 C:\ProgramData\dSPACE\071346ea-bffa-4465-9551-2e48edf35320\Compiler\QNX650_520\target\qnx6/x86/lib/crt1.o
                [!provide]                        PROVIDE (__rel_iplt_end, .)
 .rel.eh_frame  0x0000000008049280        0x0 C:\ProgramData\dSPACE\071346ea-bffa-4465-9551-2e48edf35320\Compiler\QNX650_520\target\qnx6/x86/lib/crt1.o

.rel.plt        0x0000000008049280      0x248
 *(.rel.plt)
 .rel.plt       0x0000000008049280      0x248 C:\ProgramData\dSPACE\071346ea-bffa-4465-9551-2e48edf35320\Compiler\QNX650_520\target\qnx6/x86/lib/crt1.o

.init           0x00000000080494c8        0xd
 *(SORT(.init))
 .init          0x00000000080494c8        0x0 C:\ProgramData\dSPACE\071346ea-bffa-4465-9551-2e48edf35320\Compiler\QNX650_520\target\qnx6/x86/lib/crti.o
                0x00000000080494c8                _init
 .init          0x00000000080494c8        0x5 c:/programdata/dspace/071346ea-bffa-4465-9551-2e48edf35320/compiler/qnx650_520/host/win32/x86/usr/bin/../lib/gcc/i486-pc-nto-qnx6.5.0/5.2.0/crtbegin.o
 .init          0x00000000080494cd        0x5 c:/programdata/dspace/071346ea-bffa-4465-9551-2e48edf35320/compiler/qnx650_520/host/win32/x86/usr/bin/../lib/gcc/i486-pc-nto-qnx6.5.0/5.2.0/crtend.o
 .init          0x00000000080494d2        0x3 C:\ProgramData\dSPACE\071346ea-bffa-4465-9551-2e48edf35320\Compiler\QNX650_520\target\qnx6/x86/lib/crtn.o

.plt            0x00000000080494e0      0x4a0
 *(.plt)
 .plt           0x00000000080494e0      0x4a0 C:\ProgramData\dSPACE\071346ea-bffa-4465-9551-2e48edf35320\Compiler\QNX650_520\target\qnx6/x86/lib/crt1.o
                0x00000000080494f0                _ZN7DsCTask10daqServiceEj
                0x0000000008049500                __register_frame_info
                0x0000000008049510                _Z18dsrtt_set_rtt_taskP7DsCTask
                0x0000000008049520                _ZN14DsCApplication15createErrorListEv
                0x0000000008049530                calloc
                0x0000000008049540                _Znaj
                0x0000000008049550                _ZN7DsCTask11bindTriggerER16DsCErrorListPoolP8DsCTimer
                0x0000000008049560                memcpy
                0x0000000008049570                realloc
                0x0000000008049580                _ZN14DsCApplicationC2ER16DsCErrorListPool
                0x0000000008049590                dsrtt_mp_register_config
                0x00000000080495a0                _ZN12DsCFcnModule12updateInputsEv
                0x00000000080495b0                _ZN7DsCTaskC2ER16DsCErrorListPoolP14DsCApplicationPKcjjjjjjjPS_j
                0x00000000080495c0                __wrap_printf
                0x00000000080495d0                __cxa_finalize
                0x00000000080495e0                _ZN14DsCApplicationD2Ev
                0x00000000080495f0                malloc
                0x0000000008049600                _ZdlPv
                0x0000000008049610                _init_array
                0x0000000008049620                strncmp
                0x0000000008049630                _ZN12DsCFcnModule13updateOutputsEv
                0x0000000008049640                _ZN23DsNApplicationInterface16registerResourceEPKcPv
                0x0000000008049650                strlen
                0x0000000008049660                _ZN23DsNApplicationInterface12registerApplEPv
                0x0000000008049670                dsrtt_script_service_post_computation
                0x0000000008049680                _ZN11DsCMpSender4sendEv
                0x0000000008049690                snprintf
                0x00000000080496a0                atexit
                0x00000000080496b0                asin
                0x00000000080496c0                _ZN7DsCTask14getCallCounterEv
                0x00000000080496d0                __gxx_personality_v0
                0x00000000080496e0                _Unwind_Resume
                0x00000000080496f0                memmove
                0x0000000008049700                vsprintf
                0x0000000008049710                _ZN7DsCTask18setSimTimeVariableEPd
                0x0000000008049720                vprintf
                0x0000000008049730                _init_libc
                0x0000000008049740                _ZN14DsCApplication12setSlowStartER16DsCErrorListPooldd
                0x0000000008049750                _ZN14DsCApplication4stopEv
                0x0000000008049760                _ZN7DsCTaskD2Ev
                0x0000000008049770                _ZN13DsCMpReceiver6createER16DsCErrorListPoolP14DsCApplicationPKcjjjj
                0x0000000008049780                strncpy
                0x0000000008049790                _ZN7DsCTask17getOverrunCounterEv
                0x00000000080497a0                dsrtt_script_service_pre_computation
                0x00000000080497b0                _ZN7DsCTask28setDeadlineViolationFunctionER16DsCErrorListPoolPFvS1_PS_E
                0x00000000080497c0                _ZN11DsCMpSender9getBufferEv
                0x00000000080497d0                memset
                0x00000000080497e0                qsort
                0x00000000080497f0                memcmp
                0x0000000008049800                __wrap_exit
                0x0000000008049810                acos
                0x0000000008049820                _fini_array
                0x0000000008049830                _Log
                0x0000000008049840                _preinit_array
                0x0000000008049850                exp
                0x0000000008049860                _ZN7DsCTask14getDescriptionEv
                0x0000000008049870                _ZN14DsCApplication9terminateEv
                0x0000000008049880                _ZN12DsCFcnModule6createER16DsCErrorListPoolP14DsCApplicationPKc
                0x0000000008049890                strcmp
                0x00000000080498a0                free
                0x00000000080498b0                _ZN7DsCTask16setTaskVariablesER16DsCErrorListPoolP25tagDsSKernelTaskVariables
                0x00000000080498c0                dsrtt_set_step_size
                0x00000000080498d0                _ZN8DsCTimer6createER16DsCErrorListPoolddPKc
                0x00000000080498e0                _ZN11DsCMpSender6createER16DsCErrorListPoolP14DsCApplicationPKcjjjj
                0x00000000080498f0                _ZN14DsCApplication18getDiagnosticBlockER16DsCErrorListPool
                0x0000000008049900                _Znwj
                0x0000000008049910                _ZN14DsCApplication12errorMessageEhjjPKcjjS1_S1_z
                0x0000000008049920                _ZN13DsCMpReceiver7receiveEPPv
                0x0000000008049930                _ZN7DsCTask13bindFcnModuleER16DsCErrorListPoolP12DsCFcnModule
                0x0000000008049940                _ZN14DsCApplication25getFailureSimulationBlockER16DsCErrorListPool
                0x0000000008049950                main
                0x0000000008049960                strcpy
                0x0000000008049970                __deregister_frame_info

.iplt           0x0000000008049980        0x0
 *(.iplt)
 .iplt          0x0000000008049980        0x0 C:\ProgramData\dSPACE\071346ea-bffa-4465-9551-2e48edf35320\Compiler\QNX650_520\target\qnx6/x86/lib/crt1.o

.text           0x0000000008049980    0x95424
                0x0000000008049980                _btext = .
 *(.text.unlikely .text.*_unlikely .text.unlikely.*)
 .text.unlikely
                0x0000000008049980        0x0 c:/programdata/dspace/071346ea-bffa-4465-9551-2e48edf35320/compiler/qnx650_520/host/win32/x86/usr/bin/../lib/gcc/i486-pc-nto-qnx6.5.0/5.2.0/crtbegin.o
 .text.unlikely
                0x0000000008049980        0x0 mdladapter_mdlfunctions.o86
 .text.unlikely
                0x0000000008049980        0x0 mdlCode_ap.o86
 .text.unlikely
                0x0000000008049980        0x0 dssimengine_accesspoint.o86
 .text.unlikely
                0x0000000008049980        0x0 dssimengine_api.o86
 .text.unlikely
                0x0000000008049980        0x0 dssimengine_main.o86
 .text.unlikely
                0x0000000008049980        0x0 rtosal_task.o86
 .text.unlikely
                0x0000000008049980        0x0 rtosal_taskap.o86
 .text.unlikely
                0x0000000008049980        0x0 rtosal_simengineap.o86
 .text.unlikely
                0x0000000008049980        0x0 IOCode_Data.o86
 .text.unlikely
                0x0000000008049980        0x0 rtosal_interapplcom.o86
 .text.unlikely
                0x0000000008049980        0x0 STLA_MECHANICAL.a(STLA_MECHANICAL_dsrtmdlfcn.lo86)
 .text.unlikely
                0x0000000008049980        0x0 STLA_MECHANICAL.a(STLA_MECHANICAL_dsrttf.lo86)
 .text.unlikely
                0x0000000008049980        0x0 STLA_MECHANICAL.a(STLA_MECHANICAL.lo86)
 .text.unlikely
                0x0000000008049980        0x0 Punch_mechanical_B_sample_v3_6_cal_v2_C_rtwlib.lib(Punch_mechanical_B_sample_v3_6_cal_v2_C.lo86)
 .text.unlikely
                0x0000000008049980        0x0 Punch_mechanical_B_sample_v3_6_cal_v2_C_rtwlib.lib(Punch_mechanical_B_sample_v3_6_cal_v2_C_9a4b384b_1_gateway.lo86)
 .text.unlikely
                0x0000000008049980        0x0 Punch_mechanical_B_sample_v3_6_cal_v2_C_rtwlib.lib(Punch_mechanical_B_sample_v3_6_cal_v2_C_9a4b384b_1.lo86)
 .text.unlikely
                0x0000000008049980        0x0 Punch_mechanical_B_sample_v3_6_cal_v2_C_rtwlib.lib(Punch_mechanical_B_sample_v3_6_cal_v2_C_9a4b384b_1_ds.lo86)
 .text.unlikely
                0x0000000008049980        0x0 Punch_mechanical_B_sample_v3_6_cal_v2_C_rtwlib.lib(Punch_mechanical_B_sample_v3_6_cal_v2_C_9a4b384b_1_ds_cache_i.lo86)
 .text.unlikely
                0x0000000008049980        0x0 Punch_mechanical_B_sample_v3_6_cal_v2_C_rtwlib.lib(Punch_mechanical_B_sample_v3_6_cal_v2_C_9a4b384b_1_ds_assert.lo86)
 .text.unlikely
                0x0000000008049980        0x0 Punch_mechanical_B_sample_v3_6_cal_v2_C_rtwlib.lib(Punch_mechanical_B_sample_v3_6_cal_v2_C_9a4b384b_1_ds_q1.lo86)
 .text.unlikely
                0x0000000008049980        0x0 Punch_mechanical_B_sample_v3_6_cal_v2_C_rtwlib.lib(Punch_mechanical_B_sample_v3_6_cal_v2_C_9a4b384b_1_ds_dxf_p.lo86)
 .text.unlikely
                0x0000000008049980        0x0 Punch_mechanical_B_sample_v3_6_cal_v2_C_rtwlib.lib(Punch_mechanical_B_sample_v3_6_cal_v2_C_9a4b384b_1_ds_dxm_p.lo86)
 .text.unlikely
                0x0000000008049980        0x0 Punch_mechanical_B_sample_v3_6_cal_v2_C_rtwlib.lib(Punch_mechanical_B_sample_v3_6_cal_v2_C_9a4b384b_1_ds_dxdelt_p.lo86)
 .text.unlikely
                0x0000000008049980        0x0 Punch_mechanical_B_sample_v3_6_cal_v2_C_rtwlib.lib(Punch_mechanical_B_sample_v3_6_cal_v2_C_9a4b384b_1_ds_f.lo86)
 .text.unlikely
                0x0000000008049980        0x0 Punch_mechanical_B_sample_v3_6_cal_v2_C_rtwlib.lib(Punch_mechanical_B_sample_v3_6_cal_v2_C_9a4b384b_1_ds_update_i.lo86)
 .text.unlikely
                0x0000000008049980        0x0 Punch_mechanical_B_sample_v3_6_cal_v2_C_rtwlib.lib(Punch_mechanical_B_sample_v3_6_cal_v2_C_9a4b384b_1_ds_qx_p.lo86)
 .text.unlikely
                0x0000000008049980        0x0 Punch_mechanical_B_sample_v3_6_cal_v2_C_rtwlib.lib(Punch_mechanical_B_sample_v3_6_cal_v2_C_9a4b384b_1_ds_dxf.lo86)
 .text.unlikely
                0x0000000008049980        0x0 Punch_mechanical_B_sample_v3_6_cal_v2_C_rtwlib.lib(Punch_mechanical_B_sample_v3_6_cal_v2_C_9a4b384b_1_ds_duf.lo86)
 .text.unlikely
                0x0000000008049980        0x0 Punch_mechanical_B_sample_v3_6_cal_v2_C_rtwlib.lib(Punch_mechanical_B_sample_v3_6_cal_v2_C_9a4b384b_1_ds_obs_act.lo86)
 .text.unlikely
                0x0000000008049980        0x0 Punch_mechanical_B_sample_v3_6_cal_v2_C_rtwlib.lib(Punch_mechanical_B_sample_v3_6_cal_v2_C_9a4b384b_1_ds_a.lo86)
 .text.unlikely
                0x0000000008049980        0x0 Punch_mechanical_B_sample_v3_6_cal_v2_C_rtwlib.lib(Punch_mechanical_B_sample_v3_6_cal_v2_C_9a4b384b_1_ds_obs_exp.lo86)
 .text.unlikely
                0x0000000008049980        0x0 Punch_mechanical_B_sample_v3_6_cal_v2_C_rtwlib.lib(Punch_mechanical_B_sample_v3_6_cal_v2_C_9a4b384b_1_ds_a_p.lo86)
 .text.unlikely
                0x0000000008049980        0x0 Punch_mechanical_B_sample_v3_6_cal_v2_C_rtwlib.lib(Punch_mechanical_B_sample_v3_6_cal_v2_C_9a4b384b_1_ds_tdxf_p.lo86)
 .text.unlikely
                0x0000000008049980        0x0 Punch_mechanical_B_sample_v3_6_cal_v2_C_rtwlib.lib(Punch_mechanical_B_sample_v3_6_cal_v2_C_9a4b384b_1_ds_qx.lo86)
 .text.unlikely
                0x0000000008049980        0x0 Punch_mechanical_B_sample_v3_6_cal_v2_C_rtwlib.lib(Punch_mechanical_B_sample_v3_6_cal_v2_C_9a4b384b_1_ds_vmf.lo86)
 .text.unlikely
                0x0000000008049980        0x0 Punch_mechanical_B_sample_v3_6_cal_v2_C_rtwlib.lib(Punch_mechanical_B_sample_v3_6_cal_v2_C_9a4b384b_1_ds_slf.lo86)
 .text.unlikely
                0x0000000008049980        0x0 Punch_mechanical_B_sample_v3_6_cal_v2_C_rtwlib.lib(Punch_mechanical_B_sample_v3_6_cal_v2_C_9a4b384b_1_ds_ic.lo86)
 .text.unlikely
                0x0000000008049980        0x0 Punch_mechanical_B_sample_v3_6_cal_v2_C_rtwlib.lib(Punch_mechanical_B_sample_v3_6_cal_v2_C_9a4b384b_1_ds_dxicr_p.lo86)
 .text.unlikely
                0x0000000008049980        0x0 Punch_mechanical_B_sample_v3_6_cal_v2_C_rtwlib.lib(Punch_mechanical_B_sample_v3_6_cal_v2_C_9a4b384b_1_ds_log.lo86)
 .text.unlikely
                0x0000000008049980        0x0 Punch_mechanical_B_sample_v3_6_cal_v2_C_rtwlib.lib(Punch_mechanical_B_sample_v3_6_cal_v2_C_9a4b384b_1_ds_m.lo86)
 .text.unlikely
                0x0000000008049980        0x0 Punch_mechanical_B_sample_v3_6_cal_v2_C_rtwlib.lib(Punch_mechanical_B_sample_v3_6_cal_v2_C_9a4b384b_1_ds_m_p.lo86)
 .text.unlikely
                0x0000000008049980        0x0 Punch_mechanical_B_sample_v3_6_cal_v2_C_rtwlib.lib(Punch_mechanical_B_sample_v3_6_cal_v2_C_9a4b384b_1_ds_vmm.lo86)
 .text.unlikely
                0x0000000008049980        0x0 Punch_mechanical_B_sample_v3_6_cal_v2_C_rtwlib.lib(Punch_mechanical_B_sample_v3_6_cal_v2_C_9a4b384b_1_ds_mode.lo86)
 .text.unlikely
                0x0000000008049980        0x0 Punch_mechanical_B_sample_v3_6_cal_v2_C_rtwlib.lib(Punch_mechanical_B_sample_v3_6_cal_v2_C_9a4b384b_1_ds_obs_all.lo86)
 .text.unlikely
                0x0000000008049980        0x0 Punch_mechanical_B_sample_v3_6_cal_v2_C_rtwlib.lib(Punch_mechanical_B_sample_v3_6_cal_v2_C_9a4b384b_1_ds_q1_p.lo86)
 .text.unlikely
                0x0000000008049980        0x0 Punch_mechanical_B_sample_v3_6_cal_v2_C_rtwlib.lib(Punch_mechanical_B_sample_v3_6_cal_v2_C_9a4b384b_1_ds_var_tol.lo86)
 .text.unlikely
                0x0000000008049980        0x0 Punch_mechanical_B_sample_v3_6_cal_v2_C_rtwlib.lib(Punch_mechanical_B_sample_v3_6_cal_v2_C_9a4b384b_1_ds_eq_tol.lo86)
 .text.unlikely
                0x0000000008049980        0x0 Punch_mechanical_B_sample_v3_6_cal_v2_C_rtwlib.lib(Punch_mechanical_B_sample_v3_6_cal_v2_C_9a4b384b_1_ds_lv.lo86)
 .text.unlikely
                0x0000000008049980        0x0 Punch_mechanical_B_sample_v3_6_cal_v2_C_rtwlib.lib(Punch_mechanical_B_sample_v3_6_cal_v2_C_9a4b384b_1_ds_slv.lo86)
 .text.unlikely
                0x0000000008049980        0x0 Punch_mechanical_B_sample_v3_6_cal_v2_C_rtwlib.lib(Punch_mechanical_B_sample_v3_6_cal_v2_C_9a4b384b_1_ds_y.lo86)
 .text.unlikely
                0x0000000008049980        0x0 Punch_mechanical_B_sample_v3_6_cal_v2_C_rtwlib.lib(Punch_mechanical_B_sample_v3_6_cal_v2_C_9a4b384b_1_ds_dxy.lo86)
 .text.unlikely
                0x0000000008049980        0x0 Punch_mechanical_B_sample_v3_6_cal_v2_C_rtwlib.lib(Punch_mechanical_B_sample_v3_6_cal_v2_C_9a4b384b_1_ds_dxy_p.lo86)
 .text.unlikely
                0x0000000008049980        0x0 Punch_mechanical_B_sample_v3_6_cal_v2_C_rtwlib.lib(Punch_mechanical_B_sample_v3_6_cal_v2_C_9a4b384b_1_ds_mdxy_p.lo86)
 .text.unlikely
                0x0000000008049980        0x0 Punch_mechanical_B_sample_v3_6_cal_v2_C_rtwlib.lib(Punch_mechanical_B_sample_v3_6_cal_v2_C_9a4b384b_1_ds_tdxy_p.lo86)
 .text.unlikely
                0x0000000008049980        0x0 Punch_mechanical_B_sample_v3_6_cal_v2_C_rtwlib.lib(Punch_mechanical_B_sample_v3_6_cal_v2_C_9a4b384b_1_ds_zc.lo86)
 .text.unlikely
                0x0000000008049980        0x0 rtwshared.lib(look1_pbinlcapw.lo86)
 .text.unlikely
                0x0000000008049980        0x0 rtwshared.lib(look2_pbinlcapw.lo86)
 .text.unlikely
                0x0000000008049980        0x0 rtwshared.lib(rt_backsubrr_dbl.lo86)
 .text.unlikely
                0x0000000008049980        0x0 rtwshared.lib(rt_forwardsubrr_dbl.lo86)
 .text.unlikely
                0x0000000008049980        0x0 rtwshared.lib(rt_lu_real.lo86)
 .text.unlikely
                0x0000000008049980        0x0 rtwshared.lib(rt_nonfinite.lo86)
 .text.unlikely
                0x0000000008049980        0x0 rtwshared.lib(rtGetInf.lo86)
 .text.unlikely
                0x0000000008049980        0x0 rtwshared.lib(rtGetNaN.lo86)
 .text.unlikely
                0x0000000008049980        0x0 ssc_sli_r2017b_dsx86_32_2.a(ssc_sli_0bd269e6.lo86)
 .text.unlikely
                0x0000000008049980        0x0 ssc_sli_r2017b_dsx86_32_2.a(ssc_sli_5a0cb974.lo86)
 .text.unlikely
                0x0000000008049980        0x0 ssc_sli_r2017b_dsx86_32_2.a(ssc_sli_c7dda239.lo86)
 .text.unlikely
                0x0000000008049980        0x0 ssc_sli_r2017b_dsx86_32_2.a(ssc_sli_fbdf29da.lo86)
 .text.unlikely
                0x0000000008049980        0x0 ssc_sli_r2017b_dsx86_32_2.a(ssc_sli_fa0ce53e.lo86)
 .text.unlikely
                0x0000000008049980        0x0 ssc_sli_r2017b_dsx86_32_2.a(ssc_sli_550a4805.lo86)
 .text.unlikely
                0x0000000008049980        0x0 ssc_sli_r2017b_dsx86_32_2.a(ssc_sli_89d0f30a.lo86)
 .text.unlikely
                0x0000000008049980        0x0 ssc_sli_r2017b_dsx86_32_2.a(ssc_sli_9c030181.lo86)
 .text.unlikely
                0x0000000008049980        0x0 ssc_sli_r2017b_dsx86_32_2.a(ssc_sli_dcd66f69.lo86)
 .text.unlikely
                0x0000000008049980        0x0 ssc_sli_r2017b_dsx86_32_2.a(ssc_sli_eb0a5702.lo86)
 .text.unlikely
                0x0000000008049980        0x0 ssc_sli_r2017b_dsx86_32_2.a(ssc_sli_0763c151.lo86)
 .text.unlikely
                0x0000000008049980        0x0 ssc_sli_r2017b_dsx86_32_2.a(ssc_sli_360cfd63.lo86)
 .text.unlikely
                0x0000000008049980        0x0 ssc_sli_r2017b_dsx86_32_2.a(ssc_sli_43618287.lo86)
 .text.unlikely
                0x0000000008049980        0x0 ssc_sli_r2017b_dsx86_32_2.a(ssc_sli_466b08dd.lo86)
 .text.unlikely
                0x0000000008049980        0x0 ssc_sli_r2017b_dsx86_32_2.a(ssc_sli_4e028390.lo86)
 .text.unlikely
                0x0000000008049980        0x0 ssc_sli_r2017b_dsx86_32_2.a(ssc_sli_51dbd3b5.lo86)
 .text.unlikely
                0x0000000008049980        0x0 ssc_sli_r2017b_dsx86_32_2.a(ssc_sli_77063d8b.lo86)
 .text.unlikely
                0x0000000008049980        0x0 ssc_sli_r2017b_dsx86_32_2.a(ssc_sli_7a618260.lo86)
 .text.unlikely
                0x0000000008049980        0x0 ssc_sli_r2017b_dsx86_32_2.a(ssc_sli_7f630b0f.lo86)
 .text.unlikely
                0x0000000008049980        0x0 ssc_sli_r2017b_dsx86_32_2.a(ssc_sli_8a64c4e2.lo86)
 .text.unlikely
                0x0000000008049980        0x0 ssc_core_r2017b_dsx86_32_2.a(ssc_core_05058dd9.lo86)
 .text.unlikely
                0x0000000008049980        0x0 ssc_core_r2017b_dsx86_32_2.a(ssc_core_1c6b0332.lo86)
 .text.unlikely
                0x0000000008049980        0x0 ssc_core_r2017b_dsx86_32_2.a(ssc_core_2568b075.lo86)
 .text.unlikely
                0x0000000008049980        0x0 ssc_core_r2017b_dsx86_32_2.a(ssc_core_360a4baf.lo86)
 .text.unlikely
                0x0000000008049980        0x0 ssc_core_r2017b_dsx86_32_2.a(ssc_core_4965213d.lo86)
 .text.unlikely
                0x0000000008049980        0x0 ssc_core_r2017b_dsx86_32_2.a(ssc_core_67d1f118.lo86)
 .text.unlikely
                0x0000000008049980        0x0 ssc_core_r2017b_dsx86_32_2.a(ssc_core_6b6b89d2.lo86)
 .text.unlikely
                0x0000000008049980        0x0 ssc_core_r2017b_dsx86_32_2.a(ssc_core_6dd833f3.lo86)
 .text.unlikely
                0x0000000008049980        0x0 ssc_core_r2017b_dsx86_32_2.a(ssc_core_8569edc5.lo86)
 .text.unlikely
                0x0000000008049980        0x0 ssc_core_r2017b_dsx86_32_2.a(ssc_core_8a6471dc.lo86)
 .text.unlikely
                0x0000000008049980        0x0 ssc_core_r2017b_dsx86_32_2.a(ssc_core_97d767fe.lo86)
 .text.unlikely
                0x0000000008049980        0x0 ssc_core_r2017b_dsx86_32_2.a(ssc_core_a4d4c45e.lo86)
 .text.unlikely
                0x0000000008049980        0x0 ssc_core_r2017b_dsx86_32_2.a(ssc_core_abd5e7b4.lo86)
 .text.unlikely
                0x0000000008049980        0x0 ssc_core_r2017b_dsx86_32_2.a(ssc_core_acb64294.lo86)
 .text.unlikely
                0x0000000008049980        0x0 ssc_core_r2017b_dsx86_32_2.a(ssc_core_acb6462e.lo86)
 .text.unlikely
                0x0000000008049980        0x0 ssc_core_r2017b_dsx86_32_2.a(ssc_core_b1038cbb.lo86)
 .text.unlikely
                0x0000000008049980        0x0 ssc_core_r2017b_dsx86_32_2.a(ssc_core_b10e34f4.lo86)
 .text.unlikely
                0x0000000008049980        0x0 ssc_core_r2017b_dsx86_32_2.a(ssc_core_b2b3b239.lo86)
 .text.unlikely
                0x0000000008049980        0x0 ssc_core_r2017b_dsx86_32_2.a(ssc_core_b402b40d.lo86)
 .text.unlikely
                0x0000000008049980        0x0 ssc_core_r2017b_dsx86_32_2.a(ssc_core_bb0b2992.lo86)
 .text.unlikely
                0x0000000008049980        0x0 ssc_core_r2017b_dsx86_32_2.a(ssc_core_c3003040.lo86)
 .text.unlikely
                0x0000000008049980        0x0 ssc_core_r2017b_dsx86_32_2.a(ssc_core_c5b63cb2.lo86)
 .text.unlikely
                0x0000000008049980        0x0 ssc_core_r2017b_dsx86_32_2.a(ssc_core_c607b660.lo86)
 .text.unlikely
                0x0000000008049980        0x0 ssc_core_r2017b_dsx86_32_2.a(ssc_core_c8d83e88.lo86)
 .text.unlikely
                0x0000000008049980        0x0 ssc_core_r2017b_dsx86_32_2.a(ssc_core_cab615c8.lo86)
 .text.unlikely
                0x0000000008049980        0x0 ssc_core_r2017b_dsx86_32_2.a(ssc_core_cabdc251.lo86)
 .text.unlikely
                0x0000000008049980        0x0 ssc_core_r2017b_dsx86_32_2.a(ssc_core_cc067f58.lo86)
 .text.unlikely
                0x0000000008049980        0x0 ssc_core_r2017b_dsx86_32_2.a(ssc_core_d06d763c.lo86)
 .text.unlikely
                0x0000000008049980        0x0 ssc_core_r2017b_dsx86_32_2.a(ssc_core_d3d34d7c.lo86)
 .text.unlikely
                0x0000000008049980        0x0 ssc_core_r2017b_dsx86_32_2.a(ssc_core_d807fa59.lo86)
 .text.unlikely
                0x0000000008049980        0x0 ssc_core_r2017b_dsx86_32_2.a(ssc_core_d9d13dac.lo86)
 .text.unlikely
                0x0000000008049980        0x0 ssc_core_r2017b_dsx86_32_2.a(ssc_core_deb7fd8d.lo86)
 .text.unlikely
                0x0000000008049980        0x0 ssc_core_r2017b_dsx86_32_2.a(ssc_core_e0d0866d.lo86)
 .text.unlikely
                0x0000000008049980        0x0 ssc_core_r2017b_dsx86_32_2.a(ssc_core_e2b61d72.lo86)
 .text.unlikely
                0x0000000008049980        0x0 ssc_core_r2017b_dsx86_32_2.a(ssc_core_ee01086d.lo86)
 .text.unlikely
                0x0000000008049980        0x0 ssc_core_r2017b_dsx86_32_2.a(ssc_core_ee0f0141.lo86)
 .text.unlikely
                0x0000000008049980        0x0 ssc_core_r2017b_dsx86_32_2.a(ssc_core_f9b6dbed.lo86)
 .text.unlikely
                0x0000000008049980        0x0 ssc_core_r2017b_dsx86_32_2.a(ssc_core_fa09e9e6.lo86)
 .text.unlikely
                0x0000000008049980        0x0 ssc_core_r2017b_dsx86_32_2.a(ssc_core_fbd34e62.lo86)
 .text.unlikely
                0x0000000008049980        0x0 ssc_core_r2017b_dsx86_32_2.a(ssc_core_ff06d9a4.lo86)
 .text.unlikely
                0x0000000008049980        0x0 ssc_core_r2017b_dsx86_32_2.a(ssc_core_01dcc633.lo86)
 .text.unlikely
                0x0000000008049980        0x0 ssc_core_r2017b_dsx86_32_2.a(ssc_core_06ba68a6.lo86)
 .text.unlikely
                0x0000000008049980        0x0 ssc_core_r2017b_dsx86_32_2.a(ssc_core_0f019bd9.lo86)
 .text.unlikely
                0x0000000008049980        0x0 ssc_core_r2017b_dsx86_32_2.a(ssc_core_0f0420a6.lo86)
 .text.unlikely
                0x0000000008049980        0x0 ssc_core_r2017b_dsx86_32_2.a(ssc_core_1b0cafd5.lo86)
 .text.unlikely
                0x0000000008049980        0x0 ssc_core_r2017b_dsx86_32_2.a(ssc_core_3169e4b7.lo86)
 .text.unlikely
                0x0000000008049980        0x0 ssc_core_r2017b_dsx86_32_2.a(ssc_core_37d4ea84.lo86)
 .text.unlikely
                0x0000000008049980        0x0 ssc_core_r2017b_dsx86_32_2.a(ssc_core_40dfdbdc.lo86)
 .text.unlikely
                0x0000000008049980        0x0 ssc_core_r2017b_dsx86_32_2.a(ssc_core_41017299.lo86)
 .text.unlikely
                0x0000000008049980        0x0 ssc_core_r2017b_dsx86_32_2.a(ssc_core_4666b45b.lo86)
 .text.unlikely
                0x0000000008049980        0x0 ssc_core_r2017b_dsx86_32_2.a(ssc_core_48b1386a.lo86)
 .text.unlikely
                0x0000000008049980        0x0 ssc_core_r2017b_dsx86_32_2.a(ssc_core_4ad9135b.lo86)
 .text.unlikely
                0x0000000008049980        0x0 ssc_core_r2017b_dsx86_32_2.a(ssc_core_4db6bd68.lo86)
 .text.unlikely
                0x0000000008049980        0x0 ssc_core_r2017b_dsx86_32_2.a(ssc_core_4db86fcc.lo86)
 .text.unlikely
                0x0000000008049980        0x0 ssc_core_r2017b_dsx86_32_2.a(ssc_core_4e03e39d.lo86)
 .text.unlikely
                0x0000000008049980        0x0 ssc_core_r2017b_dsx86_32_2.a(ssc_core_54d55ae9.lo86)
 .text.unlikely
                0x0000000008049980        0x0 ssc_core_r2017b_dsx86_32_2.a(ssc_core_56b1a2bf.lo86)
 .text.unlikely
                0x0000000008049980        0x0 ssc_core_r2017b_dsx86_32_2.a(ssc_core_59b034b8.lo86)
 .text.unlikely
                0x0000000008049980        0x0 ssc_core_r2017b_dsx86_32_2.a(ssc_core_5d6ba758.lo86)
 .text.unlikely
                0x0000000008049980        0x0 ssc_core_r2017b_dsx86_32_2.a(ssc_core_68da074b.lo86)
 .text.unlikely
                0x0000000008049980        0x0 ssc_core_r2017b_dsx86_32_2.a(ssc_core_73d9c2b7.lo86)
 .text.unlikely
                0x0000000008049980        0x0 ssc_core_r2017b_dsx86_32_2.a(ssc_core_79dd08ab.lo86)
 .text.unlikely
                0x0000000008049980        0x0 ssc_core_r2017b_dsx86_32_2.a(ssc_core_7a613edb.lo86)
 .text.unlikely
                0x0000000008049980        0x0 ssc_core_r2017b_dsx86_32_2.a(ssc_core_83db8762.lo86)
 .text.unlikely
                0x0000000008049980        0x0 ssc_core_r2017b_dsx86_32_2.a(ssc_core_856738f2.lo86)
 .text.unlikely
                0x0000000008049980        0x0 ssc_core_r2017b_dsx86_32_2.a(ssc_core_8d0064b8.lo86)
 .text.unlikely
                0x0000000008049980        0x0 ssc_core_r2017b_dsx86_32_2.a(ssc_core_96061071.lo86)
 .text.unlikely
                0x0000000008049980        0x0 ssc_core_r2017b_dsx86_32_2.a(ssc_core_9c016445.lo86)
 .text.unlikely
                0x0000000008049980        0x0 ssc_core_r2017b_dsx86_32_2.a(ssc_core_9dd110ad.lo86)
 .text.unlikely
                0x0000000008049980        0x0 ssc_core_r2017b_dsx86_32_2.a(ssc_core_9fb0e229.lo86)
 .text.unlikely
                0x0000000008049980        0x0 ssc_core_r2017b_dsx86_32_2.a(ssc_core_9fb25b4f.lo86)
 .text.unlikely
                0x0000000008049980        0x0 ssc_core_r2017b_dsx86_32_2.a(ssc_core_a1d393be.lo86)
 .text.unlikely
                0x0000000008049980        0x0 ssc_core_r2017b_dsx86_32_2.a(ssc_core_a6b78ccc.lo86)
 .text.unlikely
                0x0000000008049980        0x0 ssc_core_r2017b_dsx86_32_2.a(ssc_core_a867d880.lo86)
 .text.unlikely
                0x0000000008049980        0x0 ssc_core_r2017b_dsx86_32_2.a(ssc_core_a9bf1ff2.lo86)
 .text.unlikely
                0x0000000008049980        0x0 ssc_core_r2017b_dsx86_32_2.a(ssc_core_abd05c18.lo86)
 .text.unlikely
                0x0000000008049980        0x0 ssc_core_r2017b_dsx86_32_2.a(ssc_core_b3671372.lo86)
 .text.unlikely
                0x0000000008049980        0x0 ssc_core_r2017b_dsx86_32_2.a(ssc_core_b7b88213.lo86)
 .text.unlikely
                0x0000000008049980        0x0 ssc_core_r2017b_dsx86_32_2.a(ssc_core_b96ebc21.lo86)
 .text.unlikely
                0x0000000008049980        0x0 ssc_core_r2017b_dsx86_32_2.a(ssc_core_c5b050d7.lo86)
 .text.unlikely
                0x0000000008049980        0x0 ssc_core_r2017b_dsx86_32_2.a(ssc_core_d70a6a09.lo86)
 .text.unlikely
                0x0000000008049980        0x0 ssc_core_r2017b_dsx86_32_2.a(ssc_core_dcda6edd.lo86)
 .text.unlikely
                0x0000000008049980        0x0 ssc_core_r2017b_dsx86_32_2.a(ssc_core_09b5fa6e.lo86)
 .text.unlikely
                0x0000000008049980        0x0 ssc_core_r2017b_dsx86_32_2.a(ssc_core_0bd666aa.lo86)
 .text.unlikely
                0x0000000008049980        0x0 ssc_core_r2017b_dsx86_32_2.a(ssc_core_76d825be.lo86)
 .text.unlikely
                0x0000000008049980        0x0 ssc_core_r2017b_dsx86_32_2.a(ssc_core_a4da1d0a.lo86)
 .text.unlikely
                0x0000000008049980        0x0 ssc_core_r2017b_dsx86_32_2.a(ssc_core_bc648043.lo86)
 .text.unlikely
                0x0000000008049980        0x0 ssc_core_r2017b_dsx86_32_2.a(ssc_core_ce6a84bb.lo86)
 .text.unlikely
                0x0000000008049980        0x0 ne_r2017b_dsx86_32_2.a(ne_59b4e14a.lo86)
 .text.unlikely
                0x0000000008049980        0x0 mc_r2017b_dsx86_32_2.a(mc_0bd30dee.lo86)
 .text.unlikely
                0x0000000008049980        0x0 mc_r2017b_dsx86_32_2.a(mc_110e6c6c.lo86)
 .text.unlikely
                0x0000000008049980        0x0 mc_r2017b_dsx86_32_2.a(mc_15d828ca.lo86)
 .text.unlikely
                0x0000000008049980        0x0 mc_r2017b_dsx86_32_2.a(mc_2565d6e0.lo86)
 .text.unlikely
                0x0000000008049980        0x0 mc_r2017b_dsx86_32_2.a(mc_47b8cebe.lo86)
 .text.unlikely
                0x0000000008049980        0x0 mc_r2017b_dsx86_32_2.a(mc_4b0301c6.lo86)
 .text.unlikely
                0x0000000008049980        0x0 mc_r2017b_dsx86_32_2.a(mc_52623861.lo86)
 .text.unlikely
                0x0000000008049980        0x0 mc_r2017b_dsx86_32_2.a(mc_53b1fc84.lo86)
 .text.unlikely
                0x0000000008049980        0x0 mc_r2017b_dsx86_32_2.a(mc_550847c3.lo86)
 .text.unlikely
                0x0000000008049980        0x0 mc_r2017b_dsx86_32_2.a(mc_5766048f.lo86)
 .text.unlikely
                0x0000000008049980        0x0 mc_r2017b_dsx86_32_2.a(mc_59b6e413.lo86)
 .text.unlikely
                0x0000000008049980        0x0 mc_r2017b_dsx86_32_2.a(mc_630dda0e.lo86)
 .text.unlikely
                0x0000000008049980        0x0 mc_r2017b_dsx86_32_2.a(mc_67da4f41.lo86)
 .text.unlikely
                0x0000000008049980        0x0 mc_r2017b_dsx86_32_2.a(mc_6b6d311a.lo86)
 .text.unlikely
                0x0000000008049980        0x0 mc_r2017b_dsx86_32_2.a(mc_7bbf41f0.lo86)
 .text.unlikely
                0x0000000008049980        0x0 mc_r2017b_dsx86_32_2.a(mc_7d0547c8.lo86)
 .text.unlikely
                0x0000000008049980        0x0 mc_r2017b_dsx86_32_2.a(mc_7d099de7.lo86)
 .text.unlikely
                0x0000000008049980        0x0 mc_r2017b_dsx86_32_2.a(mc_7eb21b39.lo86)
 .text.unlikely
                0x0000000008049980        0x0 mc_r2017b_dsx86_32_2.a(mc_81b5717e.lo86)
 .text.unlikely
                0x0000000008049980        0x0 mc_r2017b_dsx86_32_2.a(mc_89d597cf.lo86)
 .text.unlikely
                0x0000000008049980        0x0 mc_r2017b_dsx86_32_2.a(mc_90b6aa0a.lo86)
 .text.unlikely
                0x0000000008049980        0x0 mc_r2017b_dsx86_32_2.a(mc_9ab7d9b0.lo86)
 .text.unlikely
                0x0000000008049980        0x0 mc_r2017b_dsx86_32_2.a(mc_9b6c1529.lo86)
 .text.unlikely
                0x0000000008049980        0x0 mc_r2017b_dsx86_32_2.a(mc_a2647600.lo86)
 .text.unlikely
                0x0000000008049980        0x0 mc_r2017b_dsx86_32_2.a(mc_a26bab1a.lo86)
 .text.unlikely
                0x0000000008049980        0x0 mc_r2017b_dsx86_32_2.a(mc_a3b90582.lo86)
 .text.unlikely
                0x0000000008049980        0x0 mc_r2017b_dsx86_32_2.a(mc_a865d1dd.lo86)
 .text.unlikely
                0x0000000008049980        0x0 mc_r2017b_dsx86_32_2.a(mc_acb3fad7.lo86)
 .text.unlikely
                0x0000000008049980        0x0 mc_r2017b_dsx86_32_2.a(mc_af0cc4c9.lo86)
 .text.unlikely
                0x0000000008049980        0x0 mc_r2017b_dsx86_32_2.a(mc_b0de9cbc.lo86)
 .text.unlikely
                0x0000000008049980        0x0 mc_r2017b_dsx86_32_2.a(mc_b362c5eb.lo86)
 .text.unlikely
                0x0000000008049980        0x0 mc_r2017b_dsx86_32_2.a(mc_b7b03d44.lo86)
 .text.unlikely
                0x0000000008049980        0x0 mc_r2017b_dsx86_32_2.a(mc_b96a0bad.lo86)
 .text.unlikely
                0x0000000008049980        0x0 mc_r2017b_dsx86_32_2.a(mc_bb0520ee.lo86)
 .text.unlikely
                0x0000000008049980        0x0 mc_r2017b_dsx86_32_2.a(mc_bdbb9b78.lo86)
 .text.unlikely
                0x0000000008049980        0x0 mc_r2017b_dsx86_32_2.a(mc_c8d25d23.lo86)
 .text.unlikely
                0x0000000008049980        0x0 mc_r2017b_dsx86_32_2.a(mc_d20085b7.lo86)
 .text.unlikely
                0x0000000008049980        0x0 mc_r2017b_dsx86_32_2.a(mc_d9d38185.lo86)
 .text.unlikely
                0x0000000008049980        0x0 mc_r2017b_dsx86_32_2.a(mc_e7bc2f1a.lo86)
 .text.unlikely
                0x0000000008049980        0x0 mc_r2017b_dsx86_32_2.a(mc_e969ae87.lo86)
 .text.unlikely
                0x0000000008049980        0x0 mc_r2017b_dsx86_32_2.a(mc_edbf543c.lo86)
 .text.unlikely
                0x0000000008049980        0x0 mc_r2017b_dsx86_32_2.a(mc_efdea3a7.lo86)
 .text.unlikely
                0x0000000008049980        0x0 mc_r2017b_dsx86_32_2.a(mc_f3be157c.lo86)
 .text.unlikely
                0x0000000008049980        0x0 mc_r2017b_dsx86_32_2.a(mc_fcb15a9b.lo86)
 .text.unlikely
                0x0000000008049980        0x0 mc_r2017b_dsx86_32_2.a(mc_fd619d14.lo86)
 .text.unlikely
                0x0000000008049980        0x0 mc_r2017b_dsx86_32_2.a(mc_fd6341bb.lo86)
 .text.unlikely
                0x0000000008049980        0x0 mc_r2017b_dsx86_32_2.a(mc_03b98f6f.lo86)
 .text.unlikely
                0x0000000008049980        0x0 mc_r2017b_dsx86_32_2.a(mc_0d6fd085.lo86)
 .text.unlikely
                0x0000000008049980        0x0 mc_r2017b_dsx86_32_2.a(mc_0ed73c49.lo86)
 .text.unlikely
                0x0000000008049980        0x0 mc_r2017b_dsx86_32_2.a(mc_11086079.lo86)
 .text.unlikely
                0x0000000008049980        0x0 mc_r2017b_dsx86_32_2.a(mc_15d12d95.lo86)
 .text.unlikely
                0x0000000008049980        0x0 mc_r2017b_dsx86_32_2.a(mc_2cdc96b4.lo86)
 .text.unlikely
                0x0000000008049980        0x0 mc_r2017b_dsx86_32_2.a(mc_32dc008a.lo86)
 .text.unlikely
                0x0000000008049980        0x0 mc_r2017b_dsx86_32_2.a(mc_3e66abdf.lo86)
 .text.unlikely
                0x0000000008049980        0x0 mc_r2017b_dsx86_32_2.a(mc_51d4094e.lo86)
 .text.unlikely
                0x0000000008049980        0x0 mc_r2017b_dsx86_32_2.a(mc_52688a58.lo86)
 .text.unlikely
                0x0000000008049980        0x0 mc_r2017b_dsx86_32_2.a(mc_5d65cd86.lo86)
 .text.unlikely
                0x0000000008049980        0x0 mc_r2017b_dsx86_32_2.a(mc_67da200d.lo86)
 .text.unlikely
                0x0000000008049980        0x0 mc_r2017b_dsx86_32_2.a(mc_6fb1c336.lo86)
 .text.unlikely
                0x0000000008049980        0x0 mc_r2017b_dsx86_32_2.a(mc_7a613aec.lo86)
 .text.unlikely
                0x0000000008049980        0x0 mc_r2017b_dsx86_32_2.a(mc_7cd58f0b.lo86)
 .text.unlikely
                0x0000000008049980        0x0 mc_r2017b_dsx86_32_2.a(mc_7cdbe436.lo86)
 .text.unlikely
                0x0000000008049980        0x0 mc_r2017b_dsx86_32_2.a(mc_870ec75e.lo86)
 .text.unlikely
                0x0000000008049980        0x0 mc_r2017b_dsx86_32_2.a(mc_9b6376d1.lo86)
 .text.unlikely
                0x0000000008049980        0x0 mc_r2017b_dsx86_32_2.a(mc_dbbb14d2.lo86)
 .text.unlikely
                0x0000000008049980        0x0 mc_r2017b_dsx86_32_2.a(mc_dcdddfae.lo86)
 .text.unlikely
                0x0000000008049980        0x0 mc_r2017b_dsx86_32_2.a(mc_debb448f.lo86)
 .text.unlikely
                0x0000000008049980        0x0 mc_r2017b_dsx86_32_2.a(mc_220ba961.lo86)
 .text.unlikely
                0x0000000008049980        0x0 ex_r2017b_dsx86_32_2.a(ex_04d5441d.lo86)
 .text.unlikely
                0x0000000008049980        0x0 ex_r2017b_dsx86_32_2.a(ex_18b4440a.lo86)
 .text.unlikely
                0x0000000008049980        0x0 ex_r2017b_dsx86_32_2.a(ex_8a6fc761.lo86)
 .text.unlikely
                0x0000000008049980        0x0 pm_r2017b_dsx86_32_2.a(pm_09bc42e2.lo86)
 .text.unlikely
                0x0000000008049980        0x0 pm_r2017b_dsx86_32_2.a(pm_14098e54.lo86)
 .text.unlikely
                0x0000000008049980        0x0 pm_r2017b_dsx86_32_2.a(pm_26dc3230.lo86)
 .text.unlikely
                0x0000000008049980        0x0 pm_r2017b_dsx86_32_2.a(pm_4fd5f5b9.lo86)
 .text.unlikely
                0x0000000008049980        0x0 pm_r2017b_dsx86_32_2.a(pm_fed8c2c9.lo86)
 .text.unlikely
                0x0000000008049980        0x0 c:/programdata/dspace/071346ea-bffa-4465-9551-2e48edf35320/compiler/qnx650_520/host/win32/x86/usr/bin/../lib/gcc/i486-pc-nto-qnx6.5.0/5.2.0/crtend.o
 *(.text.exit .text.exit.*)
 *(.text.startup .text.startup.*)
 .text.startup  0x0000000008049980       0x31 dssimengine_main.o86
                0x0000000008049980                _Z32__registerApplDsCApplicationMainv
 *fill*         0x00000000080499b1        0xf 9090
 .text.startup  0x00000000080499c0       0x13 rtosal_simengineap.o86
                0x00000000080499c0                _Z21__registerRTTMPConfigv
 *fill*         0x00000000080499d3        0xd 9090
 .text.startup  0x00000000080499e0       0x16 IOCode_Data.o86
                0x00000000080499e0                _Z31__registerResourceg_ResourceMapv
 *(.text.hot .text.hot.*)
 *(.text .stub .text.* .gnu.linkonce.t.*)
 *fill*         0x00000000080499f6        0x2 9090
 .text          0x00000000080499f8       0x91 C:\ProgramData\dSPACE\071346ea-bffa-4465-9551-2e48edf35320\Compiler\QNX650_520\target\qnx6/x86/lib/crt1.o
                0x0000000008049a00                _start
 *fill*         0x0000000008049a89        0x3 9090
 .text          0x0000000008049a8c        0x0 C:\ProgramData\dSPACE\071346ea-bffa-4465-9551-2e48edf35320\Compiler\QNX650_520\target\qnx6/x86/lib/crti.o
 *fill*         0x0000000008049a8c        0x4 9090
 .text          0x0000000008049a90      0x1a5 c:/programdata/dspace/071346ea-bffa-4465-9551-2e48edf35320/compiler/qnx650_520/host/win32/x86/usr/bin/../lib/gcc/i486-pc-nto-qnx6.5.0/5.2.0/crtbegin.o
 .text.__x86.get_pc_thunk.dx
                0x0000000008049c35        0x4 c:/programdata/dspace/071346ea-bffa-4465-9551-2e48edf35320/compiler/qnx650_520/host/win32/x86/usr/bin/../lib/gcc/i486-pc-nto-qnx6.5.0/5.2.0/crtbegin.o
                0x0000000008049c35                __x86.get_pc_thunk.dx
 .text.__x86.get_pc_thunk.bx
                0x0000000008049c39        0x4 c:/programdata/dspace/071346ea-bffa-4465-9551-2e48edf35320/compiler/qnx650_520/host/win32/x86/usr/bin/../lib/gcc/i486-pc-nto-qnx6.5.0/5.2.0/crtbegin.o
                0x0000000008049c39                __x86.get_pc_thunk.bx
 *fill*         0x0000000008049c3d        0x3 9090
 .text          0x0000000008049c40       0x45 mdladapter_mdlfunctions.o86
                0x0000000008049c40                STLA_MECHANICAL_APTerminateSimulation
                0x0000000008049c50                STLA_MECHANICAL_APLastApplStateStopped
                0x0000000008049c70                STLA_MECHANICAL_APStopSimulation
                0x0000000008049c80                STLA_MECHANICAL_APPrintMessage
 .text          0x0000000008049c85      0x92e mdlCode_ap.o86
                0x0000000008049c85                ap_entry_STLA_MECHANICAL_SIDRoot_TID0
                0x0000000008049caf                ap_exit_STLA_MECHANICAL_SIDRoot_TID0
                0x0000000008049cc1                ap_read_STLA_MECHANICAL_DataInportSFcn_BR1_P0
                0x0000000008049ce1                ap_read_STLA_MECHANICAL_DataInportSFcn_BR1_P1
                0x0000000008049d01                ap_read_STLA_MECHANICAL_DataInportSFcn_BR1_P2
                0x0000000008049d21                ap_read_STLA_MECHANICAL_DataInportSFcn_BR1_P3
                0x0000000008049d41                ap_read_STLA_MECHANICAL_DataInportSFcn_BR1_P4
                0x0000000008049d61                ap_read_STLA_MECHANICAL_DataInportSFcn_BR1_P5
                0x0000000008049d81                ap_read_STLA_MECHANICAL_DataInportSFcn_BR1_P6
                0x0000000008049da1                ap_read_STLA_MECHANICAL_DataInportSFcn_BR1_P7
                0x0000000008049dc1                ap_read_STLA_MECHANICAL_DataInportSFcn_BR1_P8
                0x0000000008049de1                ap_read_STLA_MECHANICAL_DataInportSFcn_BR1_P9
                0x0000000008049e01                ap_read_STLA_MECHANICAL_DataInportSFcn_BR1_P10
                0x0000000008049e21                ap_read_STLA_MECHANICAL_DataInportSFcn_BR1_P11
                0x0000000008049e41                ap_read_STLA_MECHANICAL_DataInportSFcn_BR1_P12
                0x0000000008049e61                ap_read_STLA_MECHANICAL_DataInportSFcn_BR1_P13
                0x0000000008049e81                ap_read_STLA_MECHANICAL_DataInportSFcn_BR1_P14
                0x0000000008049ea1                ap_read_STLA_MECHANICAL_DataInportSFcn_BR1_P15
                0x0000000008049ec1                ap_read_STLA_MECHANICAL_DataInportSFcn_BR1_P16
                0x0000000008049ee1                ap_read_STLA_MECHANICAL_DataInportSFcn_BR1_P17
                0x0000000008049f01                ap_read_STLA_MECHANICAL_DataInportSFcn_BR1_P18
                0x0000000008049f21                ap_read_STLA_MECHANICAL_DataInportSFcn_BR1_P19
                0x0000000008049f41                ap_write_STLA_MECHANICAL_DataOutportSFcn_BW1_P0
                0x0000000008049f5f                ap_write_STLA_MECHANICAL_DataOutportSFcn_BW1_P1
                0x0000000008049f7d                ap_write_STLA_MECHANICAL_DataOutportSFcn_BW1_P2
                0x0000000008049f9b                ap_write_STLA_MECHANICAL_DataOutportSFcn_BW1_P3
                0x0000000008049fb9                ap_write_STLA_MECHANICAL_DataOutportSFcn_BW1_P4
                0x0000000008049fd7                ap_write_STLA_MECHANICAL_DataOutportSFcn_BW1_P5
                0x0000000008049ff5                ap_write_STLA_MECHANICAL_DataOutportSFcn_BW1_P6
                0x000000000804a013                ap_write_STLA_MECHANICAL_DataOutportSFcn_BW1_P7
                0x000000000804a031                ap_write_STLA_MECHANICAL_DataOutportSFcn_BW1_P8
                0x000000000804a04f                ap_write_STLA_MECHANICAL_DataOutportSFcn_BW1_P9
                0x000000000804a06d                ap_write_STLA_MECHANICAL_DataOutportSFcn_BW1_P10
                0x000000000804a08b                ap_write_STLA_MECHANICAL_DataOutportSFcn_BW1_P11
                0x000000000804a0a9                ap_write_STLA_MECHANICAL_DataOutportSFcn_BW1_P12
                0x000000000804a0c7                ap_write_STLA_MECHANICAL_DataOutportSFcn_BW1_P13
                0x000000000804a0e5                ap_write_STLA_MECHANICAL_DataOutportSFcn_BW1_P14
                0x000000000804a103                ap_write_STLA_MECHANICAL_DataOutportSFcn_BW1_P15
                0x000000000804a121                ap_write_STLA_MECHANICAL_DataOutportSFcn_BW1_P16
                0x000000000804a13f                ap_write_STLA_MECHANICAL_DataOutportSFcn_BW1_P17
                0x000000000804a15d                ap_write_STLA_MECHANICAL_DataOutportSFcn_BW1_P18
                0x000000000804a17b                ap_write_STLA_MECHANICAL_DataOutportSFcn_BW1_P19
                0x000000000804a199                ap_write_STLA_MECHANICAL_DataOutportSFcn_BW1_P20
                0x000000000804a1b7                ap_write_STLA_MECHANICAL_DataOutportSFcn_BW1_P21
                0x000000000804a1d5                ap_write_STLA_MECHANICAL_DataOutportSFcn_BW1_P22
                0x000000000804a1f3                ap_write_STLA_MECHANICAL_DataOutportSFcn_BW1_P23
                0x000000000804a211                ap_write_STLA_MECHANICAL_DataOutportSFcn_BW1_P24
                0x000000000804a22f                ap_write_STLA_MECHANICAL_DataOutportSFcn_BW1_P25
                0x000000000804a24d                ap_write_STLA_MECHANICAL_DataOutportSFcn_BW1_P26
                0x000000000804a26b                ap_write_STLA_MECHANICAL_DataOutportSFcn_BW1_P27
                0x000000000804a289                ap_write_STLA_MECHANICAL_DataOutportSFcn_BW1_P28
                0x000000000804a2a7                ap_write_STLA_MECHANICAL_DataOutportSFcn_BW1_P29
                0x000000000804a2c5                ap_write_STLA_MECHANICAL_DataOutportSFcn_BW1_P30
                0x000000000804a2e3                ap_write_STLA_MECHANICAL_DataOutportSFcn_BW1_P31
                0x000000000804a301                ap_write_STLA_MECHANICAL_DataOutportSFcn_BW1_P32
                0x000000000804a31f                ap_write_STLA_MECHANICAL_DataOutportSFcn_BW1_P33
                0x000000000804a33d                ap_write_STLA_MECHANICAL_DataOutportSFcn_BW1_P34
                0x000000000804a35b                ap_write_STLA_MECHANICAL_DataOutportSFcn_BW1_P35
                0x000000000804a379                ap_write_STLA_MECHANICAL_DataOutportSFcn_BW1_P36
                0x000000000804a397                ap_write_STLA_MECHANICAL_DataOutportSFcn_BW1_P37
                0x000000000804a3b5                ap_write_STLA_MECHANICAL_DataOutportSFcn_BW1_P38
                0x000000000804a3d3                ap_write_STLA_MECHANICAL_DataOutportSFcn_BW1_P39
                0x000000000804a3f1                ap_write_STLA_MECHANICAL_DataOutportSFcn_BW1_P40
                0x000000000804a40f                ap_write_STLA_MECHANICAL_DataOutportSFcn_BW1_P41
                0x000000000804a42d                ap_write_STLA_MECHANICAL_DataOutportSFcn_BW1_P42
                0x000000000804a44b                ap_write_STLA_MECHANICAL_DataOutportSFcn_BW1_P43
                0x000000000804a469                ap_write_STLA_MECHANICAL_DataOutportSFcn_BW1_P44
                0x000000000804a487                ap_write_STLA_MECHANICAL_DataOutportSFcn_BW1_P45
                0x000000000804a4a5                ap_write_STLA_MECHANICAL_DataOutportSFcn_BW1_P46
                0x000000000804a4c3                ap_write_STLA_MECHANICAL_DataOutportSFcn_BW1_P47
                0x000000000804a4e1                ap_write_STLA_MECHANICAL_DataOutportSFcn_BW1_P48
                0x000000000804a4ff                ap_write_STLA_MECHANICAL_DataOutportSFcn_BW1_P49
                0x000000000804a51d                ap_write_STLA_MECHANICAL_DataOutportSFcn_BW1_P50
                0x000000000804a53b                ap_write_STLA_MECHANICAL_DataOutportSFcn_BW1_P51
                0x000000000804a559                ap_write_STLA_MECHANICAL_DataOutportSFcn_BW1_P52
                0x000000000804a577                ap_write_STLA_MECHANICAL_DataOutportSFcn_BW1_P53
                0x000000000804a595                ap_write_STLA_MECHANICAL_DataOutportSFcn_BW1_P54
 *fill*         0x000000000804a5b3        0xd 9090
 .text          0x000000000804a5c0      0x4a1 dssimengine_accesspoint.o86
                0x000000000804a5c0                _Z17ApSimEngineOnInitR16DsCErrorListPool
                0x000000000804a730                _Z18ApSimEngineOnStartR16DsCErrorListPool
                0x000000000804a760                _Z17ApSimEngineOnStopR16DsCErrorListPool
                0x000000000804a770                _Z22ApSimEngineOnTerminateR16DsCErrorListPool
                0x000000000804a780                _Z19ApSimEngineOnUnloadR16DsCErrorListPool
                0x000000000804a790                _Z20ApSimEngineOnInitMdlR16DsCErrorListPool
                0x000000000804a7a0                _Z21ApSimEngineOnStartMdlR16DsCErrorListPool
                0x000000000804a7b0                _Z20ApSimEngineOnStopMdlR16DsCErrorListPool
                0x000000000804a7c0                _Z25ApSimEngineOnTerminateMdlR16DsCErrorListPool
                0x000000000804a7d0                _Z22ApSimEngineOnUnloadMdlR16DsCErrorListPool
                0x000000000804a7e0                _Z20ApSimEngineOnInitImcR16DsCErrorListPool
                0x000000000804a890                _Z21ApSimEngineOnStartImcR16DsCErrorListPool
                0x000000000804a8a0                _Z20ApSimEngineOnStopImcR16DsCErrorListPool
                0x000000000804a8b0                _Z25ApSimEngineOnTerminateImcR16DsCErrorListPool
                0x000000000804a8c0                _Z22ApSimEngineOnUnloadImcR16DsCErrorListPool
                0x000000000804a8d0                _Z30ApSimEngineOnInitIoPreRtosInitR16DsCErrorListPool
                0x000000000804a8f0                _Z31ApSimEngineOnInitIoPostRtosInitR16DsCErrorListPool
                0x000000000804a900                _Z30ApSimEngineOnInitHwDiagnosticsR16DsCErrorListPool
                0x000000000804a990                _Z20ApSimEngineOnStartIoR16DsCErrorListPool
                0x000000000804a9b0                _Z19ApSimEngineOnStopIoR16DsCErrorListPool
                0x000000000804a9c0                _Z24ApSimEngineOnTerminateIoR16DsCErrorListPool
                0x000000000804a9d0                _Z21ApSimEngineOnUnloadIoR16DsCErrorListPool
                0x000000000804a9e0                _Z21ApSimEngineOnInitRtosR16DsCErrorListPool
                0x000000000804aa10                _Z22ApSimEngineOnStartRtosR16DsCErrorListPool
                0x000000000804aa20                _Z21ApSimEngineOnStopRtosR16DsCErrorListPool
                0x000000000804aa30                _Z26ApSimEngineOnTerminateRtosR16DsCErrorListPool
                0x000000000804aa40                _Z23ApSimEngineOnUnloadRtosR16DsCErrorListPool
                0x000000000804aa50                _Z15ApSimEngineIdleR16DsCErrorListPool
                0x000000000804aa60                _Z22ApSimEngineRunTimeInitR16DsCErrorListPooli
 *fill*         0x000000000804aa61        0xf 9090
 .text          0x000000000804aa70       0x56 dssimengine_api.o86
                0x000000000804aa70                _Z25SimEngineLastApplStateGetv
                0x000000000804aa80                _Z17SimEngineApplStopv
                0x000000000804aaa0                _Z22SimEngineApplTerminatev
                0x000000000804aac0                _Z16SimEngineApplGetv
 *fill*         0x000000000804aac6        0xa 9090
 .text          0x000000000804aad0      0x1a3 dssimengine_main.o86
                0x000000000804aad0                destroyApplication
                0x000000000804ab00                getApplicationErrorList
                0x000000000804ab10                _ZN18DsCApplicationMainD1Ev
                0x000000000804ab10                _ZN18DsCApplicationMainD2Ev
                0x000000000804ab30                _ZN18DsCApplicationMainD0Ev
                0x000000000804ab60                createApplication
                0x000000000804abb0                _ZN18DsCApplicationMain6onInitER16DsCErrorListPool
                0x000000000804abd0                _ZN18DsCApplicationMain7onStartER16DsCErrorListPool
                0x000000000804abf0                _ZN18DsCApplicationMain6onStopER16DsCErrorListPool
                0x000000000804ac10                _ZN18DsCApplicationMain11onTerminateER16DsCErrorListPool
                0x000000000804ac30                _ZN18DsCApplicationMain8onUnloadER16DsCErrorListPool
                0x000000000804ac40                _ZN18DsCApplicationMain6onIdleER16DsCErrorListPool
                0x000000000804ac50                _ZN18DsCApplicationMainC1ER16DsCErrorListPool
                0x000000000804ac50                _ZN18DsCApplicationMainC2ER16DsCErrorListPool
 *fill*         0x000000000804ac73        0xd 9090
 .text          0x000000000804ac80      0x2ea rtosal_task.o86
                0x000000000804ac80                _ZN24DsCRtosAlPeriodic_Task_2D1Ev
                0x000000000804ac80                _ZN24DsCRtosAlPeriodic_Task_2D2Ev
                0x000000000804ac90                _ZN24DsCRtosAlPeriodic_Task_2D0Ev
                0x000000000804acc0                _ZN24DsCRtosAlPeriodic_Task_25onRunER16DsCErrorListPool
                0x000000000804ad00                _ZN24DsCRtosAlPeriodic_Task_29onOverrunER16DsCErrorListPool
                0x000000000804ad90                _ZN24DsCRtosAlPeriodic_Task_2C1ER16DsCErrorListPoolP14DsCApplicationPKcjjjjjjjP7DsCTaskj
                0x000000000804ad90                _ZN24DsCRtosAlPeriodic_Task_2C2ER16DsCErrorListPoolP14DsCApplicationPKcjjjjjjjP7DsCTaskj
                0x000000000804ade0                _ZN24DsCRtosAlPeriodic_Task_26createER16DsCErrorListPoolP14DsCApplicationPKcjjjjjjjP7DsCTaskj
                0x000000000804ae60                _Z37RtosAlDefaultDeadlineViolationHandlerR16DsCErrorListPoolP7DsCTask
                0x000000000804aed0                _Z20RtosAlHandleOverrunsP7DsCTaski
 *fill*         0x000000000804af6a        0x6 9090
 .text          0x000000000804af70       0x78 rtosal_taskap.o86
                0x000000000804af70                RtosAlTask_03_TaskEntry
                0x000000000804af80                RtosAlTask_03_TaskExit
 *fill*         0x000000000804afe8        0x8 9090
 .text          0x000000000804aff0      0x1f4 rtosal_simengineap.o86
                0x000000000804aff0                _Z12RtosAlOnInitR16DsCErrorListPool
                0x000000000804b0a0                _Z13RtosAlOnStartR16DsCErrorListPool
 .text          0x000000000804b1e4        0x0 IOCode_Data.o86
 .text          0x000000000804b1e4        0x0 mdlcfg_interapplcom.o86
 *fill*         0x000000000804b1e4        0xc 9090
 .text          0x000000000804b1f0      0xb73 rtosal_interapplcom.o86
                0x000000000804b1f0                _ZN13DsCSendBuffer16CreateSendBufferER16DsCErrorListPooljjjPKcj
                0x000000000804b240                _ZN13DsCSendBufferC2EP11DsCMpSenderjj
                0x000000000804b240                _ZN13DsCSendBufferC1EP11DsCMpSenderjj
                0x000000000804b260                _ZN13DsCSendBuffer12WriteFloat64EjPdj
                0x000000000804b2d0                _ZN13DsCSendBuffer12WriteFloat32EjPfj
                0x000000000804b340                _ZN13DsCSendBuffer10WriteInt32EjPij
                0x000000000804b3b0                _ZN13DsCSendBuffer11WriteUInt32EjPjj
                0x000000000804b420                _ZN13DsCSendBuffer10WriteInt16EjPsj
                0x000000000804b490                _ZN13DsCSendBuffer11WriteUInt16EjPtj
                0x000000000804b500                _ZN13DsCSendBuffer9WriteInt8EjPcj
                0x000000000804b570                _ZN13DsCSendBuffer10WriteUInt8EjPhj
                0x000000000804b5e0                _ZN13DsCSendBuffer9WriteBoolEjPhj
                0x000000000804b650                _ZN13DsCSendBuffer5ResetEv
                0x000000000804b660                _ZN13DsCSendBuffer18SendIfBufferFilledEv
                0x000000000804b680                _ZN22DsCCommunicationBundle12OnReadAccessEv
                0x000000000804b790                _ZN22DsCCommunicationBundle11ReadFloat64EjPdjj
                0x000000000804b800                _ZN22DsCCommunicationBundle10ReadUInt32EjPjjj
                0x000000000804b870                _ZN22DsCCommunicationBundle10ReadUInt16EjPtjj
                0x000000000804b8e0                _ZN22DsCCommunicationBundle8ReadBoolEjPhjj
                0x000000000804b950                _ZN22DsCCommunicationBundle9ReadInt16EjPsjj
                0x000000000804b9c0                _ZN22DsCCommunicationBundle8ReadInt8EjPcjj
                0x000000000804ba30                _ZN22DsCCommunicationBundle9ReadUInt8EjPhjj
                0x000000000804baa0                _ZN22DsCCommunicationBundle11ReadFloat32EjPfjj
                0x000000000804bb10                _ZN22DsCCommunicationBundle9ReadInt32EjPijj
                0x000000000804bb80                _ZN22DsCCommunicationBundle5ResetEv
                0x000000000804bb90                _ZN22DsCCommunicationBundle25CreateCommunicationBundleENS_8ProtocolEj
                0x000000000804bc70                _ZN22DsCCommunicationBundleC1ENS_8ProtocolEj
                0x000000000804bc70                _ZN22DsCCommunicationBundleC2ENS_8ProtocolEj
                0x000000000804bd20                _ZN22DsCCommunicationBundle19CreateReceiveBufferER16DsCErrorListPooljjjPKcj
 *fill*         0x000000000804bd63        0xd 9090
 .text          0x000000000804bd70      0x1a4 STLA_MECHANICAL.a(STLA_MECHANICAL_dsrtmdlfcn.lo86)
                0x000000000804bd70                STLA_MECHANICAL_DSRTInitMdl
                0x000000000804bdc0                STLA_MECHANICAL_DSRTStartMdl
                0x000000000804be40                STLA_MECHANICAL_DSRTStopMdl
                0x000000000804be90                STLA_MECHANICAL_DSRTCheckForErrorStatus
                0x000000000804bed0                STLA_MECHANICAL_DSRTCheckForSimulationStopCondition
 *fill*         0x000000000804bf14        0xc 9090
 .text          0x000000000804bf20       0x15 STLA_MECHANICAL.a(STLA_MECHANICAL_dsrttf.lo86)
                0x000000000804bf20                STLA_MECHANICAL_DSRTMdlOutputs0
                0x000000000804bf30                STLA_MECHANICAL_DSRTMdlUpdate0
 *fill*         0x000000000804bf35        0xb 9090
 .text          0x000000000804bf40      0x6a5 STLA_MECHANICAL.a(STLA_MECHANICAL.lo86)
                0x000000000804bf40                STLA_MECHANICAL_output
                0x000000000804c460                STLA_MECHANICAL_update
                0x000000000804c480                STLA_MECHANICAL_initialize
                0x000000000804c5e0                STLA_MECHANICAL_terminate
 .text          0x000000000804c5e5        0x0 STLA_MECHANICAL.a(STLA_MECHANICAL_data.lo86)
 .text          0x000000000804c5e5       0x27 STLA_MECHANICAL.a(STLA_MECHANICAL_dsrtvdf.lo86)
                0x000000000804c605                STLA_MECHANICAL_rti_init_trc_pointers
 *fill*         0x000000000804c60c        0x4 9090
 .text          0x000000000804c610     0x405a Punch_mechanical_B_sample_v3_6_cal_v2_C_rtwlib.lib(Punch_mechanical_B_sample_v3_6_cal_v2_C.lo86)
                0x000000000804c8d0                Punch_mechanical_B_sample_v3_6_cal_v2_C_Init
                0x000000000804caf0                Punch_mechanical_B_sample_v3_6_cal_v2_C_Reset
                0x000000000804cc50                Punch_mechanical_B_sample_v3_6_cal_v2_C_Disable
                0x000000000804cd40                Punch_mechanical_B_sample_v3_6_cal_v2_C_Start
                0x000000000804d480                Punch_mechanical_B_sample_v3_6_cal_v2_C
                0x000000000804ffa0                Punch_mechanical_B_sample_v3_6_cal_v2_C_Update
                0x0000000008050590                Punch_mechanical_B_sample_v3_6_cal_v2_C_Term
                0x0000000008050610                Punch_mechanical_B_sample_v3_6_cal_v2_C_initialize
 .text          0x000000000805066a       0x63 Punch_mechanical_B_sample_v3_6_cal_v2_C_rtwlib.lib(Punch_mechanical_B_sample_v3_6_cal_v2_C_dsrtvdf.lo86)
                0x00000000080506c6                Punch_mechanical_B_sample_v3_6_cal_v2_C_rti_init_trc_pointers
 *fill*         0x00000000080506cd        0x3 9090
 .text          0x00000000080506d0       0xaa Punch_mechanical_B_sample_v3_6_cal_v2_C_rtwlib.lib(Punch_mechanical_B_sample_v3_6_cal_v2_C_9a4b384b_1_gateway.lo86)
                0x00000000080506d0                Punch_mechanical_B_sample_v3_6_cal_v2_C_9a4b384b_1_gateway
 *fill*         0x000000000805077a        0x6 9090
 .text          0x0000000008050780      0x3b0 Punch_mechanical_B_sample_v3_6_cal_v2_C_rtwlib.lib(Punch_mechanical_B_sample_v3_6_cal_v2_C_9a4b384b_1.lo86)
                0x0000000008050a60                Punch_mechanical_B_sample_v3_6_cal_v2_C_9a4b384b_1_dae
 .text          0x0000000008050b30     0x367d Punch_mechanical_B_sample_v3_6_cal_v2_C_rtwlib.lib(Punch_mechanical_B_sample_v3_6_cal_v2_C_9a4b384b_1_ds.lo86)
                0x0000000008052950                Punch_mechanical_B_sample_v3_6_cal_v2_C_9a4b384b_1_dae_ds
 *fill*         0x00000000080541ad        0x3 9090
 .text          0x00000000080541b0     0x1399 Punch_mechanical_B_sample_v3_6_cal_v2_C_rtwlib.lib(Punch_mechanical_B_sample_v3_6_cal_v2_C_9a4b384b_1_ds_cache_i.lo86)
                0x00000000080541b0                Punch_mechanical_B_sample_v3_6_cal_v2_C_9a4b384b_1_ds_cache_i
 *fill*         0x0000000008055549        0x7 9090
 .text          0x0000000008055550      0x20f Punch_mechanical_B_sample_v3_6_cal_v2_C_rtwlib.lib(Punch_mechanical_B_sample_v3_6_cal_v2_C_9a4b384b_1_ds_assert.lo86)
                0x0000000008055550                Punch_mechanical_B_sample_v3_6_cal_v2_C_9a4b384b_1_ds_assert
 *fill*         0x000000000805575f        0x1 9090
 .text          0x0000000008055760      0x295 Punch_mechanical_B_sample_v3_6_cal_v2_C_rtwlib.lib(Punch_mechanical_B_sample_v3_6_cal_v2_C_9a4b384b_1_ds_q1.lo86)
                0x0000000008055760                Punch_mechanical_B_sample_v3_6_cal_v2_C_9a4b384b_1_ds_q1
 *fill*         0x00000000080559f5        0xb 9090
 .text          0x0000000008055a00     0x1071 Punch_mechanical_B_sample_v3_6_cal_v2_C_rtwlib.lib(Punch_mechanical_B_sample_v3_6_cal_v2_C_9a4b384b_1_ds_dxf_p.lo86)
                0x0000000008055a00                Punch_mechanical_B_sample_v3_6_cal_v2_C_9a4b384b_1_ds_dxf_p
 *fill*         0x0000000008056a71        0xf 9090
 .text          0x0000000008056a80      0x959 Punch_mechanical_B_sample_v3_6_cal_v2_C_rtwlib.lib(Punch_mechanical_B_sample_v3_6_cal_v2_C_9a4b384b_1_ds_dxm_p.lo86)
                0x0000000008056a80                Punch_mechanical_B_sample_v3_6_cal_v2_C_9a4b384b_1_ds_dxm_p
 *fill*         0x00000000080573d9        0x7 9090
 .text          0x00000000080573e0      0x959 Punch_mechanical_B_sample_v3_6_cal_v2_C_rtwlib.lib(Punch_mechanical_B_sample_v3_6_cal_v2_C_9a4b384b_1_ds_dxdelt_p.lo86)
                0x00000000080573e0                Punch_mechanical_B_sample_v3_6_cal_v2_C_9a4b384b_1_ds_dxdelt_p
 *fill*         0x0000000008057d39        0x7 9090
 .text          0x0000000008057d40     0x5275 Punch_mechanical_B_sample_v3_6_cal_v2_C_rtwlib.lib(Punch_mechanical_B_sample_v3_6_cal_v2_C_9a4b384b_1_ds_f.lo86)
                0x0000000008057d40                Punch_mechanical_B_sample_v3_6_cal_v2_C_9a4b384b_1_ds_f
 *fill*         0x000000000805cfb5        0xb 9090
 .text          0x000000000805cfc0     0x4290 Punch_mechanical_B_sample_v3_6_cal_v2_C_rtwlib.lib(Punch_mechanical_B_sample_v3_6_cal_v2_C_9a4b384b_1_ds_update_i.lo86)
                0x000000000805cfc0                Punch_mechanical_B_sample_v3_6_cal_v2_C_9a4b384b_1_ds_update_i
 .text          0x0000000008061250     0x1d41 Punch_mechanical_B_sample_v3_6_cal_v2_C_rtwlib.lib(Punch_mechanical_B_sample_v3_6_cal_v2_C_9a4b384b_1_ds_qx_p.lo86)
                0x0000000008061250                Punch_mechanical_B_sample_v3_6_cal_v2_C_9a4b384b_1_ds_qx_p
 *fill*         0x0000000008062f91        0xf 9090
 .text          0x0000000008062fa0     0x621b Punch_mechanical_B_sample_v3_6_cal_v2_C_rtwlib.lib(Punch_mechanical_B_sample_v3_6_cal_v2_C_9a4b384b_1_ds_dxf.lo86)
                0x0000000008062fa0                Punch_mechanical_B_sample_v3_6_cal_v2_C_9a4b384b_1_ds_dxf
 *fill*         0x00000000080691bb        0x5 9090
 .text          0x00000000080691c0      0x1b6 Punch_mechanical_B_sample_v3_6_cal_v2_C_rtwlib.lib(Punch_mechanical_B_sample_v3_6_cal_v2_C_9a4b384b_1_ds_duf.lo86)
                0x00000000080691c0                Punch_mechanical_B_sample_v3_6_cal_v2_C_9a4b384b_1_ds_duf
 *fill*         0x0000000008069376        0xa 9090
 .text          0x0000000008069380     0x4791 Punch_mechanical_B_sample_v3_6_cal_v2_C_rtwlib.lib(Punch_mechanical_B_sample_v3_6_cal_v2_C_9a4b384b_1_ds_obs_act.lo86)
                0x0000000008069380                Punch_mechanical_B_sample_v3_6_cal_v2_C_9a4b384b_1_ds_obs_act
 *fill*         0x000000000806db11        0xf 9090
 .text          0x000000000806db20      0xdc0 Punch_mechanical_B_sample_v3_6_cal_v2_C_rtwlib.lib(Punch_mechanical_B_sample_v3_6_cal_v2_C_9a4b384b_1_ds_a.lo86)
                0x000000000806db20                Punch_mechanical_B_sample_v3_6_cal_v2_C_9a4b384b_1_ds_a
 .text          0x000000000806e8e0     0x2180 Punch_mechanical_B_sample_v3_6_cal_v2_C_rtwlib.lib(Punch_mechanical_B_sample_v3_6_cal_v2_C_9a4b384b_1_ds_obs_exp.lo86)
                0x000000000806e8e0                Punch_mechanical_B_sample_v3_6_cal_v2_C_9a4b384b_1_ds_obs_exp
 .text          0x0000000008070a60     0x1729 Punch_mechanical_B_sample_v3_6_cal_v2_C_rtwlib.lib(Punch_mechanical_B_sample_v3_6_cal_v2_C_9a4b384b_1_ds_a_p.lo86)
                0x0000000008070a60                Punch_mechanical_B_sample_v3_6_cal_v2_C_9a4b384b_1_ds_a_p
 *fill*         0x0000000008072189        0x7 9090
 .text          0x0000000008072190     0x20cf Punch_mechanical_B_sample_v3_6_cal_v2_C_rtwlib.lib(Punch_mechanical_B_sample_v3_6_cal_v2_C_9a4b384b_1_ds_tdxf_p.lo86)
                0x0000000008072190                Punch_mechanical_B_sample_v3_6_cal_v2_C_9a4b384b_1_ds_tdxf_p
 *fill*         0x000000000807425f        0x1 9090
 .text          0x0000000008074260     0x16b1 Punch_mechanical_B_sample_v3_6_cal_v2_C_rtwlib.lib(Punch_mechanical_B_sample_v3_6_cal_v2_C_9a4b384b_1_ds_qx.lo86)
                0x0000000008074260                Punch_mechanical_B_sample_v3_6_cal_v2_C_9a4b384b_1_ds_qx
 *fill*         0x0000000008075911        0xf 9090
 .text          0x0000000008075920      0x54a Punch_mechanical_B_sample_v3_6_cal_v2_C_rtwlib.lib(Punch_mechanical_B_sample_v3_6_cal_v2_C_9a4b384b_1_ds_vmf.lo86)
                0x0000000008075920                Punch_mechanical_B_sample_v3_6_cal_v2_C_9a4b384b_1_ds_vmf
 *fill*         0x0000000008075e6a        0x6 9090
 .text          0x0000000008075e70      0x54a Punch_mechanical_B_sample_v3_6_cal_v2_C_rtwlib.lib(Punch_mechanical_B_sample_v3_6_cal_v2_C_9a4b384b_1_ds_slf.lo86)
                0x0000000008075e70                Punch_mechanical_B_sample_v3_6_cal_v2_C_9a4b384b_1_ds_slf
 *fill*         0x00000000080763ba        0x6 9090
 .text          0x00000000080763c0      0x860 Punch_mechanical_B_sample_v3_6_cal_v2_C_rtwlib.lib(Punch_mechanical_B_sample_v3_6_cal_v2_C_9a4b384b_1_ds_ic.lo86)
                0x00000000080763c0                Punch_mechanical_B_sample_v3_6_cal_v2_C_9a4b384b_1_ds_ic
 .text          0x0000000008076c20      0x959 Punch_mechanical_B_sample_v3_6_cal_v2_C_rtwlib.lib(Punch_mechanical_B_sample_v3_6_cal_v2_C_9a4b384b_1_ds_dxicr_p.lo86)
                0x0000000008076c20                Punch_mechanical_B_sample_v3_6_cal_v2_C_9a4b384b_1_ds_dxicr_p
 *fill*         0x0000000008077579        0x7 9090
 .text          0x0000000008077580     0x4779 Punch_mechanical_B_sample_v3_6_cal_v2_C_rtwlib.lib(Punch_mechanical_B_sample_v3_6_cal_v2_C_9a4b384b_1_ds_log.lo86)
                0x0000000008077580                Punch_mechanical_B_sample_v3_6_cal_v2_C_9a4b384b_1_ds_log
 *fill*         0x000000000807bcf9        0x7 9090
 .text          0x000000000807bd00      0x379 Punch_mechanical_B_sample_v3_6_cal_v2_C_rtwlib.lib(Punch_mechanical_B_sample_v3_6_cal_v2_C_9a4b384b_1_ds_m.lo86)
                0x000000000807bd00                Punch_mechanical_B_sample_v3_6_cal_v2_C_9a4b384b_1_ds_m
 *fill*         0x000000000807c079        0x7 9090
 .text          0x000000000807c080      0xc75 Punch_mechanical_B_sample_v3_6_cal_v2_C_rtwlib.lib(Punch_mechanical_B_sample_v3_6_cal_v2_C_9a4b384b_1_ds_m_p.lo86)
                0x000000000807c080                Punch_mechanical_B_sample_v3_6_cal_v2_C_9a4b384b_1_ds_m_p
 *fill*         0x000000000807ccf5        0xb 9090
 .text          0x000000000807cd00      0x16d Punch_mechanical_B_sample_v3_6_cal_v2_C_rtwlib.lib(Punch_mechanical_B_sample_v3_6_cal_v2_C_9a4b384b_1_ds_vmm.lo86)
                0x000000000807cd00                Punch_mechanical_B_sample_v3_6_cal_v2_C_9a4b384b_1_ds_vmm
 *fill*         0x000000000807ce6d        0x3 9090
 .text          0x000000000807ce70     0x3d34 Punch_mechanical_B_sample_v3_6_cal_v2_C_rtwlib.lib(Punch_mechanical_B_sample_v3_6_cal_v2_C_9a4b384b_1_ds_mode.lo86)
                0x000000000807ce70                Punch_mechanical_B_sample_v3_6_cal_v2_C_9a4b384b_1_ds_mode
 *fill*         0x0000000008080ba4        0xc 9090
 .text          0x0000000008080bb0     0x51c2 Punch_mechanical_B_sample_v3_6_cal_v2_C_rtwlib.lib(Punch_mechanical_B_sample_v3_6_cal_v2_C_9a4b384b_1_ds_obs_all.lo86)
                0x0000000008080bb0                Punch_mechanical_B_sample_v3_6_cal_v2_C_9a4b384b_1_ds_obs_all
 *fill*         0x0000000008085d72        0xe 9090
 .text          0x0000000008085d80      0x31f Punch_mechanical_B_sample_v3_6_cal_v2_C_rtwlib.lib(Punch_mechanical_B_sample_v3_6_cal_v2_C_9a4b384b_1_ds_q1_p.lo86)
                0x0000000008085d80                Punch_mechanical_B_sample_v3_6_cal_v2_C_9a4b384b_1_ds_q1_p
 *fill*         0x000000000808609f        0x1 9090
 .text          0x00000000080860a0      0x799 Punch_mechanical_B_sample_v3_6_cal_v2_C_rtwlib.lib(Punch_mechanical_B_sample_v3_6_cal_v2_C_9a4b384b_1_ds_var_tol.lo86)
                0x00000000080860a0                Punch_mechanical_B_sample_v3_6_cal_v2_C_9a4b384b_1_ds_var_tol
 *fill*         0x0000000008086839        0x7 9090
 .text          0x0000000008086840      0x799 Punch_mechanical_B_sample_v3_6_cal_v2_C_rtwlib.lib(Punch_mechanical_B_sample_v3_6_cal_v2_C_9a4b384b_1_ds_eq_tol.lo86)
                0x0000000008086840                Punch_mechanical_B_sample_v3_6_cal_v2_C_9a4b384b_1_ds_eq_tol
 *fill*         0x0000000008086fd9        0x7 9090
 .text          0x0000000008086fe0      0x54a Punch_mechanical_B_sample_v3_6_cal_v2_C_rtwlib.lib(Punch_mechanical_B_sample_v3_6_cal_v2_C_9a4b384b_1_ds_lv.lo86)
                0x0000000008086fe0                Punch_mechanical_B_sample_v3_6_cal_v2_C_9a4b384b_1_ds_lv
 *fill*         0x000000000808752a        0x6 9090
 .text          0x0000000008087530      0x54a Punch_mechanical_B_sample_v3_6_cal_v2_C_rtwlib.lib(Punch_mechanical_B_sample_v3_6_cal_v2_C_9a4b384b_1_ds_slv.lo86)
                0x0000000008087530                Punch_mechanical_B_sample_v3_6_cal_v2_C_9a4b384b_1_ds_slv
 *fill*         0x0000000008087a7a        0x6 9090
 .text          0x0000000008087a80      0x804 Punch_mechanical_B_sample_v3_6_cal_v2_C_rtwlib.lib(Punch_mechanical_B_sample_v3_6_cal_v2_C_9a4b384b_1_ds_y.lo86)
                0x0000000008087a80                Punch_mechanical_B_sample_v3_6_cal_v2_C_9a4b384b_1_ds_y
 *fill*         0x0000000008088284        0xc 9090
 .text          0x0000000008088290      0x2d1 Punch_mechanical_B_sample_v3_6_cal_v2_C_rtwlib.lib(Punch_mechanical_B_sample_v3_6_cal_v2_C_9a4b384b_1_ds_dxy.lo86)
                0x0000000008088290                Punch_mechanical_B_sample_v3_6_cal_v2_C_9a4b384b_1_ds_dxy
 *fill*         0x0000000008088561        0xf 9090
 .text          0x0000000008088570      0xc2f Punch_mechanical_B_sample_v3_6_cal_v2_C_rtwlib.lib(Punch_mechanical_B_sample_v3_6_cal_v2_C_9a4b384b_1_ds_dxy_p.lo86)
                0x0000000008088570                Punch_mechanical_B_sample_v3_6_cal_v2_C_9a4b384b_1_ds_dxy_p
 *fill*         0x000000000808919f        0x1 9090
 .text          0x00000000080891a0      0x959 Punch_mechanical_B_sample_v3_6_cal_v2_C_rtwlib.lib(Punch_mechanical_B_sample_v3_6_cal_v2_C_9a4b384b_1_ds_mdxy_p.lo86)
                0x00000000080891a0                Punch_mechanical_B_sample_v3_6_cal_v2_C_9a4b384b_1_ds_mdxy_p
 *fill*         0x0000000008089af9        0x7 9090
 .text          0x0000000008089b00      0xc2f Punch_mechanical_B_sample_v3_6_cal_v2_C_rtwlib.lib(Punch_mechanical_B_sample_v3_6_cal_v2_C_9a4b384b_1_ds_tdxy_p.lo86)
                0x0000000008089b00                Punch_mechanical_B_sample_v3_6_cal_v2_C_9a4b384b_1_ds_tdxy_p
 *fill*         0x000000000808a72f        0x1 9090
 .text          0x000000000808a730     0x487f Punch_mechanical_B_sample_v3_6_cal_v2_C_rtwlib.lib(Punch_mechanical_B_sample_v3_6_cal_v2_C_9a4b384b_1_ds_zc.lo86)
                0x000000000808a730                Punch_mechanical_B_sample_v3_6_cal_v2_C_9a4b384b_1_ds_zc
 *fill*         0x000000000808efaf        0x1 9090
 .text          0x000000000808efb0       0xf6 rtwshared.lib(look1_pbinlcapw.lo86)
                0x000000000808efb0                look1_pbinlcapw
 *fill*         0x000000000808f0a6        0xa 9090
 .text          0x000000000808f0b0      0x20c rtwshared.lib(look2_pbinlcapw.lo86)
                0x000000000808f0b0                look2_pbinlcapw
 *fill*         0x000000000808f2bc        0x4 9090
 .text          0x000000000808f2c0      0x12e rtwshared.lib(rt_backsubrr_dbl.lo86)
                0x000000000808f2c0                rt_BackwardSubstitutionRR_Dbl
 *fill*         0x000000000808f3ee        0x2 9090
 .text          0x000000000808f3f0      0x13b rtwshared.lib(rt_forwardsubrr_dbl.lo86)
                0x000000000808f3f0                rt_ForwardSubstitutionRR_Dbl
 *fill*         0x000000000808f52b        0x5 9090
 .text          0x000000000808f530      0x1f5 rtwshared.lib(rt_lu_real.lo86)
                0x000000000808f530                rt_lu_real
 *fill*         0x000000000808f725        0xb 9090
 .text          0x000000000808f730       0xd3 rtwshared.lib(rt_nonfinite.lo86)
                0x000000000808f730                rt_InitInfAndNaN
                0x000000000808f7a0                rtIsInf
                0x000000000808f7d0                rtIsInfF
                0x000000000808f7f0                rtIsNaN
                0x000000000808f800                rtIsNaNF
 *fill*         0x000000000808f803        0xd 9090
 .text          0x000000000808f810       0x37 rtwshared.lib(rtGetInf.lo86)
                0x000000000808f810                rtGetInf
                0x000000000808f820                rtGetInfF
                0x000000000808f830                rtGetMinusInf
                0x000000000808f840                rtGetMinusInfF
 *fill*         0x000000000808f847        0x9 9090
 .text          0x000000000808f850       0x17 rtwshared.lib(rtGetNaN.lo86)
                0x000000000808f850                rtGetNaN
                0x000000000808f860                rtGetNaNF
 *fill*         0x000000000808f867        0x9 9090
 .text          0x000000000808f870       0x21 ssc_sli_r2017b_dsx86_32_2.a(ssc_sli_0bd269e6.lo86)
                0x000000000808f870                nesl_get_registry
 *fill*         0x000000000808f891        0xf 9090
 .text          0x000000000808f8a0      0x58a ssc_sli_r2017b_dsx86_32_2.a(ssc_sli_5a0cb974.lo86)
                0x000000000808fdc0                ssc_sli_2ICKAUc2rtXm87BR1bAFp_
 *fill*         0x000000000808fe2a        0x6 9090
 .text          0x000000000808fe30      0x286 ssc_sli_r2017b_dsx86_32_2.a(ssc_sli_c7dda239.lo86)
                0x000000000808fe30                ssc_sli_4pohl6e0FbXT6mM5_ujhR_
                0x000000000808fe40                ssc_sli_kb6QKbQTGQuW1rGAPnOSc1
                0x000000000808fe60                ssc_sli_q4ZL4wosX8E8rxBxqVhOS2
                0x000000000808ff20                ssc_sli_Yyyyv_FVc98oseOb4QC5s_
                0x000000000808ffb0                ssc_sli_DPTDo5lZ_ZdickCe_KKtq1
                0x0000000008090000                ssc_sli_fiJi3uM7OyMaTB_wGR7742
 *fill*         0x00000000080900b6        0xa 9090
 .text          0x00000000080900c0       0x99 ssc_sli_r2017b_dsx86_32_2.a(ssc_sli_fbdf29da.lo86)
                0x00000000080900c0                nesl_register_simulator_group
 *fill*         0x0000000008090159        0x7 9090
 .text          0x0000000008090160      0x796 ssc_sli_r2017b_dsx86_32_2.a(ssc_sli_fa0ce53e.lo86)
                0x00000000080903c0                ssc_sli_Rurh8U_aGE7kCb83oxHdd_
 *fill*         0x00000000080908f6        0xa 9090
 .text          0x0000000008090900       0x31 ssc_sli_r2017b_dsx86_32_2.a(ssc_sli_550a4805.lo86)
                0x0000000008090900                ssc_sli_sq4UViwbqBlOn8H31Xq1L2
                0x0000000008090910                ssc_sli_gFKP6pUbMSJAvH4pOgOLr0
 *fill*         0x0000000008090931        0xf 9090
 .text          0x0000000008090940     0x25f5 ssc_sli_r2017b_dsx86_32_2.a(ssc_sli_89d0f30a.lo86)
                0x0000000008092440                ssc_sli__3HpsuD4tEkysyRqYOVuN2
 *fill*         0x0000000008092f35        0xb 9090
 .text          0x0000000008092f40      0x17f ssc_sli_r2017b_dsx86_32_2.a(ssc_sli_9c030181.lo86)
                0x0000000008092fc0                ssc_sli_E8RSLrfHgkqgx4wfXO6642
 *fill*         0x00000000080930bf        0x1 9090
 .text          0x00000000080930c0       0x51 ssc_sli_r2017b_dsx86_32_2.a(ssc_sli_dcd66f69.lo86)
                0x00000000080930c0                ssc_sli_uVz2_8dEWPK_VhOuU1W_61
 *fill*         0x0000000008093111        0xf 9090
 .text          0x0000000008093120      0x5a9 ssc_sli_r2017b_dsx86_32_2.a(ssc_sli_eb0a5702.lo86)
                0x0000000008093120                ssc_sli_sHgG6i7aCvAP6u9uurhOT2
                0x0000000008093660                ssc_sli_buT8J3b8CZdWR5__10pAc0
 *fill*         0x00000000080936c9        0x7 9090
 .text          0x00000000080936d0      0x185 ssc_sli_r2017b_dsx86_32_2.a(ssc_sli_0763c151.lo86)
                0x00000000080937e0                ssc_sli_V7p69pHXW4rgivU3cJW5B2
 *fill*         0x0000000008093855        0xb 9090
 .text          0x0000000008093860      0x378 ssc_sli_r2017b_dsx86_32_2.a(ssc_sli_360cfd63.lo86)
                0x0000000008093ae0                ssc_sli_c8_UTMsLTHfyr5CjubrN51
 *fill*         0x0000000008093bd8        0x8 9090
 .text          0x0000000008093be0       0x8d ssc_sli_r2017b_dsx86_32_2.a(ssc_sli_43618287.lo86)
                0x0000000008093c30                ssc_sli_EB3M9tXZx509ANBJLEnDY0
 *fill*         0x0000000008093c6d        0x3 9090
 .text          0x0000000008093c70      0x5e4 ssc_sli_r2017b_dsx86_32_2.a(ssc_sli_466b08dd.lo86)
                0x0000000008093fa0                ssc_sli_pFxqqiId48ny9EvEamQrt1
 *fill*         0x0000000008094254        0xc 9090
 .text          0x0000000008094260      0xbe0 ssc_sli_r2017b_dsx86_32_2.a(ssc_sli_4e028390.lo86)
                0x0000000008094930                ssc_sli_t1mz1m4tkH_gEly9HfvtD_
 .text          0x0000000008094e40      0x6eb ssc_sli_r2017b_dsx86_32_2.a(ssc_sli_51dbd3b5.lo86)
                0x00000000080954b0                ssc_sli_2x_QtpMTlSMJAjr57lVrn1
                0x00000000080954f0                ssc_sli_ye694KsHY_9o40PF9hQgK1
 .text          0x000000000809552b        0x0 ssc_sli_r2017b_dsx86_32_2.a(ssc_sli_62d81790.lo86)
 *fill*         0x000000000809552b        0x5 9090
 .text          0x0000000008095530      0x247 ssc_sli_r2017b_dsx86_32_2.a(ssc_sli_77063d8b.lo86)
                0x00000000080955d0                ssc_sli_C6J30L4RPDHSYMVHsit8f2
 *fill*         0x0000000008095777        0x9 9090
 .text          0x0000000008095780      0x1e2 ssc_sli_r2017b_dsx86_32_2.a(ssc_sli_7a618260.lo86)
                0x00000000080958e0                ssc_sli_oOi2yMLNCrDwFx73MCtXx0
 *fill*         0x0000000008095962        0xe 9090
 .text          0x0000000008095970      0x5a0 ssc_sli_r2017b_dsx86_32_2.a(ssc_sli_7f630b0f.lo86)
                0x0000000008095c60                ssc_sli_jJ8u_rhn_sDwC_Zjeutny_
 .text          0x0000000008095f10      0x336 ssc_sli_r2017b_dsx86_32_2.a(ssc_sli_8a64c4e2.lo86)
                0x0000000008096170                ssc_sli_gSpjnXrXH0lEZ69cTLftW_
 *fill*         0x0000000008096246        0xa 9090
 .text          0x0000000008096250      0x271 ssc_core_r2017b_dsx86_32_2.a(ssc_core_05058dd9.lo86)
                0x0000000008096250                ne_dae_create
 *fill*         0x00000000080964c1        0xf 9090
 .text          0x00000000080964d0       0x91 ssc_core_r2017b_dsx86_32_2.a(ssc_core_1c6b0332.lo86)
                0x00000000080964d0                ssc_core_dRWp9JbibX_UMin4k570c2
                0x00000000080964e0                ssc_core_LhAARrcW_BZ5uJQX4PVan0
                0x0000000008096510                ssc_core_yVTkMg4qQje1n6xjR3qhB1
                0x0000000008096540                ssc_core_LVQvYF25W9LKQ2akKjewr2
 *fill*         0x0000000008096561        0xf 9090
 .text          0x0000000008096570      0xced ssc_core_r2017b_dsx86_32_2.a(ssc_core_2568b075.lo86)
                0x0000000008097220                neu_create_diagnostic_tree_printer
 *fill*         0x000000000809725d        0x3 9090
 .text          0x0000000008097260      0x1b7 ssc_core_r2017b_dsx86_32_2.a(ssc_core_360a4baf.lo86)
                0x0000000008097310                ssc_core__PyfTe0_4mfaADZpzds3p_
 *fill*         0x0000000008097417        0x9 9090
 .text          0x0000000008097420       0x50 ssc_core_r2017b_dsx86_32_2.a(ssc_core_4965213d.lo86)
                0x0000000008097420                ssc_core_uGpjxUnuZoGTn3A2UEAnr1
                0x0000000008097430                ssc_core_BmcZfnah8TT3gDeIhSzt8_
                0x0000000008097440                ssc_core_YEzfn1J8w7BuxrSNeK2Ps2
                0x0000000008097450                ssc_core_YY9DJzPlh7Ys_RY9yOhZP1
                0x0000000008097460                ssc_core_TqsXlXk3ucCm_drC9Du9l2
 .text          0x0000000008097470     0x5c16 ssc_core_r2017b_dsx86_32_2.a(ssc_core_67d1f118.lo86)
                0x000000000809bc50                ssc_core_eXAQ36tHqky1NKtnqYAID0
                0x000000000809bc80                ssc_core_2ck4gAPWwcjZmJeLgOk742
 *fill*         0x000000000809d086        0xa 9090
 .text          0x000000000809d090      0x166 ssc_core_r2017b_dsx86_32_2.a(ssc_core_6b6b89d2.lo86)
                0x000000000809d090                ssc_core_TliJB7XydE72SBNNVAEtu1
 *fill*         0x000000000809d1f6        0xa 9090
 .text          0x000000000809d200      0x101 ssc_core_r2017b_dsx86_32_2.a(ssc_core_6dd833f3.lo86)
                0x000000000809d200                ssc_core_elG0Z6m31zdm6FxOcNTzA2
 *fill*         0x000000000809d301        0xf 9090
 .text          0x000000000809d310      0x5ba ssc_core_r2017b_dsx86_32_2.a(ssc_core_8569edc5.lo86)
                0x000000000809d6b0                ssc_core_5C0xhLOoRC3fJgi4RTlPT0
 *fill*         0x000000000809d8ca        0x6 9090
 .text          0x000000000809d8d0      0xcb1 ssc_core_r2017b_dsx86_32_2.a(ssc_core_8a6471dc.lo86)
                0x000000000809e010                ssc_core_J3Ao_kQl749J_gAaotgXj1
                0x000000000809e360                ssc_core_XL1l34fMXFir6F19y1M0I2
 *fill*         0x000000000809e581        0xf 9090
 .text          0x000000000809e590      0x8f5 ssc_core_r2017b_dsx86_32_2.a(ssc_core_97d767fe.lo86)
                0x000000000809eb40                neu_create_diagnostic_manager
                0x000000000809ec40                ssc_core_ngsKQfybc3dXXgWu3kMDK_
                0x000000000809ec70                ssc_core_IKSN8QHwicUJYTLVFP7Ia0
                0x000000000809eca0                ssc_core_7iomSuWDwroANLyLpFWrN_
                0x000000000809ecd0                ssc_core_D4HdOXDY4msISsxzAoWjV_
                0x000000000809edb0                ssc_core_1C51fYR3zpbOEkQ1RRAIQ0
 *fill*         0x000000000809ee85        0xb 9090
 .text          0x000000000809ee90       0xc4 ssc_core_r2017b_dsx86_32_2.a(ssc_core_a4d4c45e.lo86)
                0x000000000809ee90                ssc_core_cFMkGB7h_L63UXdmos2Ip2
 *fill*         0x000000000809ef54        0xc 9090
 .text          0x000000000809ef60     0x1da5 ssc_core_r2017b_dsx86_32_2.a(ssc_core_abd5e7b4.lo86)
                0x000000000809fd90                ssc_core_UwsNphqb6KAoBdO6EsIW22
                0x000000000809fdf0                ssc_core_lC87bxvqqA2YcLjum2V6F0
 *fill*         0x00000000080a0d05        0xb 9090
 .text          0x00000000080a0d10      0xa2f ssc_core_r2017b_dsx86_32_2.a(ssc_core_acb64294.lo86)
                0x00000000080a0d10                ssc_core_Rw3BkFzG8gnY9kEHCmowX0
 *fill*         0x00000000080a173f        0x1 9090
 .text          0x00000000080a1740      0x539 ssc_core_r2017b_dsx86_32_2.a(ssc_core_acb6462e.lo86)
                0x00000000080a19f0                ssc_core_rQuTqmilQ6n8XJr5DJcYk_
 *fill*         0x00000000080a1c79        0x7 9090
 .text          0x00000000080a1c80       0xc6 ssc_core_r2017b_dsx86_32_2.a(ssc_core_b1038cbb.lo86)
                0x00000000080a1c80                ssc_core_TPvw9_TNPmPodt127xmJ4_
                0x00000000080a1ce0                ssc_core_iIxgs0hqqLm0qm_pJCX6y1
                0x00000000080a1d40                ssc_core_Ck0wX_rJ_iktUtP5JT98A2
 *fill*         0x00000000080a1d46        0xa 9090
 .text          0x00000000080a1d50      0x1f2 ssc_core_r2017b_dsx86_32_2.a(ssc_core_b10e34f4.lo86)
                0x00000000080a1d50                ssc_core_upzasIKI73T5H12GhcJKO_
                0x00000000080a1dd0                ssc_core_Bf6HdQWxCVqHVEtYe__F2_
                0x00000000080a1e50                ssc_core_MzhO1QYLYIub_iE0Lh69Y_
                0x00000000080a1ed0                ssc_core_kSO9pLYpaKWggY19SNw322
 *fill*         0x00000000080a1f42        0xe 9090
 .text          0x00000000080a1f50     0x8104 ssc_core_r2017b_dsx86_32_2.a(ssc_core_b2b3b239.lo86)
                0x00000000080a7f00                ssc_core_qQM68xQyJ_RcWKVcqW9sD_
                0x00000000080a8140                ssc_core_vSY5w86KE4mlbRi2_97sE0
                0x00000000080a88a0                ssc_core_dbrEvcqKNUSn1WX_d_SnU_
 *fill*         0x00000000080aa054        0xc 9090
 .text          0x00000000080aa060       0x7c ssc_core_r2017b_dsx86_32_2.a(ssc_core_b402b40d.lo86)
                0x00000000080aa060                ssc_core_gk2YzOMNaO1L10iL2MTWo_
 *fill*         0x00000000080aa0dc        0x4 9090
 .text          0x00000000080aa0e0      0x209 ssc_core_r2017b_dsx86_32_2.a(ssc_core_bb0b2992.lo86)
                0x00000000080aa0e0                ssc_core_adZYJyhnmlQ1TPOWbUmYi0
                0x00000000080aa0f0                ssc_core_LoQn0uLUE6zUi3fsB1sK30
                0x00000000080aa100                ssc_core_i7iQCl1Adxj10R2tia2wP1
                0x00000000080aa120                ssc_core__6H0tw9QLljpzOsy0qpQr1
                0x00000000080aa160                ssc_core_gVy5pHnfANfvKZbIAsefs0
 *fill*         0x00000000080aa2e9        0x7 9090
 .text          0x00000000080aa2f0      0x1dd ssc_core_r2017b_dsx86_32_2.a(ssc_core_c3003040.lo86)
                0x00000000080aa3c0                ssc_core_wglk5bklrG2pvHB9b5jui0
                0x00000000080aa410                ssc_core_nahQuflEVft3jG6R2nPsv_
 *fill*         0x00000000080aa4cd        0x3 9090
 .text          0x00000000080aa4d0      0x292 ssc_core_r2017b_dsx86_32_2.a(ssc_core_c5b63cb2.lo86)
                0x00000000080aa4d0                ssc_core_umtzGYFtjuHkNtzcoD4qX0
                0x00000000080aa4f0                ssc_core_BBCtUOPmIaGxuGJNUc5N92
                0x00000000080aa540                ssc_core_NOTmCu_46oVHaFNXLGESF2
                0x00000000080aa590                ssc_core_RRA1wZLLXZ5Tlm7pg0CL8_
 *fill*         0x00000000080aa762        0xe 9090
 .text          0x00000000080aa770      0x712 ssc_core_r2017b_dsx86_32_2.a(ssc_core_c607b660.lo86)
                0x00000000080aa9b0                ssc_core_sm_3M_JEK3Vj6_N2PRYR5_